Archive member included to satisfy reference by file (symbol)

c:/program files (x86)/gnu tools arm embedded/5.4 2016q3/bin/../lib/gcc/arm-none-eabi/5.4.1/../../../../arm-none-eabi/lib/armv7-m\libc.a(lib_a-exit.o)
                              c:/program files (x86)/gnu tools arm embedded/5.4 2016q3/bin/../lib/gcc/arm-none-eabi/5.4.1/../../../../arm-none-eabi/lib/armv7-m/crt0.o (exit)
c:/program files (x86)/gnu tools arm embedded/5.4 2016q3/bin/../lib/gcc/arm-none-eabi/5.4.1/../../../../arm-none-eabi/lib/armv7-m\libc.a(lib_a-impure.o)
                              c:/program files (x86)/gnu tools arm embedded/5.4 2016q3/bin/../lib/gcc/arm-none-eabi/5.4.1/../../../../arm-none-eabi/lib/armv7-m\libc.a(lib_a-exit.o) (_global_impure_ptr)
c:/program files (x86)/gnu tools arm embedded/5.4 2016q3/bin/../lib/gcc/arm-none-eabi/5.4.1/../../../../arm-none-eabi/lib/armv7-m\libc.a(lib_a-init.o)
                              c:/program files (x86)/gnu tools arm embedded/5.4 2016q3/bin/../lib/gcc/arm-none-eabi/5.4.1/../../../../arm-none-eabi/lib/armv7-m/crt0.o (__libc_init_array)
c:/program files (x86)/gnu tools arm embedded/5.4 2016q3/bin/../lib/gcc/arm-none-eabi/5.4.1/../../../../arm-none-eabi/lib/armv7-m\libc.a(lib_a-memset.o)
                              c:/program files (x86)/gnu tools arm embedded/5.4 2016q3/bin/../lib/gcc/arm-none-eabi/5.4.1/../../../../arm-none-eabi/lib/armv7-m/crt0.o (memset)
c:/program files (x86)/gnu tools arm embedded/5.4 2016q3/bin/../lib/gcc/arm-none-eabi/5.4.1/../../../../arm-none-eabi/lib/armv7-m\libc.a(lib_a-__call_atexit.o)
                              c:/program files (x86)/gnu tools arm embedded/5.4 2016q3/bin/../lib/gcc/arm-none-eabi/5.4.1/../../../../arm-none-eabi/lib/armv7-m\libc.a(lib_a-exit.o) (__call_exitprocs)
c:/program files (x86)/gnu tools arm embedded/5.4 2016q3/bin/../lib/gcc/arm-none-eabi/5.4.1/../../../../arm-none-eabi/lib/armv7-m\libc.a(lib_a-atexit.o)
                              c:/program files (x86)/gnu tools arm embedded/5.4 2016q3/bin/../lib/gcc/arm-none-eabi/5.4.1/../../../../arm-none-eabi/lib/armv7-m\libc.a(lib_a-__call_atexit.o) (atexit)
c:/program files (x86)/gnu tools arm embedded/5.4 2016q3/bin/../lib/gcc/arm-none-eabi/5.4.1/../../../../arm-none-eabi/lib/armv7-m\libc.a(lib_a-fini.o)
                              c:/program files (x86)/gnu tools arm embedded/5.4 2016q3/bin/../lib/gcc/arm-none-eabi/5.4.1/../../../../arm-none-eabi/lib/armv7-m\libc.a(lib_a-__call_atexit.o) (__libc_fini_array)
c:/program files (x86)/gnu tools arm embedded/5.4 2016q3/bin/../lib/gcc/arm-none-eabi/5.4.1/../../../../arm-none-eabi/lib/armv7-m\libc.a(lib_a-__atexit.o)
                              c:/program files (x86)/gnu tools arm embedded/5.4 2016q3/bin/../lib/gcc/arm-none-eabi/5.4.1/../../../../arm-none-eabi/lib/armv7-m\libc.a(lib_a-atexit.o) (__register_exitproc)
c:/program files (x86)/gnu tools arm embedded/5.4 2016q3/bin/../lib/gcc/arm-none-eabi/5.4.1/armv7-m\libgcc.a(_arm_addsubdf3.o)
                              ..\obj\instance.o (__aeabi_dsub)
c:/program files (x86)/gnu tools arm embedded/5.4 2016q3/bin/../lib/gcc/arm-none-eabi/5.4.1/armv7-m\libgcc.a(_arm_muldivdf3.o)
                              ..\obj\deca_range_tables.o (__aeabi_dmul)
c:/program files (x86)/gnu tools arm embedded/5.4 2016q3/bin/../lib/gcc/arm-none-eabi/5.4.1/armv7-m\libgcc.a(_arm_cmpdf2.o)
                              ..\obj\instance_common.o (__aeabi_dcmplt)
c:/program files (x86)/gnu tools arm embedded/5.4 2016q3/bin/../lib/gcc/arm-none-eabi/5.4.1/armv7-m\libgcc.a(_arm_fixdfsi.o)
                              ..\obj\deca_range_tables.o (__aeabi_d2iz)
c:/program files (x86)/gnu tools arm embedded/5.4 2016q3/bin/../lib/gcc/arm-none-eabi/5.4.1/armv7-m\libgcc.a(_arm_fixunsdfsi.o)
                              ..\obj\instance_common.o (__aeabi_d2uiz)
c:/program files (x86)/gnu tools arm embedded/5.4 2016q3/bin/../lib/gcc/arm-none-eabi/5.4.1/armv7-m\libgcc.a(_arm_truncdfsf2.o)
                              ..\obj\instance_common.o (__aeabi_d2f)
c:/program files (x86)/gnu tools arm embedded/5.4 2016q3/bin/../lib/gcc/arm-none-eabi/5.4.1/armv7-m\libgcc.a(_arm_addsubsf3.o)
                              ..\obj\deca_range_tables.o (__aeabi_i2f)
c:/program files (x86)/gnu tools arm embedded/5.4 2016q3/bin/../lib/gcc/arm-none-eabi/5.4.1/armv7-m\libgcc.a(_fixdfdi.o)
                              ..\obj\instance.o (__aeabi_d2lz)
c:/program files (x86)/gnu tools arm embedded/5.4 2016q3/bin/../lib/gcc/arm-none-eabi/5.4.1/armv7-m\libgcc.a(_fixunsdfdi.o)
                              ..\obj\instance_common.o (__aeabi_d2ulz)
c:/program files (x86)/gnu tools arm embedded/5.4 2016q3/bin/../lib/gcc/arm-none-eabi/5.4.1/../../../../arm-none-eabi/lib/armv7-m\libc.a(lib_a-clock.o)
                              ..\obj\unistd.o (clock)
c:/program files (x86)/gnu tools arm embedded/5.4 2016q3/bin/../lib/gcc/arm-none-eabi/5.4.1/../../../../arm-none-eabi/lib/armv7-m\libc.a(lib_a-memcmp.o)
[...]
Memory Configuration

Name             Origin             Length             Attributes
FLASH            0x08000000         0x00040000         xr
RAM              0x20000000         0x00010000         xrw
MEMORY_B1        0x60000000         0x00000000         xr
*default*        0x00000000         0xffffffff

Linker script and memory map

LOAD c:/program files (x86)/gnu tools arm embedded/5.4 2016q3/bin/../lib/gcc/arm-none-eabi/5.4.1/armv7-m/crti.o
LOAD c:/program files (x86)/gnu tools arm embedded/5.4 2016q3/bin/../lib/gcc/arm-none-eabi/5.4.1/armv7-m/crtbegin.o
LOAD c:/program files (x86)/gnu tools arm embedded/5.4 2016q3/bin/../lib/gcc/arm-none-eabi/5.4.1/../../../../arm-none-eabi/lib/armv7-m/crt0.o
                0x20010000                _estack = 0x20010000
                0x00000400                _Min_Heap_Size = 0x400
                0x00000400                _Min_Stack_Size = 0x400

.isr_vector     0x08000000      0x13c
                0x08000000                . = ALIGN (0x4)
 *(.isr_vector)
 .isr_vector    0x08000000      0x13c ..\obj\startup_stm32l1xx_xl.o
                0x08000000                g_pfnVectors
                0x0800013c                . = ALIGN (0x4)

.text           0x08000140     0xecd4
                0x08000140                . = ALIGN (0x4)
 *(.text)
 .text          0x08000140       0x5c c:/program files (x86)/gnu tools arm embedded/5.4 2016q3/bin/../lib/gcc/arm-none-eabi/5.4.1/armv7-m/crtbegin.o
 .text          0x0800019c      0x370 c:/program files (x86)/gnu tools arm embedded/5.4 2016q3/bin/../lib/gcc/arm-none-eabi/5.4.1/armv7-m\libgcc.a(_arm_addsubdf3.o)
                0x0800019c                __aeabi_drsub
                0x080001a4                __aeabi_dsub
                0x080001a4                __subdf3
                0x080001a8                __aeabi_dadd
                0x080001a8                __adddf3
                0x08000420                __floatunsidf
                0x08000420                __aeabi_ui2d
                0x08000440                __floatsidf
                0x08000440                __aeabi_i2d
                0x08000464                __aeabi_f2d
                0x08000464                __extendsfdf2
                0x080004a0                __floatundidf
                0x080004a0                __aeabi_ul2d
                0x080004b0                __floatdidf
                0x080004b0                __aeabi_l2d
 .text          0x0800050c      0x424 c:/program files (x86)/gnu tools arm embedded/5.4 2016q3/bin/../lib/gcc/arm-none-eabi/5.4.1/armv7-m\libgcc.a(_arm_muldivdf3.o)
                0x0800050c                __aeabi_dmul
                0x0800050c                __muldf3
                0x08000760                __divdf3
                0x08000760                __aeabi_ddiv
 .text          0x08000930      0x110 c:/program files (x86)/gnu tools arm embedded/5.4 2016q3/bin/../lib/gcc/arm-none-eabi/5.4.1/armv7-m\libgcc.a(_arm_cmpdf2.o)
                0x08000930                __gtdf2
                0x08000930                __gedf2
                0x08000938                __ltdf2
                0x08000938                __ledf2
                0x08000940                __nedf2
                0x08000940                __eqdf2
                0x08000940                __cmpdf2
                0x080009bc                __aeabi_cdrcmple
                0x080009cc                __aeabi_cdcmpeq
                0x080009cc                __aeabi_cdcmple
                0x080009dc                __aeabi_dcmpeq
                0x080009f0                __aeabi_dcmplt
                0x08000a04                __aeabi_dcmple
                0x08000a18                __aeabi_dcmpge
                0x08000a2c                __aeabi_dcmpgt
 .text          0x08000a40       0x50 c:/program files (x86)/gnu tools arm embedded/5.4 2016q3/bin/../lib/gcc/arm-none-eabi/5.4.1/armv7-m\libgcc.a(_arm_fixdfsi.o)
                0x08000a40                __aeabi_d2iz
                0x08000a40                __fixdfsi
 .text          0x08000a90       0x40 c:/program files (x86)/gnu tools arm embedded/5.4 2016q3/bin/../lib/gcc/arm-none-eabi/5.4.1/armv7-m\libgcc.a(_arm_fixunsdfsi.o)
                0x08000a90                __aeabi_d2uiz
                0x08000a90                __fixunsdfsi
 .text          0x08000ad0       0xa0 c:/program files (x86)/gnu tools arm embedded/5.4 2016q3/bin/../lib/gcc/arm-none-eabi/5.4.1/armv7-m\libgcc.a(_arm_truncdfsf2.o)
                0x08000ad0                __truncdfsf2
                0x08000ad0                __aeabi_d2f
 .text          0x08000b70      0x21c c:/program files (x86)/gnu tools arm embedded/5.4 2016q3/bin/../lib/gcc/arm-none-eabi/5.4.1/armv7-m\libgcc.a(_arm_addsubsf3.o)
                0x08000b70                __aeabi_frsub
                0x08000b78                __subsf3
                0x08000b78                __aeabi_fsub
                0x08000b7c                __aeabi_fadd
                0x08000b7c                __addsf3
                0x08000cdc                __aeabi_ui2f
                0x08000cdc                __floatunsisf
                0x08000ce4                __aeabi_i2f
                0x08000ce4                __floatsisf
                0x08000d00                __aeabi_ul2f
                0x08000d00                __floatundisf
                0x08000d10                __aeabi_l2f
                0x08000d10                __floatdisf
 .text          0x08000d8c       0x30 c:/program files (x86)/gnu tools arm embedded/5.4 2016q3/bin/../lib/gcc/arm-none-eabi/5.4.1/armv7-m\libgcc.a(_fixdfdi.o)
                0x08000d8c                __fixdfdi
                0x08000d8c                __aeabi_d2lz
 .text          0x08000dbc       0x48 c:/program files (x86)/gnu tools arm embedded/5.4 2016q3/bin/../lib/gcc/arm-none-eabi/5.4.1/armv7-m\libgcc.a(_fixunsdfdi.o)
                0x08000dbc                __fixunsdfdi
                0x08000dbc                __aeabi_d2ulz
 .text          0x08000e04       0xec c:/program files (x86)/gnu tools arm embedded/5.4 2016q3/bin/../lib/gcc/arm-none-eabi/5.4.1/../../../../arm-none-eabi/lib/armv7-m\libc.a(lib_a-memcpy.o)
                0x08000e04                memcpy
 .text          0x08000ef0       0x2c c:/program files (x86)/gnu tools arm embedded/5.4 2016q3/bin/../lib/gcc/arm-none-eabi/5.4.1/armv7-m\libgcc.a(_arm_unorddf2.o)
                0x08000ef0                __unorddf2
                0x08000ef0                __aeabi_dcmpun
 .text          0x08000f1c       0x30 c:/program files (x86)/gnu tools arm embedded/5.4 2016q3/bin/../lib/gcc/arm-none-eabi/5.4.1/armv7-m\libgcc.a(_aeabi_uldivmod.o)
                0x08000f1c                __aeabi_uldivmod
 .text          0x08000f4c      0x2ec c:/program files (x86)/gnu tools arm embedded/5.4 2016q3/bin/../lib/gcc/arm-none-eabi/5.4.1/armv7-m\libgcc.a(_udivmoddi4.o)
                0x08000f4c                __udivmoddi4
 .text          0x08001238        0x4 c:/program files (x86)/gnu tools arm embedded/5.4 2016q3/bin/../lib/gcc/arm-none-eabi/5.4.1/armv7-m\libgcc.a(_dvmd_tls.o)
                0x08001238                __aeabi_idiv0
                0x08001238                __aeabi_ldiv0
 *(.text*)
 .text.memset   0x0800123c       0x9c c:/program files (x86)/gnu tools arm embedded/5.4 2016q3/bin/../lib/gcc/arm-none-eabi/5.4.1/../../../../arm-none-eabi/lib/armv7-m\libc.a(lib_a-memset.o)
                0x0800123c                memset
 .text.startup.register_fini
                0x080012d8       0x14 c:/program files (x86)/gnu tools arm embedded/5.4 2016q3/bin/../lib/gcc/arm-none-eabi/5.4.1/../../../../arm-none-eabi/lib/armv7-m\libc.a(lib_a-__call_atexit.o)
 .text.atexit   0x080012ec        0xc c:/program files (x86)/gnu tools arm embedded/5.4 2016q3/bin/../lib/gcc/arm-none-eabi/5.4.1/../../../../arm-none-eabi/lib/armv7-m\libc.a(lib_a-atexit.o)
                0x080012ec                atexit
 .text.__libc_fini_array
                0x080012f8       0x28 c:/program files (x86)/gnu tools arm embedded/5.4 2016q3/bin/../lib/gcc/arm-none-eabi/5.4.1/../../../../arm-none-eabi/lib/armv7-m\libc.a(lib_a-fini.o)
                0x080012f8                __libc_fini_array
 .text.__register_exitproc
                0x08001320       0xa4 c:/program files (x86)/gnu tools arm embedded/5.4 2016q3/bin/../lib/gcc/arm-none-eabi/5.4.1/../../../../arm-none-eabi/lib/armv7-m\libc.a(lib_a-__atexit.o)
                0x08001320                __register_exitproc
 .text.SYSCFG_EXTILineConfig
                0x080013c4       0x84 ..\obj\stm32l1xx_syscfg.o
                0x080013c4                SYSCFG_EXTILineConfig
 .text.EXTI_Init
                0x08001448       0xe4 ..\obj\stm32l1xx_exti.o
                0x08001448                EXTI_Init
 .text.EXTI_ClearITPendingBit
                0x0800152c       0x1c ..\obj\stm32l1xx_exti.o
                0x0800152c                EXTI_ClearITPendingBit
 .text.FLASH_SetLatency
                0x08001548       0x38 ..\obj\stm32l1xx_flash.o
                0x08001548                FLASH_SetLatency
 .text.FLASH_PrefetchBufferCmd
                0x08001580       0x38 ..\obj\stm32l1xx_flash.o
                0x08001580                FLASH_PrefetchBufferCmd
 .text.USBD_USR_DeviceDescriptor
                0x080015b8       0x24 ..\obj\usbd_desc.o
                0x080015b8                USBD_USR_DeviceDescriptor
 .text.USBD_USR_LangIDStrDescriptor
                0x080015dc       0x24 ..\obj\usbd_desc.o
                0x080015dc                USBD_USR_LangIDStrDescriptor
 .text.USBD_USR_ProductStrDescriptor
                0x08001600       0x40 ..\obj\usbd_desc.o
                0x08001600                USBD_USR_ProductStrDescriptor
 .text.USBD_USR_ManufacturerStrDescriptor
                0x08001640       0x28 ..\obj\usbd_desc.o
                0x08001640                USBD_USR_ManufacturerStrDescriptor
 .text.USBD_USR_SerialStrDescriptor
                0x08001668       0x40 ..\obj\usbd_desc.o
                0x08001668                USBD_USR_SerialStrDescriptor
 .text.USBD_USR_ConfigStrDescriptor
                0x080016a8       0x3c ..\obj\usbd_desc.o
                0x080016a8                USBD_USR_ConfigStrDescriptor
 .text.USBD_USR_InterfaceStrDescriptor
                0x080016e4       0x3c ..\obj\usbd_desc.o
                0x080016e4                USBD_USR_InterfaceStrDescriptor
 .text.dwt_getrangebias
                0x08001720      0x18c ..\obj\deca_range_tables.o
                0x08001720                dwt_getrangebias
 .text.USBD_CtlSendData
                0x080018ac       0x40 ..\obj\usbd_ioreq.o
                0x080018ac                USBD_CtlSendData
 .text.USBD_CtlPrepareRx
                0x080018ec       0x40 ..\obj\usbd_ioreq.o
                0x080018ec                USBD_CtlPrepareRx
 .text.usbd_cdc_Init
                0x0800192c       0x6c ..\obj\usbd_cdc_core.o
 .text.usbd_cdc_DeInit
                0x08001998       0x38 ..\obj\usbd_cdc_core.o
 .text.usbd_cdc_Setup
                0x080019d0      0x128 ..\obj\usbd_cdc_core.o
 .text.usbd_cdc_EP0_RxReady
                0x08001af8       0x40 ..\obj\usbd_cdc_core.o
 .text.usbd_cdc_DataIn
                0x08001b38       0xa8 ..\obj\usbd_cdc_core.o
 .text.usbd_cdc_DataOut
                0x08001be0       0x4c ..\obj\usbd_cdc_core.o
 .text.usbd_cdc_SOF
                0x08001c2c       0x30 ..\obj\usbd_cdc_core.o
 .text.Handle_USBAsynchXfer
                0x08001c5c       0xe0 ..\obj\usbd_cdc_core.o
 .text.USBD_cdc_GetCfgDesc
                0x08001d3c       0x24 ..\obj\usbd_cdc_core.o
 .text.writetospi_serial
                0x08001d60       0x74 ..\obj\deca_spi.o
                0x08001d60                writetospi_serial
 .text.readfromspi_serial
                0x08001dd4       0x78 ..\obj\deca_spi.o
                0x08001dd4                readfromspi_serial
 .text.writetoLCD
                0x08001e4c       0xdc ..\obj\deca_spi.o
                0x08001e4c                writetoLCD
 .text.instanceconfigframeheader
                0x08001f28       0x44 ..\obj\instance.o
                0x08001f28                instanceconfigframeheader
 .text.setupmacframedata
                0x08001f6c       0x24 ..\obj\instance.o
                0x08001f6c                setupmacframedata
 .text.instancerxon
                0x08001f90       0x48 ..\obj\instance.o
                0x08001f90                instancerxon
 .text.instancesendpacket
                0x08001fd8       0x4c ..\obj\instance.o
                0x08001fd8                instancesendpacket
 .text.testapprun_s
                0x08002024     0x103c ..\obj\instance.o
                0x08002024                testapprun_s
 .text.instance_init_s
                0x08003060       0x88 ..\obj\instance.o
                0x08003060                instance_init_s
 .text.instance_init_timings
                0x080030e8      0x374 ..\obj\instance.o
                0x080030e8                instance_init_timings
 .text.instance_get_addr
                0x0800345c      0x1bc ..\obj\instance.o
                0x0800345c                instance_get_addr
 .text.instance_get_tagaddr
                0x08003618      0x1bc ..\obj\instance.o
                0x08003618                instance_get_tagaddr
 .text.instance_get_anchaddr
                0x080037d4      0x1bc ..\obj\instance.o
                0x080037d4                instance_get_anchaddr
 .text.RCC_DeInit
                0x08003990       0x5c ..\obj\stm32l1xx_rcc.o
                0x08003990                RCC_DeInit
 .text.RCC_HSEConfig
                0x080039ec       0x24 ..\obj\stm32l1xx_rcc.o
                0x080039ec                RCC_HSEConfig
 .text.RCC_WaitForHSEStartUp
                0x08003a10       0x50 ..\obj\stm32l1xx_rcc.o
                0x08003a10                RCC_WaitForHSEStartUp
 .text.RCC_PLLConfig
                0x08003a60       0x34 ..\obj\stm32l1xx_rcc.o
                0x08003a60                RCC_PLLConfig
 .text.RCC_PLLCmd
                0x08003a94       0x20 ..\obj\stm32l1xx_rcc.o
                0x08003a94                RCC_PLLCmd
 .text.RCC_SYSCLKConfig
                0x08003ab4       0x38 ..\obj\stm32l1xx_rcc.o
                0x08003ab4                RCC_SYSCLKConfig
 .text.RCC_GetSYSCLKSource
                0x08003aec       0x1c ..\obj\stm32l1xx_rcc.o
                0x08003aec                RCC_GetSYSCLKSource
 .text.RCC_HCLKConfig
                0x08003b08       0x38 ..\obj\stm32l1xx_rcc.o
                0x08003b08                RCC_HCLKConfig
 .text.RCC_PCLK1Config
                0x08003b40       0x38 ..\obj\stm32l1xx_rcc.o
                0x08003b40                RCC_PCLK1Config
 .text.RCC_PCLK2Config
                0x08003b78       0x38 ..\obj\stm32l1xx_rcc.o
                0x08003b78                RCC_PCLK2Config
 .text.RCC_GetClocksFreq
                0x08003bb0      0x1b4 ..\obj\stm32l1xx_rcc.o
                0x08003bb0                RCC_GetClocksFreq
 .text.RCC_AHBPeriphClockCmd
                0x08003d64       0x3c ..\obj\stm32l1xx_rcc.o
                0x08003d64                RCC_AHBPeriphClockCmd
 .text.RCC_APB2PeriphClockCmd
                0x08003da0       0x3c ..\obj\stm32l1xx_rcc.o
                0x08003da0                RCC_APB2PeriphClockCmd
 .text.RCC_APB1PeriphClockCmd
                0x08003ddc       0x3c ..\obj\stm32l1xx_rcc.o
                0x08003ddc                RCC_APB1PeriphClockCmd
 .text.RCC_APB2PeriphResetCmd
                0x08003e18       0x3c ..\obj\stm32l1xx_rcc.o
                0x08003e18                RCC_APB2PeriphResetCmd
 .text.RCC_APB1PeriphResetCmd
                0x08003e54       0x3c ..\obj\stm32l1xx_rcc.o
                0x08003e54                RCC_APB1PeriphResetCmd
 .text.RCC_GetFlagStatus
                0x08003e90       0x64 ..\obj\stm32l1xx_rcc.o
                0x08003e90                RCC_GetFlagStatus
 .text.NVIC_EnableIRQ
                0x08003ef4       0x30 ..\obj\deca_mutex.o
 .text.NVIC_DisableIRQ
                0x08003f24       0x34 ..\obj\deca_mutex.o
 .text.decamutexon
                0x08003f58       0x28 ..\obj\deca_mutex.o
                0x08003f58                decamutexon
 .text.decamutexoff
                0x08003f80       0x1c ..\obj\deca_mutex.o
                0x08003f80                decamutexoff
 .text.ADC_CommonInit
                0x08003f9c       0x38 ..\obj\stm32l1xx_adc.o
                0x08003f9c                ADC_CommonInit
 .text.NVIC_SetPriority
                0x08003fd4       0x54 ..\obj\port.o
 .text.SysTick_Config
                0x08004028       0x44 ..\obj\port.o
 .text.No_Configuration
                0x0800406c       0x10 ..\obj\port.o
                0x0800406c                No_Configuration
 .text.portGetTickCnt
                0x0800407c       0x14 ..\obj\port.o
                0x0800407c                portGetTickCnt
 .text.SysTick_Configuration
                0x08004090       0x38 ..\obj\port.o
                0x08004090                SysTick_Configuration
 .text.NVIC_DisableDECAIRQ
                0x080040c8       0x28 ..\obj\port.o
                0x080040c8                NVIC_DisableDECAIRQ
 .text.NVIC_Configuration
                0x080040f0       0x6c ..\obj\port.o
                0x080040f0                NVIC_Configuration
 .text.EXTI_GetITEnStatus
                0x0800415c       0x3c ..\obj\port.o
                0x0800415c                EXTI_GetITEnStatus
 .text.RCC_Configuration
                0x08004198       0xb0 ..\obj\port.o
                0x08004198                RCC_Configuration
 .text.USART_Configuration
                0x08004248       0x10 ..\obj\port.o
                0x08004248                USART_Configuration
 .text.SPI_ConfigFastRate
                0x08004258       0x58 ..\obj\port.o
                0x08004258                SPI_ConfigFastRate
 .text.SPI_Configuration
                0x080042b0       0xac ..\obj\port.o
                0x080042b0                SPI_Configuration
 .text.SPI2_Configuration
                0x0800435c       0xe4 ..\obj\port.o
                0x0800435c                SPI2_Configuration
 .text.GPIO_Configuration
                0x08004440       0xc0 ..\obj\port.o
                0x08004440                GPIO_Configuration
 .text.reset_DW1000
                0x08004500       0x50 ..\obj\port.o
                0x08004500                reset_DW1000
 .text.setup_DW1000RSTnIRQ
                0x08004550       0xa8 ..\obj\port.o
                0x08004550                setup_DW1000RSTnIRQ
 .text.is_button_low
                0x080045f8       0x30 ..\obj\port.o
                0x080045f8                is_button_low
 .text.is_switch_on
                0x08004628       0x30 ..\obj\port.o
                0x08004628                is_switch_on
 .text.led_off  0x08004658       0x74 ..\obj\port.o
                0x08004658                led_off
 .text.led_on   0x080046cc       0x74 ..\obj\port.o
                0x080046cc                led_on
 .text.peripherals_init
                0x08004740       0x24 ..\obj\port.o
                0x08004740                peripherals_init
 .text.spi_peripheral_init
                0x08004764       0x28 ..\obj\port.o
                0x08004764                spi_peripheral_init
 .text.dwt_initialise
                0x0800478c      0x20c ..\obj\deca_device.o
                0x0800478c                dwt_initialise
 .text.dwt_getldotune
                0x08004998       0x14 ..\obj\deca_device.o
                0x08004998                dwt_getldotune
 .text.dwt_getpartid
                0x080049ac       0x14 ..\obj\deca_device.o
                0x080049ac                dwt_getpartid
 .text.dwt_getlotid
                0x080049c0       0x14 ..\obj\deca_device.o
                0x080049c0                dwt_getlotid
 .text.dwt_readdevid
                0x080049d4       0x14 ..\obj\deca_device.o
                0x080049d4                dwt_readdevid
 .text.dwt_configuretxrf
                0x080049e8       0x2c ..\obj\deca_device.o
                0x080049e8                dwt_configuretxrf
 .text.dwt_getotptxpower
                0x08004a14       0x3c ..\obj\deca_device.o
                0x08004a14                dwt_getotptxpower
 .text.dwt_configure
                0x08004a50      0x33c ..\obj\deca_device.o
                0x08004a50                dwt_configure
 .text.dwt_setrxantennadelay
                0x08004d8c       0x2c ..\obj\deca_device.o
                0x08004d8c                dwt_setrxantennadelay
 .text.dwt_settxantennadelay
                0x08004db8       0x2c ..\obj\deca_device.o
                0x08004db8                dwt_settxantennadelay
 .text.dwt_readantennadelay
                0x08004de4       0x28 ..\obj\deca_device.o
                0x08004de4                dwt_readantennadelay
 .text.dwt_writetxdata
                0x08004e0c       0x20 ..\obj\deca_device.o
                0x08004e0c                dwt_writetxdata
 .text.dwt_writetxfctrl
                0x08004e2c       0x1c ..\obj\deca_device.o
                0x08004e2c                dwt_writetxfctrl
 .text.dwt_readrxdata
                0x08004e48       0x14 ..\obj\deca_device.o
                0x08004e48                dwt_readrxdata
 .text.dwt_readtxtimestamp
                0x08004e5c        0xc ..\obj\deca_device.o
                0x08004e5c                dwt_readtxtimestamp
 .text.dwt_readrxtimestamp
                0x08004e68        0xc ..\obj\deca_device.o
                0x08004e68                dwt_readrxtimestamp
 .text.dwt_writetodevice
                0x08004e74       0x58 ..\obj\deca_device.o
                0x08004e74                dwt_writetodevice
 .text.dwt_readfromdevice
                0x08004ecc       0x54 ..\obj\deca_device.o
                0x08004ecc                dwt_readfromdevice
 .text.dwt_read32bitoffsetreg
                0x08004f20       0x44 ..\obj\deca_device.o
                0x08004f20                dwt_read32bitoffsetreg
 .text.dwt_read16bitoffsetreg
                0x08004f64       0x30 ..\obj\deca_device.o
                0x08004f64                dwt_read16bitoffsetreg
 .text.dwt_write16bitoffsetreg
                0x08004f94       0x20 ..\obj\deca_device.o
                0x08004f94                dwt_write16bitoffsetreg
 .text.dwt_write32bitoffsetreg
                0x08004fb4       0x30 ..\obj\deca_device.o
                0x08004fb4                dwt_write32bitoffsetreg
 .text.dwt_enableframefilter
                0x08004fe4       0x40 ..\obj\deca_device.o
                0x08004fe4                dwt_enableframefilter
 .text.dwt_setpanid
                0x08005024        0xc ..\obj\deca_device.o
                0x08005024                dwt_setpanid
 .text.dwt_seteui
                0x08005030        0xc ..\obj\deca_device.o
                0x08005030                dwt_seteui
 .text.dwt_geteui
                0x0800503c        0xc ..\obj\deca_device.o
                0x0800503c                dwt_geteui
 .text._dwt_otpread
                0x08005048       0x4c ..\obj\deca_device.o
                0x08005048                _dwt_otpread
 .text._dwt_aonarrayupload
                0x08005094       0x30 ..\obj\deca_device.o
                0x08005094                _dwt_aonarrayupload
 .text.dwt_entersleep
                0x080050c4        0x4 ..\obj\deca_device.o
                0x080050c4                dwt_entersleep
 .text.dwt_configuresleep
                0x080050c8       0x24 ..\obj\deca_device.o
                0x080050c8                dwt_configuresleep
 .text.dwt_entersleepaftertx
                0x080050ec       0x30 ..\obj\deca_device.o
                0x080050ec                dwt_entersleepaftertx
 .text._dwt_configlde
                0x0800511c       0x40 ..\obj\deca_device.o
                0x0800511c                _dwt_configlde
 .text._dwt_loaducodefromrom
                0x0800515c       0x3c ..\obj\deca_device.o
                0x0800515c                _dwt_loaducodefromrom
 .text.dwt_loadopsettabfromotp
                0x08005198       0x38 ..\obj\deca_device.o
                0x08005198                dwt_loadopsettabfromotp
 .text.dwt_setrxaftertxdelay
                0x080051d0       0x24 ..\obj\deca_device.o
                0x080051d0                dwt_setrxaftertxdelay
 .text.dwt_setcallbacks
                0x080051f4        0xc ..\obj\deca_device.o
                0x080051f4                dwt_setcallbacks
 .text.dwt_isr  0x08005200      0x2b0 ..\obj\deca_device.o
                0x08005200                dwt_isr
 .text.dwt_setleds
                0x080054b0       0xc4 ..\obj\deca_device.o
                0x080054b0                dwt_setleds
 .text._dwt_enableclocks
                0x08005574       0xe4 ..\obj\deca_device.o
                0x08005574                _dwt_enableclocks
 .text._dwt_disablesequencing
                0x08005658       0x18 ..\obj\deca_device.o
                0x08005658                _dwt_disablesequencing
 .text.dwt_setdelayedtrxtime
                0x08005670        0xc ..\obj\deca_device.o
                0x08005670                dwt_setdelayedtrxtime
 .text.dwt_starttx
                0x0800567c       0xa8 ..\obj\deca_device.o
                0x0800567c                dwt_starttx
 .text.dwt_checkoverrun
                0x08005724       0x10 ..\obj\deca_device.o
                0x08005724                dwt_checkoverrun
 .text.dwt_forcetrxoff
                0x08005734       0x64 ..\obj\deca_device.o
                0x08005734                dwt_forcetrxoff
 .text.dwt_syncrxbufptrs
                0x08005798       0x34 ..\obj\deca_device.o
                0x08005798                dwt_syncrxbufptrs
 .text.dwt_rxenable
                0x080057cc       0x68 ..\obj\deca_device.o
                0x080057cc                dwt_rxenable
 .text.dwt_setrxtimeout
                0x08005834       0x64 ..\obj\deca_device.o
                0x08005834                dwt_setrxtimeout
 .text.dwt_setinterrupt
                0x08005898       0x34 ..\obj\deca_device.o
                0x08005898                dwt_setinterrupt
 .text.dwt_configeventcounters
                0x080058cc       0x34 ..\obj\deca_device.o
                0x080058cc                dwt_configeventcounters
 .text.dwt_rxreset
                0x08005900       0x30 ..\obj\deca_device.o
                0x08005900                dwt_rxreset
 .text.dwt_softreset
                0x08005930       0x7c ..\obj\deca_device.o
                0x08005930                dwt_softreset
 .text.dwt_xtaltrim
                0x080059ac       0x38 ..\obj\deca_device.o
                0x080059ac                dwt_xtaltrim
 .text.NMI_Handler
                0x080059e4        0xc ..\obj\stm32l1xx_it.o
                0x080059e4                NMI_Handler
 .text.pop_registers_from_fault_stack
                0x080059f0       0x3c ..\obj\stm32l1xx_it.o
                0x080059f0                pop_registers_from_fault_stack
 .text.HardFault_Handler
                0x08005a2c       0x20 ..\obj\stm32l1xx_it.o
                0x08005a2c                HardFault_Handler
 .text.MemManage_Handler
                0x08005a4c        0x8 ..\obj\stm32l1xx_it.o
                0x08005a4c                MemManage_Handler
 .text.BusFault_Handler
                0x08005a54        0x8 ..\obj\stm32l1xx_it.o
                0x08005a54                BusFault_Handler
 .text.UsageFault_Handler
                0x08005a5c        0x8 ..\obj\stm32l1xx_it.o
                0x08005a5c                UsageFault_Handler
 .text.SVC_Handler
                0x08005a64        0xc ..\obj\stm32l1xx_it.o
                0x08005a64                SVC_Handler
 .text.DebugMon_Handler
                0x08005a70        0xc ..\obj\stm32l1xx_it.o
                0x08005a70                DebugMon_Handler
 .text.PendSV_Handler
                0x08005a7c        0xc ..\obj\stm32l1xx_it.o
                0x08005a7c                PendSV_Handler
 .text.SysTick_Handler
                0x08005a88       0x1c ..\obj\stm32l1xx_it.o
                0x08005a88                SysTick_Handler
 .text.EXTI15_10_IRQHandler
                0x08005aa4       0x10 ..\obj\stm32l1xx_it.o
                0x08005aa4                EXTI15_10_IRQHandler
 .text.EXTI0_IRQHandler
                0x08005ab4       0x14 ..\obj\stm32l1xx_it.o
                0x08005ab4                EXTI0_IRQHandler
 .text.EXTI3_IRQHandler
                0x08005ac8       0x14 ..\obj\stm32l1xx_it.o
                0x08005ac8                EXTI3_IRQHandler
 .text.EXTI9_5_IRQHandler
                0x08005adc       0x14 ..\obj\stm32l1xx_it.o
                0x08005adc                EXTI9_5_IRQHandler
 .text.USBD_CtlError
                0x08005af0       0x28 ..\obj\usbd_req.o
                0x08005af0                USBD_CtlError
 .text.USBD_GetString
                0x08005b18       0x88 ..\obj\usbd_req.o
                0x08005b18                USBD_GetString
 .text.USBD_GetLen
                0x08005ba0       0x30 ..\obj\usbd_req.o
 .text.SystemInit
                0x08005bd0       0x68 ..\obj\system_stm32l1xx.o
                0x08005bd0                SystemInit
 .text.SetSysClock
                0x08005c38      0x120 ..\obj\system_stm32l1xx.o
 .text.NVIC_EnableIRQ
                0x08005d58       0x30 ..\obj\deca_usb.o
 .text.NVIC_DisableIRQ
                0x08005d88       0x34 ..\obj\deca_usb.o
 .text.DW_VCP_Init
                0x08005dbc       0x10 ..\obj\deca_usb.o
                0x08005dbc                DW_VCP_Init
 .text.DW_VCP_DeInit
                0x08005dcc       0x10 ..\obj\deca_usb.o
                0x08005dcc                DW_VCP_DeInit
 .text.DW_VCP_Ctrl
                0x08005ddc       0x18 ..\obj\deca_usb.o
                0x08005ddc                DW_VCP_Ctrl
 .text.DW_VCP_DataTx
                0x08005df4       0x74 ..\obj\deca_usb.o
                0x08005df4                DW_VCP_DataTx
 .text.DW_VCP_DataRx
                0x08005e68      0x168 ..\obj\deca_usb.o
                0x08005e68                DW_VCP_DataRx
 .text.configSPIspeed
                0x08005fd0       0x38 ..\obj\deca_usb.o
                0x08005fd0                configSPIspeed
 .text.process_usbmessage
                0x08006008      0x344 ..\obj\deca_usb.o
                0x08006008                process_usbmessage
 .text.send_usbmessage
                0x0800634c       0x40 ..\obj\deca_usb.o
                0x0800634c                send_usbmessage
 .text.usb_printconfig
                0x0800638c       0x2c ..\obj\deca_usb.o
                0x0800638c                usb_printconfig
 .text.usb_init
                0x080063b8       0x8c ..\obj\deca_usb.o
                0x080063b8                usb_init
 .text.usb_run  0x08006444       0x90 ..\obj\deca_usb.o
                0x08006444                usb_run
 *fill*         0x080064d4        0x4 
 .text.convertmicrosectodevicetimeu
                0x080064d8       0x60 ..\obj\instance_common.o
                0x080064d8                convertmicrosectodevicetimeu
 .text.convertdevicetimetosec
                0x08006538       0x48 ..\obj\instance_common.o
                0x08006538                convertdevicetimetosec
 .text.reportTOF
                0x08006580      0x2b8 ..\obj\instance_common.o
                0x08006580                reportTOF
 .text.instaddtagtolist
                0x08006838       0x9c ..\obj\instance_common.o
                0x08006838                instaddtagtolist
 .text.instcleartaglist
                0x080068d4       0x7c ..\obj\instance_common.o
                0x080068d4                instcleartaglist
 .text.instancesetrole
                0x08006950       0x20 ..\obj\instance_common.o
                0x08006950                instancesetrole
 .text.instancenewrange
                0x08006970       0x28 ..\obj\instance_common.o
                0x08006970                instancenewrange
 .text.instancenewrangeancadd
                0x08006998       0x18 ..\obj\instance_common.o
                0x08006998                instancenewrangeancadd
 .text.instancenewrangetagadd
                0x080069b0       0x18 ..\obj\instance_common.o
                0x080069b0                instancenewrangetagadd
 .text.instanceanchorwaiting
                0x080069c8       0x18 ..\obj\instance_common.o
                0x080069c8                instanceanchorwaiting
 .text.instancesleeping
                0x080069e0       0x28 ..\obj\instance_common.o
                0x080069e0                instancesleeping
 .text.instanceclearcounts
                0x08006a08      0x158 ..\obj\instance_common.o
                0x08006a08                instanceclearcounts
 .text.instance_init
                0x08006b60      0x190 ..\obj\instance_common.o
                0x08006b60                instance_init
 .text.instancereaddeviceid
                0x08006cf0       0x10 ..\obj\instance_common.o
                0x08006cf0                instancereaddeviceid
 .text.instance_config
                0x08006d00      0x35c ..\obj\instance_common.o
                0x08006d00                instance_config
 .text.instancesettagsleepdelay
                0x0800705c       0x44 ..\obj\instance_common.o
                0x0800705c                instancesettagsleepdelay
 .text.instance_get_lcount
                0x080070a0       0x20 ..\obj\instance_common.o
                0x080070a0                instance_get_lcount
 .text.instance_get_idist
                0x080070c0       0x24 ..\obj\instance_common.o
                0x080070c0                instance_get_idist
 .text.instance_get_idistraw
                0x080070e4       0x24 ..\obj\instance_common.o
                0x080070e4                instance_get_idistraw
 .text.instance_get_adist
                0x08007108       0x24 ..\obj\instance_common.o
                0x08007108                instance_get_adist
 .text.inst_processrxtimeout
                0x0800712c       0x78 ..\obj\instance_common.o
                0x0800712c                inst_processrxtimeout
 .text.instance_txcallback
                0x080071a4      0x164 ..\obj\instance_common.o
                0x080071a4                instance_txcallback
 .text.instance_rxcallback
                0x08007308      0x4f8 ..\obj\instance_common.o
                0x08007308                instance_rxcallback
 .text.instance_peekevent
                0x08007800       0x4c ..\obj\instance_common.o
                0x08007800                instance_peekevent
 .text.instance_putevent
                0x0800784c       0xfc ..\obj\instance_common.o
                0x0800784c                instance_putevent
 .text.instance_getevent
                0x08007948      0x228 ..\obj\instance_common.o
                0x08007948                instance_getevent
 .text.instance_clearevents
                0x08007b70       0x94 ..\obj\instance_common.o
                0x08007b70                instance_clearevents
 .text.instance_setapprun
                0x08007c04       0x24 ..\obj\instance_common.o
                0x08007c04                instance_setapprun
 .text.instance_run
                0x08007c28      0x208 ..\obj\instance_common.o
                0x08007c28                instance_run
 .text.instance_notify_DW1000_inIDLE
                0x08007e30       0x20 ..\obj\instance_common.o
                0x08007e30                instance_notify_DW1000_inIDLE
 .text.instanceconfigantennadelays
                0x08007e50       0x34 ..\obj\instance_common.o
                0x08007e50                instanceconfigantennadelays
 .text.instancesetantennadelays
                0x08007e84       0x34 ..\obj\instance_common.o
                0x08007e84                instancesetantennadelays
 .text.instancetxantdly
                0x08007eb8       0x14 ..\obj\instance_common.o
                0x08007eb8                instancetxantdly
 .text.instancerxantdly
                0x08007ecc       0x14 ..\obj\instance_common.o
                0x08007ecc                instancerxantdly
 .text.USB_OTG_EnableCommonInt
                0x08007ee0       0x44 ..\obj\usb_core.o
 .text.USB_OTG_CoreReset
                0x08007f24       0x90 ..\obj\usb_core.o
 .text.USB_OTG_WritePacket
                0x08007fb4       0x74 ..\obj\usb_core.o
                0x08007fb4                USB_OTG_WritePacket
 .text.USB_OTG_SelectCore
                0x08008028      0x174 ..\obj\usb_core.o
                0x08008028                USB_OTG_SelectCore
 .text.USB_OTG_CoreInit
                0x0800819c      0x134 ..\obj\usb_core.o
                0x0800819c                USB_OTG_CoreInit
 .text.USB_OTG_EnableGlobalInt
                0x080082d0       0x34 ..\obj\usb_core.o
                0x080082d0                USB_OTG_EnableGlobalInt
 .text.USB_OTG_DisableGlobalInt
                0x08008304       0x38 ..\obj\usb_core.o
                0x08008304                USB_OTG_DisableGlobalInt
 .text.USB_OTG_FlushTxFifo
                0x0800833c       0x74 ..\obj\usb_core.o
                0x0800833c                USB_OTG_FlushTxFifo
 .text.USB_OTG_FlushRxFifo
                0x080083b0       0x60 ..\obj\usb_core.o
                0x080083b0                USB_OTG_FlushRxFifo
 .text.USB_OTG_SetCurrentMode
                0x08008410       0x60 ..\obj\usb_core.o
                0x08008410                USB_OTG_SetCurrentMode
 .text.USB_OTG_InitDevSpeed
                0x08008470       0x38 ..\obj\usb_core.o
                0x08008470                USB_OTG_InitDevSpeed
 .text.USB_OTG_CoreInitDev
                0x080084a8      0x264 ..\obj\usb_core.o
                0x080084a8                USB_OTG_CoreInitDev
 .text.USB_OTG_EnableDevInt
                0x0800870c       0xa8 ..\obj\usb_core.o
                0x0800870c                USB_OTG_EnableDevInt
 .text.USB_OTG_EPActivate
                0x080087b4       0xdc ..\obj\usb_core.o
                0x080087b4                USB_OTG_EPActivate
 .text.USB_OTG_EPDeactivate
                0x08008890       0x88 ..\obj\usb_core.o
                0x08008890                USB_OTG_EPDeactivate
 .text.USB_OTG_EPStartXfer
                0x08008918      0x280 ..\obj\usb_core.o
                0x08008918                USB_OTG_EPStartXfer
 .text.USB_OTG_EP0StartXfer
                0x08008b98      0x1d4 ..\obj\usb_core.o
                0x08008b98                USB_OTG_EP0StartXfer
 .text.USB_OTG_EPSetStall
                0x08008d6c       0x84 ..\obj\usb_core.o
                0x08008d6c                USB_OTG_EPSetStall
 .text.USB_OTG_EP0_OutStart
                0x08008df0       0x70 ..\obj\usb_core.o
                0x08008df0                USB_OTG_EP0_OutStart
 .text.Reset_Handler
                0x08008e60       0x44 ..\obj\startup_stm32l1xx_xl.o
                0x08008e60                Reset_Handler
 .text.Default_Handler
                0x08008ea4        0x2 ..\obj\startup_stm32l1xx_xl.o
                0x08008ea4                RTC_Alarm_IRQHandler
                0x08008ea4                EXTI2_IRQHandler
                0x08008ea4                COMP_ACQ_IRQHandler
                0x08008ea4                TIM10_IRQHandler
                0x08008ea4                USB_HP_IRQHandler
                0x08008ea4                TIM6_IRQHandler
                0x08008ea4                PVD_IRQHandler
                0x08008ea4                I2C2_EV_IRQHandler
                0x08008ea4                SPI1_IRQHandler
                0x08008ea4                USB_FS_WKUP_IRQHandler
                0x08008ea4                DMA2_Channel2_IRQHandler
                0x08008ea4                DMA1_Channel4_IRQHandler
                0x08008ea4                ADC1_IRQHandler
                0x08008ea4                USART3_IRQHandler
                0x08008ea4                DMA1_Channel7_IRQHandler
                0x08008ea4                LCD_IRQHandler
                0x08008ea4                UART5_IRQHandler
                0x08008ea4                TIM4_IRQHandler
                0x08008ea4                DMA2_Channel1_IRQHandler
                0x08008ea4                I2C1_EV_IRQHandler
                0x08008ea4                DMA1_Channel6_IRQHandler
                0x08008ea4                UART4_IRQHandler
                0x08008ea4                DMA2_Channel4_IRQHandler
                0x08008ea4                TIM3_IRQHandler
                0x08008ea4                RCC_IRQHandler
                0x08008ea4                DMA1_Channel1_IRQHandler
                0x08008ea4                Default_Handler
                0x08008ea4                TIM7_IRQHandler
                0x08008ea4                TIM5_IRQHandler
                0x08008ea4                TIM9_IRQHandler
                0x08008ea4                TAMPER_STAMP_IRQHandler
                0x08008ea4                RTC_WKUP_IRQHandler
                0x08008ea4                SPI2_IRQHandler
                0x08008ea4                DMA2_Channel5_IRQHandler
                0x08008ea4                DMA1_Channel5_IRQHandler
                0x08008ea4                USB_LP_IRQHandler
                0x08008ea4                EXTI4_IRQHandler
                0x08008ea4                DMA1_Channel3_IRQHandler
                0x08008ea4                COMP_IRQHandler
                0x08008ea4                WWDG_IRQHandler
                0x08008ea4                TIM2_IRQHandler
                0x08008ea4                DAC_IRQHandler
                0x08008ea4                EXTI1_IRQHandler
                0x08008ea4                AES_IRQHandler
                0x08008ea4                TIM11_IRQHandler
                0x08008ea4                USART2_IRQHandler
                0x08008ea4                I2C2_ER_IRQHandler
                0x08008ea4                DMA1_Channel2_IRQHandler
                0x08008ea4                FLASH_IRQHandler
                0x08008ea4                USART1_IRQHandler
                0x08008ea4                SPI3_IRQHandler
                0x08008ea4                I2C1_ER_IRQHandler
                0x08008ea4                DMA2_Channel3_IRQHandler
 *fill*         0x08008ea6        0x2 
 .text.NVIC_EnableIRQ
                0x08008ea8       0x30 ..\obj\main.o
 .text.NVIC_DisableIRQ
                0x08008ed8       0x34 ..\obj\main.o
 .text.decarangingmode
                0x08008f0c       0x48 ..\obj\main.o
                0x08008f0c                decarangingmode
 .text.inittestapplication
                0x08008f54      0x1b4 ..\obj\main.o
                0x08008f54                inittestapplication
 .text.process_dwRSTn_irq
                0x08009108       0x10 ..\obj\main.o
                0x08009108                process_dwRSTn_irq
 .text.process_deca_irq
                0x08009118       0x20 ..\obj\main.o
                0x08009118                process_deca_irq
 .text.initLCD  0x08009138       0x68 ..\obj\main.o
                0x08009138                initLCD
 .text.test_application_run
                0x080091a0      0x210 ..\obj\main.o
                0x080091a0                test_application_run
 .text.setLCDline1
                0x080093b0       0x6c ..\obj\main.o
                0x080093b0                setLCDline1
 .text.main     0x0800941c      0x814 ..\obj\main.o
                0x0800941c                main
 .text.USB_OTG_BSP_Init
                0x08009c30       0x6c ..\obj\deca_usb_bsp_evk1000.o
                0x08009c30                USB_OTG_BSP_Init
 .text.USB_OTG_BSP_EnableInterrupt
                0x08009c9c       0x34 ..\obj\deca_usb_bsp_evk1000.o
                0x08009c9c                USB_OTG_BSP_EnableInterrupt
 .text.USB_OTG_BSP_uDelay
                0x08009cd0       0x48 ..\obj\deca_usb_bsp_evk1000.o
                0x08009cd0                USB_OTG_BSP_uDelay
 .text.USB_OTG_BSP_mDelay
                0x08009d18       0x20 ..\obj\deca_usb_bsp_evk1000.o
                0x08009d18                USB_OTG_BSP_mDelay
 .text._write   0x08009d38       0x40 ..\obj\syscalls.o
                0x08009d38                _write
 .text._sbrk    0x08009d78       0x70 ..\obj\syscalls.o
                0x08009d78                _sbrk
 .text._times_r
                0x08009de8       0x38 ..\obj\syscalls.o
                0x08009de8                _times_r
 .text.DCD_Init
                0x08009e20      0x108 ..\obj\usb_dcd.o
                0x08009e20                DCD_Init
 .text.DCD_EP_Open
                0x08009f28       0xb0 ..\obj\usb_dcd.o
                0x08009f28                DCD_EP_Open
 .text.DCD_EP_Close
                0x08009fd8       0x78 ..\obj\usb_dcd.o
                0x08009fd8                DCD_EP_Close
 .text.DCD_EP_PrepareRx
                0x0800a050       0x84 ..\obj\usb_dcd.o
                0x0800a050                DCD_EP_PrepareRx
 .text.DCD_EP_Tx
                0x0800a0d4       0x78 ..\obj\usb_dcd.o
                0x0800a0d4                DCD_EP_Tx
 .text.DCD_EP_Stall
                0x0800a14c       0x7c ..\obj\usb_dcd.o
                0x0800a14c                DCD_EP_Stall
 .text.DCD_EP_Flush
                0x0800a1c8       0x34 ..\obj\usb_dcd.o
                0x0800a1c8                DCD_EP_Flush
 .text.USBD_Init
                0x0800a1fc       0x90 ..\obj\usbd_core.o
                0x0800a1fc                USBD_Init
 .text.USBD_DeInit
                0x0800a28c       0x14 ..\obj\usbd_core.o
                0x0800a28c                USBD_DeInit
 .text.usleep   0x0800a2a0       0x3c ..\obj\unistd.o
                0x0800a2a0                usleep
 .text.SPI_I2S_DeInit
                0x0800a2dc       0x74 ..\obj\stm32l1xx_spi.o
                0x0800a2dc                SPI_I2S_DeInit
 .text.SPI_Init
                0x0800a350       0x88 ..\obj\stm32l1xx_spi.o
                0x0800a350                SPI_Init
 .text.SPI_Cmd  0x0800a3d8       0x40 ..\obj\stm32l1xx_spi.o
                0x0800a3d8                SPI_Cmd
 .text.SPI_SSOutputCmd
                0x0800a418       0x40 ..\obj\stm32l1xx_spi.o
                0x0800a418                SPI_SSOutputCmd
 .text.SPI_I2S_ReceiveData
                0x0800a458       0x18 ..\obj\stm32l1xx_spi.o
                0x0800a458                SPI_I2S_ReceiveData
 .text.SPI_I2S_SendData
                0x0800a470       0x1c ..\obj\stm32l1xx_spi.o
                0x0800a470                SPI_I2S_SendData
 .text.SPI_I2S_GetFlagStatus
                0x0800a48c       0x38 ..\obj\stm32l1xx_spi.o
                0x0800a48c                SPI_I2S_GetFlagStatus
 .text.NVIC_PriorityGroupConfig
                0x0800a4c4       0x24 ..\obj\misc.o
                0x0800a4c4                NVIC_PriorityGroupConfig
 .text.NVIC_Init
                0x0800a4e8       0xc0 ..\obj\misc.o
                0x0800a4e8                NVIC_Init
 .text.USBD_USR_Init
                0x0800a5a8        0xc ..\obj\usbd_usr.o
                0x0800a5a8                USBD_USR_Init
 .text.USBD_USR_DeviceReset
                0x0800a5b4       0x20 ..\obj\usbd_usr.o
                0x0800a5b4                USBD_USR_DeviceReset
 .text.USBD_USR_DeviceConfigured
                0x0800a5d4        0xc ..\obj\usbd_usr.o
                0x0800a5d4                USBD_USR_DeviceConfigured
 .text.USBD_USR_DeviceSuspended
                0x0800a5e0        0xc ..\obj\usbd_usr.o
                0x0800a5e0                USBD_USR_DeviceSuspended
 .text.USBD_USR_DeviceResumed
                0x0800a5ec        0xc ..\obj\usbd_usr.o
                0x0800a5ec                USBD_USR_DeviceResumed
 .text.USBD_USR_DeviceConnected
                0x0800a5f8        0xc ..\obj\usbd_usr.o
                0x0800a5f8                USBD_USR_DeviceConnected
 .text.USBD_USR_DeviceDisconnected
                0x0800a604        0xc ..\obj\usbd_usr.o
                0x0800a604                USBD_USR_DeviceDisconnected
 .text.GPIO_Init
                0x0800a610      0x138 ..\obj\stm32l1xx_gpio.o
                0x0800a610                GPIO_Init
 .text.GPIO_ReadInputDataBit
                0x0800a748       0x38 ..\obj\stm32l1xx_gpio.o
                0x0800a748                GPIO_ReadInputDataBit
 .text.GPIO_SetBits
                0x0800a780       0x1c ..\obj\stm32l1xx_gpio.o
                0x0800a780                GPIO_SetBits
 .text.GPIO_ResetBits
                0x0800a79c       0x1c ..\obj\stm32l1xx_gpio.o
                0x0800a79c                GPIO_ResetBits
 .text.clock    0x0800a7b8       0x2c c:/program files (x86)/gnu tools arm embedded/5.4 2016q3/bin/../lib/gcc/arm-none-eabi/5.4.1/../../../../arm-none-eabi/lib/armv7-m\libc.a(lib_a-clock.o)
                0x0800a7b8                clock
 .text.memcmp   0x0800a7e4       0x64 c:/program files (x86)/gnu tools arm embedded/5.4 2016q3/bin/../lib/gcc/arm-none-eabi/5.4.1/../../../../arm-none-eabi/lib/armv7-m\libc.a(lib_a-memcmp.o)
                0x0800a7e4                memcmp
 .text.sprintf  0x0800a848       0x4c c:/program files (x86)/gnu tools arm embedded/5.4 2016q3/bin/../lib/gcc/arm-none-eabi/5.4.1/../../../../arm-none-eabi/lib/armv7-m\libc.a(lib_a-sprintf.o)
                0x0800a848                sprintf
 .text.strlen   0x0800a894       0x5c c:/program files (x86)/gnu tools arm embedded/5.4 2016q3/bin/../lib/gcc/arm-none-eabi/5.4.1/../../../../arm-none-eabi/lib/armv7-m\libc.a(lib_a-strlen-stub.o)
                0x0800a894                strlen
 .text._svfprintf_r
                0x0800a8f0     0x1760 c:/program files (x86)/gnu tools arm embedded/5.4 2016q3/bin/../lib/gcc/arm-none-eabi/5.4.1/../../../../arm-none-eabi/lib/armv7-m\libc.a(lib_a-svfprintf.o)
                0x0800a8f0                _svfprintf_r
 .text.quorem   0x0800c050      0x12c c:/program files (x86)/gnu tools arm embedded/5.4 2016q3/bin/../lib/gcc/arm-none-eabi/5.4.1/../../../../arm-none-eabi/lib/armv7-m\libc.a(lib_a-dtoa.o)
 *fill*         0x0800c17c        0x4 
 .text._dtoa_r  0x0800c180      0xe4c c:/program files (x86)/gnu tools arm embedded/5.4 2016q3/bin/../lib/gcc/arm-none-eabi/5.4.1/../../../../arm-none-eabi/lib/armv7-m\libc.a(lib_a-dtoa.o)
                0x0800c180                _dtoa_r
 .text._malloc_trim_r
                0x0800cfcc       0x9c c:/program files (x86)/gnu tools arm embedded/5.4 2016q3/bin/../lib/gcc/arm-none-eabi/5.4.1/../../../../arm-none-eabi/lib/armv7-m\libc.a(lib_a-freer.o)
                0x0800cfcc                _malloc_trim_r
 .text._free_r  0x0800d068      0x1d0 c:/program files (x86)/gnu tools arm embedded/5.4 2016q3/bin/../lib/gcc/arm-none-eabi/5.4.1/../../../../arm-none-eabi/lib/armv7-m\libc.a(lib_a-freer.o)
                0x0800d068                _free_r
 .text._localeconv_r
                0x0800d238       0x1c c:/program files (x86)/gnu tools arm embedded/5.4 2016q3/bin/../lib/gcc/arm-none-eabi/5.4.1/../../../../arm-none-eabi/lib/armv7-m\libc.a(lib_a-localeconv.o)
                0x0800d238                _localeconv_r
 .text._malloc_r
                0x0800d254      0x558 c:/program files (x86)/gnu tools arm embedded/5.4 2016q3/bin/../lib/gcc/arm-none-eabi/5.4.1/../../../../arm-none-eabi/lib/armv7-m\libc.a(lib_a-mallocr.o)
                0x0800d254                _malloc_r
 .text.memchr   0x0800d7ac       0x8c c:/program files (x86)/gnu tools arm embedded/5.4 2016q3/bin/../lib/gcc/arm-none-eabi/5.4.1/../../../../arm-none-eabi/lib/armv7-m\libc.a(lib_a-memchr-stub.o)
                0x0800d7ac                memchr
 .text.memmove  0x0800d838       0xc8 c:/program files (x86)/gnu tools arm embedded/5.4 2016q3/bin/../lib/gcc/arm-none-eabi/5.4.1/../../../../arm-none-eabi/lib/armv7-m\libc.a(lib_a-memmove.o)
                0x0800d838                memmove
 .text.__malloc_lock
                0x0800d900        0x4 c:/program files (x86)/gnu tools arm embedded/5.4 2016q3/bin/../lib/gcc/arm-none-eabi/5.4.1/../../../../arm-none-eabi/lib/armv7-m\libc.a(lib_a-mlock.o)
                0x0800d900                __malloc_lock
 .text.__malloc_unlock
                0x0800d904        0x4 c:/program files (x86)/gnu tools arm embedded/5.4 2016q3/bin/../lib/gcc/arm-none-eabi/5.4.1/../../../../arm-none-eabi/lib/armv7-m\libc.a(lib_a-mlock.o)
                0x0800d904                __malloc_unlock
 .text._Balloc  0x0800d908       0x50 c:/program files (x86)/gnu tools arm embedded/5.4 2016q3/bin/../lib/gcc/arm-none-eabi/5.4.1/../../../../arm-none-eabi/lib/armv7-m\libc.a(lib_a-mprec.o)
                0x0800d908                _Balloc
 .text._Bfree   0x0800d958       0x14 c:/program files (x86)/gnu tools arm embedded/5.4 2016q3/bin/../lib/gcc/arm-none-eabi/5.4.1/../../../../arm-none-eabi/lib/armv7-m\libc.a(lib_a-mprec.o)
                0x0800d958                _Bfree
 .text.__multadd
                0x0800d96c       0x80 c:/program files (x86)/gnu tools arm embedded/5.4 2016q3/bin/../lib/gcc/arm-none-eabi/5.4.1/../../../../arm-none-eabi/lib/armv7-m\libc.a(lib_a-mprec.o)
                0x0800d96c                __multadd
 .text.__hi0bits
                0x0800d9ec       0x40 c:/program files (x86)/gnu tools arm embedded/5.4 2016q3/bin/../lib/gcc/arm-none-eabi/5.4.1/../../../../arm-none-eabi/lib/armv7-m\libc.a(lib_a-mprec.o)
                0x0800d9ec                __hi0bits
 .text.__lo0bits
                0x0800da2c       0x5c c:/program files (x86)/gnu tools arm embedded/5.4 2016q3/bin/../lib/gcc/arm-none-eabi/5.4.1/../../../../arm-none-eabi/lib/armv7-m\libc.a(lib_a-mprec.o)
                0x0800da2c                __lo0bits
 .text.__i2b    0x0800da88       0x14 c:/program files (x86)/gnu tools arm embedded/5.4 2016q3/bin/../lib/gcc/arm-none-eabi/5.4.1/../../../../arm-none-eabi/lib/armv7-m\libc.a(lib_a-mprec.o)
                0x0800da88                __i2b
 .text.__multiply
                0x0800da9c      0x13c c:/program files (x86)/gnu tools arm embedded/5.4 2016q3/bin/../lib/gcc/arm-none-eabi/5.4.1/../../../../arm-none-eabi/lib/armv7-m\libc.a(lib_a-mprec.o)
                0x0800da9c                __multiply
 .text.__pow5mult
                0x0800dbd8       0xa0 c:/program files (x86)/gnu tools arm embedded/5.4 2016q3/bin/../lib/gcc/arm-none-eabi/5.4.1/../../../../arm-none-eabi/lib/armv7-m\libc.a(lib_a-mprec.o)
                0x0800dbd8                __pow5mult
 .text.__lshift
                0x0800dc78       0xac c:/program files (x86)/gnu tools arm embedded/5.4 2016q3/bin/../lib/gcc/arm-none-eabi/5.4.1/../../../../arm-none-eabi/lib/armv7-m\libc.a(lib_a-mprec.o)
                0x0800dc78                __lshift
 .text.__mcmp   0x0800dd24       0x40 c:/program files (x86)/gnu tools arm embedded/5.4 2016q3/bin/../lib/gcc/arm-none-eabi/5.4.1/../../../../arm-none-eabi/lib/armv7-m\libc.a(lib_a-mprec.o)
                0x0800dd24                __mcmp
 .text.__mdiff  0x0800dd64      0x128 c:/program files (x86)/gnu tools arm embedded/5.4 2016q3/bin/../lib/gcc/arm-none-eabi/5.4.1/../../../../arm-none-eabi/lib/armv7-m\libc.a(lib_a-mprec.o)
                0x0800dd64                __mdiff
 .text.__d2b    0x0800de8c       0xa8 c:/program files (x86)/gnu tools arm embedded/5.4 2016q3/bin/../lib/gcc/arm-none-eabi/5.4.1/../../../../arm-none-eabi/lib/armv7-m\libc.a(lib_a-mprec.o)
                0x0800de8c                __d2b
 .text._realloc_r
                0x0800df34      0x3d4 c:/program files (x86)/gnu tools arm embedded/5.4 2016q3/bin/../lib/gcc/arm-none-eabi/5.4.1/../../../../arm-none-eabi/lib/armv7-m\libc.a(lib_a-reallocr.o)
                0x0800df34                _realloc_r
 .text._sbrk_r  0x0800e308       0x24 c:/program files (x86)/gnu tools arm embedded/5.4 2016q3/bin/../lib/gcc/arm-none-eabi/5.4.1/../../../../arm-none-eabi/lib/armv7-m\libc.a(lib_a-sbrkr.o)
                0x0800e308                _sbrk_r
 .text.__ssprint_r
                0x0800e32c      0x100 c:/program files (x86)/gnu tools arm embedded/5.4 2016q3/bin/../lib/gcc/arm-none-eabi/5.4.1/../../../../arm-none-eabi/lib/armv7-m\libc.a(lib_a-svfiprintf.o)
                0x0800e32c                __ssprint_r
 .text._calloc_r
                0x0800e42c       0x60 c:/program files (x86)/gnu tools arm embedded/5.4 2016q3/bin/../lib/gcc/arm-none-eabi/5.4.1/../../../../arm-none-eabi/lib/armv7-m\libc.a(lib_a-callocr.o)
                0x0800e42c                _calloc_r
 .text.__ascii_mbtowc
                0x0800e48c       0x2c c:/program files (x86)/gnu tools arm embedded/5.4 2016q3/bin/../lib/gcc/arm-none-eabi/5.4.1/../../../../arm-none-eabi/lib/armv7-m\libc.a(lib_a-mbtowc_r.o)
                0x0800e48c                __ascii_mbtowc
 .text.__ascii_wctomb
                0x0800e4b8       0x1c c:/program files (x86)/gnu tools arm embedded/5.4 2016q3/bin/../lib/gcc/arm-none-eabi/5.4.1/../../../../arm-none-eabi/lib/armv7-m\libc.a(lib_a-wctomb_r.o)
                0x0800e4b8                __ascii_wctomb
 *(.rodata)
 .rodata        0x0800e4d4       0x96 ..\obj\usbd_desc.o
 *fill*         0x0800e56a        0x2 
 .rodata        0x0800e56c      0x26d ..\obj\main.o
 *fill*         0x0800e7d9        0x3 
 .rodata        0x0800e7dc       0x21 ..\obj\syscalls.o
 *(.rodata*)
 *fill*         0x0800e7fd        0x3 
 .rodata._global_impure_ptr
                0x0800e800        0x4 c:/program files (x86)/gnu tools arm embedded/5.4 2016q3/bin/../lib/gcc/arm-none-eabi/5.4.1/../../../../arm-none-eabi/lib/armv7-m\libc.a(lib_a-impure.o)
                0x0800e800                _global_impure_ptr
 .rodata.chan_idxnb
                0x0800e804        0x8 ..\obj\deca_range_tables.o
                0x0800e804                chan_idxnb
 .rodata.chan_idxwb
                0x0800e80c        0x8 ..\obj\deca_range_tables.o
                0x0800e80c                chan_idxwb
 .rodata.range25cm16PRFnb
                0x0800e814       0x94 ..\obj\deca_range_tables.o
                0x0800e814                range25cm16PRFnb
 .rodata.range25cm16PRFwb
                0x0800e8a8       0x88 ..\obj\deca_range_tables.o
                0x0800e8a8                range25cm16PRFwb
 .rodata.range25cm64PRFnb
                0x0800e930       0x68 ..\obj\deca_range_tables.o
                0x0800e930                range25cm64PRFnb
 .rodata.range25cm64PRFwb
                0x0800e998       0x76 ..\obj\deca_range_tables.o
                0x0800e998                range25cm64PRFwb
 *fill*         0x0800ea0e        0x2 
 .rodata.data_len_bytes.10210
                0x0800ea10       0x14 ..\obj\instance.o
 .rodata.str1.4
                0x0800ea24       0x14 ..\obj\deca_usb.o
 .rodata.chan_idx
                0x0800ea38        0x8 ..\obj\deca_params_init.o
                0x0800ea38                chan_idx
 .rodata.tx_config
                0x0800ea40       0x18 ..\obj\deca_params_init.o
                0x0800ea40                tx_config
 .rodata.pll2_config
                0x0800ea58       0x1e ..\obj\deca_params_init.o
                0x0800ea58                pll2_config
 .rodata.pll2calcfg
                0x0800ea76        0x1 ..\obj\deca_params_init.o
                0x0800ea76                pll2calcfg
 *fill*         0x0800ea77        0x1 
 .rodata.rx_config
                0x0800ea78        0x2 ..\obj\deca_params_init.o
                0x0800ea78                rx_config
 *fill*         0x0800ea7a        0x2 
 .rodata.agc_config
                0x0800ea7c        0x8 ..\obj\deca_params_init.o
                0x0800ea7c                agc_config
 .rodata.dwnsSFDlen
                0x0800ea84        0x3 ..\obj\deca_params_init.o
                0x0800ea84                dwnsSFDlen
 *fill*         0x0800ea87        0x1 
 .rodata.sftsh  0x0800ea88        0xc ..\obj\deca_params_init.o
                0x0800ea88                sftsh
 .rodata.dtune1
                0x0800ea94        0x4 ..\obj\deca_params_init.o
                0x0800ea94                dtune1
 .rodata.digital_bb_config
                0x0800ea98       0x20 ..\obj\deca_params_init.o
                0x0800ea98                digital_bb_config
 .rodata.lde_replicaCoeff
                0x0800eab8       0x32 ..\obj\deca_params_init.o
                0x0800eab8                lde_replicaCoeff
 *fill*         0x0800eaea        0x2 
 .rodata.rfDelays
                0x0800eaec        0x4 ..\obj\instance_calib.o
                0x0800eaec                rfDelays
 .rodata.txSpectrumConfig
                0x0800eaf0       0x60 ..\obj\instance_calib.o
                0x0800eaf0                txSpectrumConfig
 .rodata.switchbuf
                0x0800eb50        0x7 ..\obj\main.o
                0x0800eb50                switchbuf
 *fill*         0x0800eb57        0x1 
 .rodata.switch_fn
                0x0800eb58       0x1c ..\obj\main.o
                0x0800eb58                switch_fn
 .rodata.zeroes.7256
                0x0800eb74       0x10 c:/program files (x86)/gnu tools arm embedded/5.4 2016q3/bin/../lib/gcc/arm-none-eabi/5.4.1/../../../../arm-none-eabi/lib/armv7-m\libc.a(lib_a-svfprintf.o)
 .rodata.str1.4
                0x0800eb84       0x42 c:/program files (x86)/gnu tools arm embedded/5.4 2016q3/bin/../lib/gcc/arm-none-eabi/5.4.1/../../../../arm-none-eabi/lib/armv7-m\libc.a(lib_a-svfprintf.o)
 *fill*         0x0800ebc6        0x2 
 .rodata.blanks.7255
                0x0800ebc8       0x10 c:/program files (x86)/gnu tools arm embedded/5.4 2016q3/bin/../lib/gcc/arm-none-eabi/5.4.1/../../../../arm-none-eabi/lib/armv7-m\libc.a(lib_a-svfprintf.o)
 .rodata.str1.4
                0x0800ebd8       0x10 c:/program files (x86)/gnu tools arm embedded/5.4 2016q3/bin/../lib/gcc/arm-none-eabi/5.4.1/../../../../arm-none-eabi/lib/armv7-m\libc.a(lib_a-dtoa.o)
                                 0x12 (size before relaxing)
 .rodata.__mprec_tens
                0x0800ebe8       0xc8 c:/program files (x86)/gnu tools arm embedded/5.4 2016q3/bin/../lib/gcc/arm-none-eabi/5.4.1/../../../../arm-none-eabi/lib/armv7-m\libc.a(lib_a-mprec.o)
                0x0800ebe8                __mprec_tens
 .rodata.p05.6085
                0x0800ecb0        0xc c:/program files (x86)/gnu tools arm embedded/5.4 2016q3/bin/../lib/gcc/arm-none-eabi/5.4.1/../../../../arm-none-eabi/lib/armv7-m\libc.a(lib_a-mprec.o)
 *fill*         0x0800ecbc        0x4 
 .rodata.__mprec_bigtens
                0x0800ecc0       0x28 c:/program files (x86)/gnu tools arm embedded/5.4 2016q3/bin/../lib/gcc/arm-none-eabi/5.4.1/../../../../arm-none-eabi/lib/armv7-m\libc.a(lib_a-mprec.o)
                0x0800ecc0                __mprec_bigtens
 .rodata.str1.4
                0x0800ece8       0x10 c:/program files (x86)/gnu tools arm embedded/5.4 2016q3/bin/../lib/gcc/arm-none-eabi/5.4.1/../../../../arm-none-eabi/lib/armv7-m\libc.a(lib_a-locale.o)
                                 0x12 (size before relaxing)
 .rodata._ctype_
                0x0800ecf8      0x101 c:/program files (x86)/gnu tools arm embedded/5.4 2016q3/bin/../lib/gcc/arm-none-eabi/5.4.1/../../../../arm-none-eabi/lib/armv7-m\libc.a(lib_a-ctype_.o)
                0x0800ecf8                _ctype_
 *(.glue_7)
 .glue_7        0x0800edf9        0x0 linker stubs
 *(.glue_7t)
 .glue_7t       0x0800edf9        0x0 linker stubs
 *(.eh_frame)
 *fill*         0x0800edf9        0x3 
 .eh_frame      0x0800edfc        0x0 c:/program files (x86)/gnu tools arm embedded/5.4 2016q3/bin/../lib/gcc/arm-none-eabi/5.4.1/armv7-m/crtbegin.o
 *(.init)
 .init          0x0800edfc        0x4 c:/program files (x86)/gnu tools arm embedded/5.4 2016q3/bin/../lib/gcc/arm-none-eabi/5.4.1/armv7-m/crti.o
                0x0800edfc                _init
 .init          0x0800ee00        0x8 c:/program files (x86)/gnu tools arm embedded/5.4 2016q3/bin/../lib/gcc/arm-none-eabi/5.4.1/armv7-m/crtn.o
 *(.fini)
 .fini          0x0800ee08        0x4 c:/program files (x86)/gnu tools arm embedded/5.4 2016q3/bin/../lib/gcc/arm-none-eabi/5.4.1/armv7-m/crti.o
                0x0800ee08                _fini
 .fini          0x0800ee0c        0x8 c:/program files (x86)/gnu tools arm embedded/5.4 2016q3/bin/../lib/gcc/arm-none-eabi/5.4.1/armv7-m/crtn.o
                0x0800ee14                . = ALIGN (0x4)
                0x0800ee14                _etext = .

.vfp11_veneer   0x0800ee14        0x0
 .vfp11_veneer  0x0800ee14        0x0 linker stubs

.v4_bx          0x0800ee14        0x0
 .v4_bx         0x0800ee14        0x0 linker stubs

.iplt           0x0800ee14        0x0
 .iplt          0x0800ee14        0x0 c:/program files (x86)/gnu tools arm embedded/5.4 2016q3/bin/../lib/gcc/arm-none-eabi/5.4.1/armv7-m/crtbegin.o

.ARM.extab
 *(.ARM.extab* .gnu.linkonce.armextab.*)

.ARM            0x0800ee14        0x8
                0x0800ee14                __exidx_start = .
 *(.ARM.exidx*)
 .ARM.exidx     0x0800ee14        0x8 c:/program files (x86)/gnu tools arm embedded/5.4 2016q3/bin/../lib/gcc/arm-none-eabi/5.4.1/armv7-m\libgcc.a(_udivmoddi4.o)
                0x0800ee1c                __exidx_end = .

.rel.dyn        0x0800ee1c        0x0
 .rel.iplt      0x0800ee1c        0x0 c:/program files (x86)/gnu tools arm embedded/5.4 2016q3/bin/../lib/gcc/arm-none-eabi/5.4.1/armv7-m/crtbegin.o

.preinit_array  0x0800ee1c        0x0
                0x0800ee1c                PROVIDE (__preinit_array_start, .)
 *(.preinit_array*)
                0x0800ee1c                PROVIDE (__preinit_array_end, .)

.init_array     0x0800ee1c        0x8
                0x0800ee1c                PROVIDE (__init_array_start, .)
 *(SORT(.init_array.*))
 .init_array.00000
                0x0800ee1c        0x4 c:/program files (x86)/gnu tools arm embedded/5.4 2016q3/bin/../lib/gcc/arm-none-eabi/5.4.1/../../../../arm-none-eabi/lib/armv7-m\libc.a(lib_a-__call_atexit.o)
 *(.init_array*)
 .init_array    0x0800ee20        0x4 c:/program files (x86)/gnu tools arm embedded/5.4 2016q3/bin/../lib/gcc/arm-none-eabi/5.4.1/armv7-m/crtbegin.o
                0x0800ee24                PROVIDE (__init_array_end, .)

.fini_array     0x0800ee24        0x4
                0x0800ee24                PROVIDE (__fini_array_start, .)
 *(.fini_array*)
 .fini_array    0x0800ee24        0x4 c:/program files (x86)/gnu tools arm embedded/5.4 2016q3/bin/../lib/gcc/arm-none-eabi/5.4.1/armv7-m/crtbegin.o
 *(SORT(.fini_array.*))
                0x0800ee28                PROVIDE (__fini_array_end, .)
                0x0800ee28                _sidata = .

.data           0x20000000      0xaf8 load address 0x0800ee28
                0x20000000                . = ALIGN (0x4)
                0x20000000                _sdata = .
 *(.data)
 *(.data*)
 .data.impure_data
                0x20000000      0x428 c:/program files (x86)/gnu tools arm embedded/5.4 2016q3/bin/../lib/gcc/arm-none-eabi/5.4.1/../../../../arm-none-eabi/lib/armv7-m\libc.a(lib_a-impure.o)
 .data._impure_ptr
                0x20000428        0x4 c:/program files (x86)/gnu tools arm embedded/5.4 2016q3/bin/../lib/gcc/arm-none-eabi/5.4.1/../../../../arm-none-eabi/lib/armv7-m\libc.a(lib_a-impure.o)
                0x20000428                _impure_ptr
 .data.USR_desc
                0x2000042c       0x1c ..\obj\usbd_desc.o
                0x2000042c                USR_desc
 .data.USBD_DeviceDesc
                0x20000448       0x12 ..\obj\usbd_desc.o
                0x20000448                USBD_DeviceDesc
 *fill*         0x2000045a        0x2 
 .data.USBD_LangIDDesc
                0x2000045c        0x4 ..\obj\usbd_desc.o
                0x2000045c                USBD_LangIDDesc
 .data.usbd_cdc_CfgDesc
                0x20000460       0x43 ..\obj\usbd_cdc_core.o
                0x20000460                usbd_cdc_CfgDesc
 *fill*         0x200004a3        0x1 
 .data.cdcCmd   0x200004a4        0x4 ..\obj\usbd_cdc_core.o
 .data.USBD_CDC_cb
                0x200004a8       0x2c ..\obj\usbd_cdc_core.o
                0x200004a8                USBD_CDC_cb
 .data.PLLMulTable
                0x200004d4        0x9 ..\obj\stm32l1xx_rcc.o
 *fill*         0x200004dd        0x3 
 .data.APBAHBPrescTable
                0x200004e0       0x10 ..\obj\stm32l1xx_rcc.o
 .data.SystemCoreClock
                0x200004f0        0x4 ..\obj\system_stm32l1xx.o
                0x200004f0                SystemCoreClock
 .data.VCP_fops
                0x200004f4       0x14 ..\obj\deca_usb.o
                0x200004f4                VCP_fops
 .data.localSPIspeed
                0x20000508        0x4 ..\obj\deca_usb.o
                0x20000508                localSPIspeed
 .data.instance_mode
                0x2000050c        0x4 ..\obj\main.o
                0x2000050c                instance_mode
 .data.chConfig
                0x20000510       0x50 ..\obj\main.o
                0x20000510                chConfig
 .data.USR_cb   0x20000560       0x1c ..\obj\usbd_usr.o
                0x20000560                USR_cb
 .data.__malloc_av_
                0x2000057c      0x408 c:/program files (x86)/gnu tools arm embedded/5.4 2016q3/bin/../lib/gcc/arm-none-eabi/5.4.1/../../../../arm-none-eabi/lib/armv7-m\libc.a(lib_a-mallocr.o)
                0x2000057c                __malloc_av_
 .data.__malloc_trim_threshold
                0x20000984        0x4 c:/program files (x86)/gnu tools arm embedded/5.4 2016q3/bin/../lib/gcc/arm-none-eabi/5.4.1/../../../../arm-none-eabi/lib/armv7-m\libc.a(lib_a-mallocr.o)
                0x20000984                __malloc_trim_threshold
 .data.__malloc_sbrk_base
                0x20000988        0x4 c:/program files (x86)/gnu tools arm embedded/5.4 2016q3/bin/../lib/gcc/arm-none-eabi/5.4.1/../../../../arm-none-eabi/lib/armv7-m\libc.a(lib_a-mallocr.o)
                0x20000988                __malloc_sbrk_base
 .data.__global_locale
                0x2000098c      0x16c c:/program files (x86)/gnu tools arm embedded/5.4 2016q3/bin/../lib/gcc/arm-none-eabi/5.4.1/../../../../arm-none-eabi/lib/armv7-m\libc.a(lib_a-locale.o)
                0x2000098c                __global_locale
                0x20000af8                . = ALIGN (0x4)
                0x20000af8                _edata = .

.jcr            0x20000af8        0x0 load address 0x0800f920
 .jcr           0x20000af8        0x0 c:/program files (x86)/gnu tools arm embedded/5.4 2016q3/bin/../lib/gcc/arm-none-eabi/5.4.1/armv7-m/crtbegin.o

.igot.plt       0x20000af8        0x0 load address 0x0800f920
 .igot.plt      0x20000af8        0x0 c:/program files (x86)/gnu tools arm embedded/5.4 2016q3/bin/../lib/gcc/arm-none-eabi/5.4.1/armv7-m/crtbegin.o
                0x20000af8                . = ALIGN (0x4)

.bss            0x20000af8     0x6edc load address 0x0800f920
                0x20000af8                _sbss = .
                0x20000af8                __bss_start__ = _sbss
 *(.bss)
 .bss           0x20000af8       0x1c c:/program files (x86)/gnu tools arm embedded/5.4 2016q3/bin/../lib/gcc/arm-none-eabi/5.4.1/armv7-m/crtbegin.o
 *(.bss*)
 .bss.usbd_cdc_AltSet
                0x20000b14        0x4 ..\obj\usbd_cdc_core.o
 .bss.APP_Rx_ptr_in
                0x20000b18        0x4 ..\obj\usbd_cdc_core.o
                0x20000b18                APP_Rx_ptr_in
 .bss.APP_Rx_ptr_out
                0x20000b1c        0x4 ..\obj\usbd_cdc_core.o
                0x20000b1c                APP_Rx_ptr_out
 .bss.APP_Rx_length
                0x20000b20        0x4 ..\obj\usbd_cdc_core.o
                0x20000b20                APP_Rx_length
 .bss.USB_Tx_State
                0x20000b24        0x1 ..\obj\usbd_cdc_core.o
                0x20000b24                USB_Tx_State
 *fill*         0x20000b25        0x3 
 .bss.cdcLen    0x20000b28        0x4 ..\obj\usbd_cdc_core.o
 .bss.FrameCount.7950
                0x20000b2c        0x4 ..\obj\usbd_cdc_core.o
 .bss.dw1000local
                0x20000b30       0x80 ..\obj\deca_device.o
 .bss.application_mode
                0x20000bb0        0x4 ..\obj\deca_usb.o
                0x20000bb0                application_mode
 .bss.local_buff_length
                0x20000bb4        0x4 ..\obj\deca_usb.o
                0x20000bb4                local_buff_length
 .bss.local_buff_offset
                0x20000bb8        0x2 ..\obj\deca_usb.o
                0x20000bb8                local_buff_offset
 *fill*         0x20000bba        0x2 
 .bss.tx_buff_length
                0x20000bbc        0x4 ..\obj\deca_usb.o
                0x20000bbc                tx_buff_length
 .bss.local_have_data
                0x20000bc0        0x4 ..\obj\deca_usb.o
                0x20000bc0                local_have_data
 .bss.i         0x20000bc4        0x4 ..\obj\deca_usb.o
 .bss.inst_idist
                0x20000bc8        0x8 ..\obj\instance_common.o
                0x20000bc8                inst_idist
 .bss.inst_idistraw
                0x20000bd0        0x8 ..\obj\instance_common.o
                0x20000bd0                inst_idistraw
 .bss.inst_adist
                0x20000bd8        0x8 ..\obj\instance_common.o
                0x20000bd8                inst_adist
 .bss.inst_ldist
                0x20000be0        0x8 ..\obj\instance_common.o
                0x20000be0                inst_ldist
 .bss.dr_mode   0x20000be8        0x4 ..\obj\main.o
                0x20000be8                dr_mode
 .bss.s1switch  0x20000bec        0x1 ..\obj\main.o
                0x20000bec                s1switch
 *fill*         0x20000bed        0x3 
 .bss.ranging   0x20000bf0        0x4 ..\obj\main.o
                0x20000bf0                ranging
 .bss.heap_end.9478
                0x20000bf4        0x4 ..\obj\syscalls.o
 .bss.__malloc_max_total_mem
                0x20000bf8        0x4 c:/program files (x86)/gnu tools arm embedded/5.4 2016q3/bin/../lib/gcc/arm-none-eabi/5.4.1/../../../../arm-none-eabi/lib/armv7-m\libc.a(lib_a-mallocr.o)
                0x20000bf8                __malloc_max_total_mem
 .bss.__malloc_max_sbrked_mem
                0x20000bfc        0x4 c:/program files (x86)/gnu tools arm embedded/5.4 2016q3/bin/../lib/gcc/arm-none-eabi/5.4.1/../../../../arm-none-eabi/lib/armv7-m\libc.a(lib_a-mallocr.o)
                0x20000bfc                __malloc_max_sbrked_mem
 .bss.__malloc_top_pad
                0x20000c00        0x4 c:/program files (x86)/gnu tools arm embedded/5.4 2016q3/bin/../lib/gcc/arm-none-eabi/5.4.1/../../../../arm-none-eabi/lib/armv7-m\libc.a(lib_a-mallocr.o)
                0x20000c00                __malloc_top_pad
 .bss.__malloc_current_mallinfo
                0x20000c04       0x28 c:/program files (x86)/gnu tools arm embedded/5.4 2016q3/bin/../lib/gcc/arm-none-eabi/5.4.1/../../../../arm-none-eabi/lib/armv7-m\libc.a(lib_a-mallocr.o)
                0x20000c04                __malloc_current_mallinfo
 *(COMMON)
 COMMON         0x20000c2c     0x108c ..\obj\usbd_cdc_core.o
                0x20000c2c                usbd_cdc_OtherCfgDesc
                0x20000c70                USB_Rx_Buffer
                0x20000cb0                CmdBuff
                0x20000cb8                APP_Rx_Buffer
 COMMON         0x20001cb8      0x680 ..\obj\instance.o
                0x20001cb8                instance_data
 COMMON         0x20002338        0x4 ..\obj\stm32l1xx_it.o
                0x20002338                time32_incr
 COMMON         0x2000233c       0xff ..\obj\usbd_req.o
                0x2000233c                USBD_StrDesc
 *fill*         0x2000243b        0x1 
 COMMON         0x2000243c     0x5420 ..\obj\deca_usb.o
                0x2000243c                s1configswitch
                0x20002440                version
                0x20002444                version_size
                0x20002448                tx_buff
                0x20004b58                USB_OTG_dev
                0x2000514c                local_buff
 *fill*         0x2000785c        0x4 
 COMMON         0x20007860       0x9c ..\obj\instance_common.o
                0x20007860                dw_event_g
                0x200078f8                instance_localdata
 COMMON         0x200078fc       0xd4 ..\obj\main.o
                0x200078fc                tagaddr
                0x20007900                dataseq
                0x20007964                dataseq1
                0x200079c8                chan
                0x200079cc                ancaddr
 COMMON         0x200079d0        0x4 c:/program files (x86)/gnu tools arm embedded/5.4 2016q3/bin/../lib/gcc/arm-none-eabi/5.4.1/../../../../arm-none-eabi/lib/armv7-m\libc.a(lib_a-reent.o)
                0x200079d0                errno
                0x200079d4                . = ALIGN (0x4)
                0x200079d4                _ebss = .
                0x200079d4                __bss_end__ = _ebss
                [!provide]                PROVIDE (end, _ebss)
                [!provide]                PROVIDE (_end, _ebss)

._user_heap_stack
                0x200079d4      0x800 load address 0x080167fc
                0x200079d4                . = ALIGN (0x4)
                0x200079d4                _user_heap_start = .
                0x20007dd4                . = (. + _Min_Heap_Size)
 *fill*         0x200079d4      0x400 
                0x20007dd4                _user_heap_end = .
                0x200081d4                . = (. + _Min_Stack_Size)
 *fill*         0x20007dd4      0x400 
                0x200081d4                . = ALIGN (0x4)
                [!provide]                PROVIDE (heap_start, _user_heap_start)
                [!provide]                PROVIDE (_heap_start, _user_heap_start)
                [!provide]                PROVIDE (heap_end, _user_heap_end)
                [!provide]                PROVIDE (_heap_end, _user_heap_end)

.memory_b1_text
 *(.mb1text)
 *(.mb1text*)
 *(.mb1rodata)
 *(.mb1rodata*)

/DISCARD/
 libc.a(*)
 libm.a(*)
 libgcc.a(*)

.ARM.attributes
                0x00000000       0x29
 *(.ARM.attributes)
 .ARM.attributes
                0x00000000       0x1d c:/program files (x86)/gnu tools arm embedded/5.4 2016q3/bin/../lib/gcc/arm-none-eabi/5.4.1/armv7-m/crti.o
 .ARM.attributes
                0x0000001d       0x2d c:/program files (x86)/gnu tools arm embedded/5.4 2016q3/bin/../lib/gcc/arm-none-eabi/5.4.1/armv7-m/crtbegin.o
 .ARM.attributes
                0x0000004a       0x33 ..\obj\stm32l1xx_syscfg.o
 .ARM.attributes
                0x0000007d       0x33 ..\obj\stm32l1xx_exti.o
 .ARM.attributes
                0x000000b0       0x33 ..\obj\stm32l1xx_flash.o
 .ARM.attributes
                0x000000e3       0x33 ..\obj\usbd_desc.o
 .ARM.attributes
                0x00000116       0x33 ..\obj\deca_range_tables.o
 .ARM.attributes
                0x00000149       0x33 ..\obj\usbd_ioreq.o
 .ARM.attributes
                0x0000017c       0x33 ..\obj\usbd_cdc_core.o
 .ARM.attributes
                0x000001af       0x33 ..\obj\deca_spi.o
 .ARM.attributes
                0x000001e2       0x33 ..\obj\instance.o
 .ARM.attributes
                0x00000215       0x33 ..\obj\stm32l1xx_rcc.o
 .ARM.attributes
                0x00000248       0x33 ..\obj\deca_mutex.o
 .ARM.attributes
                0x0000027b       0x33 ..\obj\stm32l1xx_adc.o
 .ARM.attributes
                0x000002ae       0x33 ..\obj\port.o
 .ARM.attributes
                0x000002e1       0x33 ..\obj\deca_device.o
 .ARM.attributes
                0x00000314       0x33 ..\obj\stm32l1xx_it.o
 .ARM.attributes
                0x00000347       0x33 ..\obj\usbd_req.o
 .ARM.attributes
                0x0000037a       0x33 ..\obj\system_stm32l1xx.o
 .ARM.attributes
                0x000003ad       0x33 ..\obj\deca_usb.o
 .ARM.attributes
                0x000003e0       0x33 ..\obj\instance_common.o
 .ARM.attributes
                0x00000413       0x33 ..\obj\deca_params_init.o
 .ARM.attributes
                0x00000446       0x33 ..\obj\instance_calib.o
 .ARM.attributes
                0x00000479       0x33 ..\obj\usb_core.o
 .ARM.attributes
                0x000004ac       0x21 ..\obj\startup_stm32l1xx_xl.o
 .ARM.attributes
                0x000004cd       0x33 ..\obj\main.o
 .ARM.attributes
                0x00000500       0x33 ..\obj\deca_usb_bsp_evk1000.o
 .ARM.attributes
                0x00000533       0x33 ..\obj\syscalls.o
 .ARM.attributes
                0x00000566       0x33 ..\obj\usb_dcd.o
 .ARM.attributes
                0x00000599       0x33 ..\obj\usbd_core.o
 .ARM.attributes
                0x000005cc       0x33 ..\obj\unistd.o
 .ARM.attributes
                0x000005ff       0x33 ..\obj\stm32l1xx_spi.o
 .ARM.attributes
                0x00000632       0x33 ..\obj\misc.o
 .ARM.attributes
                0x00000665       0x33 ..\obj\usbd_usr.o
 .ARM.attributes
                0x00000698       0x33 ..\obj\stm32l1xx_gpio.o
 .ARM.attributes
                0x000006cb       0x1d c:/program files (x86)/gnu tools arm embedded/5.4 2016q3/bin/../lib/gcc/arm-none-eabi/5.4.1/armv7-m\libgcc.a(_arm_addsubdf3.o)
 .ARM.attributes
                0x000006e8       0x1d c:/program files (x86)/gnu tools arm embedded/5.4 2016q3/bin/../lib/gcc/arm-none-eabi/5.4.1/armv7-m\libgcc.a(_arm_muldivdf3.o)
 .ARM.attributes
                0x00000705       0x1d c:/program files (x86)/gnu tools arm embedded/5.4 2016q3/bin/../lib/gcc/arm-none-eabi/5.4.1/armv7-m\libgcc.a(_arm_cmpdf2.o)
 .ARM.attributes
                0x00000722       0x1d c:/program files (x86)/gnu tools arm embedded/5.4 2016q3/bin/../lib/gcc/arm-none-eabi/5.4.1/armv7-m\libgcc.a(_arm_fixdfsi.o)
 .ARM.attributes
                0x0000073f       0x1d c:/program files (x86)/gnu tools arm embedded/5.4 2016q3/bin/../lib/gcc/arm-none-eabi/5.4.1/armv7-m\libgcc.a(_arm_fixunsdfsi.o)
 .ARM.attributes
                0x0000075c       0x1d c:/program files (x86)/gnu tools arm embedded/5.4 2016q3/bin/../lib/gcc/arm-none-eabi/5.4.1/armv7-m\libgcc.a(_arm_truncdfsf2.o)
 .ARM.attributes
                0x00000779       0x1d c:/program files (x86)/gnu tools arm embedded/5.4 2016q3/bin/../lib/gcc/arm-none-eabi/5.4.1/armv7-m\libgcc.a(_arm_addsubsf3.o)
 .ARM.attributes
                0x00000796       0x2d c:/program files (x86)/gnu tools arm embedded/5.4 2016q3/bin/../lib/gcc/arm-none-eabi/5.4.1/armv7-m\libgcc.a(_fixdfdi.o)
 .ARM.attributes
                0x000007c3       0x2d c:/program files (x86)/gnu tools arm embedded/5.4 2016q3/bin/../lib/gcc/arm-none-eabi/5.4.1/armv7-m\libgcc.a(_fixunsdfdi.o)
 .ARM.attributes
                0x000007f0       0x2d c:/program files (x86)/gnu tools arm embedded/5.4 2016q3/bin/../lib/gcc/arm-none-eabi/5.4.1/../../../../arm-none-eabi/lib/armv7-m\libc.a(lib_a-clock.o)
 .ARM.attributes
                0x0000081d       0x2d c:/program files (x86)/gnu tools arm embedded/5.4 2016q3/bin/../lib/gcc/arm-none-eabi/5.4.1/../../../../arm-none-eabi/lib/armv7-m\libc.a(lib_a-memcmp.o)
 .ARM.attributes
                0x0000084a       0x1b c:/program files (x86)/gnu tools arm embedded/5.4 2016q3/bin/../lib/gcc/arm-none-eabi/5.4.1/../../../../arm-none-eabi/lib/armv7-m\libc.a(lib_a-memcpy.o)
 .ARM.attributes
                0x00000865       0x2d c:/program files (x86)/gnu tools arm embedded/5.4 2016q3/bin/../lib/gcc/arm-none-eabi/5.4.1/../../../../arm-none-eabi/lib/armv7-m\libc.a(lib_a-reent.o)
 .ARM.attributes
                0x00000892       0x2d c:/program files (x86)/gnu tools arm embedded/5.4 2016q3/bin/../lib/gcc/arm-none-eabi/5.4.1/../../../../arm-none-eabi/lib/armv7-m\libc.a(lib_a-sprintf.o)
 .ARM.attributes
                0x000008bf       0x2d c:/program files (x86)/gnu tools arm embedded/5.4 2016q3/bin/../lib/gcc/arm-none-eabi/5.4.1/../../../../arm-none-eabi/lib/armv7-m\libc.a(lib_a-strlen-stub.o)
 .ARM.attributes
                0x000008ec       0x2d c:/program files (x86)/gnu tools arm embedded/5.4 2016q3/bin/../lib/gcc/arm-none-eabi/5.4.1/../../../../arm-none-eabi/lib/armv7-m\libc.a(lib_a-svfprintf.o)
 .ARM.attributes
                0x00000919       0x2d c:/program files (x86)/gnu tools arm embedded/5.4 2016q3/bin/../lib/gcc/arm-none-eabi/5.4.1/../../../../arm-none-eabi/lib/armv7-m\libc.a(lib_a-dtoa.o)
 .ARM.attributes
                0x00000946       0x2d c:/program files (x86)/gnu tools arm embedded/5.4 2016q3/bin/../lib/gcc/arm-none-eabi/5.4.1/../../../../arm-none-eabi/lib/armv7-m\libc.a(lib_a-freer.o)
 .ARM.attributes
                0x00000973       0x2d c:/program files (x86)/gnu tools arm embedded/5.4 2016q3/bin/../lib/gcc/arm-none-eabi/5.4.1/../../../../arm-none-eabi/lib/armv7-m\libc.a(lib_a-localeconv.o)
 .ARM.attributes
                0x000009a0       0x2d c:/program files (x86)/gnu tools arm embedded/5.4 2016q3/bin/../lib/gcc/arm-none-eabi/5.4.1/../../../../arm-none-eabi/lib/armv7-m\libc.a(lib_a-mallocr.o)
 .ARM.attributes
                0x000009cd       0x2d c:/program files (x86)/gnu tools arm embedded/5.4 2016q3/bin/../lib/gcc/arm-none-eabi/5.4.1/../../../../arm-none-eabi/lib/armv7-m\libc.a(lib_a-memchr-stub.o)
 .ARM.attributes
                0x000009fa       0x2d c:/program files (x86)/gnu tools arm embedded/5.4 2016q3/bin/../lib/gcc/arm-none-eabi/5.4.1/../../../../arm-none-eabi/lib/armv7-m\libc.a(lib_a-memmove.o)
 .ARM.attributes
                0x00000a27       0x2d c:/program files (x86)/gnu tools arm embedded/5.4 2016q3/bin/../lib/gcc/arm-none-eabi/5.4.1/../../../../arm-none-eabi/lib/armv7-m\libc.a(lib_a-mlock.o)
 .ARM.attributes
                0x00000a54       0x2d c:/program files (x86)/gnu tools arm embedded/5.4 2016q3/bin/../lib/gcc/arm-none-eabi/5.4.1/../../../../arm-none-eabi/lib/armv7-m\libc.a(lib_a-mprec.o)
 .ARM.attributes
                0x00000a81       0x2d c:/program files (x86)/gnu tools arm embedded/5.4 2016q3/bin/../lib/gcc/arm-none-eabi/5.4.1/../../../../arm-none-eabi/lib/armv7-m\libc.a(lib_a-reallocr.o)
 .ARM.attributes
                0x00000aae       0x2d c:/program files (x86)/gnu tools arm embedded/5.4 2016q3/bin/../lib/gcc/arm-none-eabi/5.4.1/../../../../arm-none-eabi/lib/armv7-m\libc.a(lib_a-sbrkr.o)
 .ARM.attributes
                0x00000adb       0x2d c:/program files (x86)/gnu tools arm embedded/5.4 2016q3/bin/../lib/gcc/arm-none-eabi/5.4.1/../../../../arm-none-eabi/lib/armv7-m\libc.a(lib_a-svfiprintf.o)
 .ARM.attributes
                0x00000b08       0x2d c:/program files (x86)/gnu tools arm embedded/5.4 2016q3/bin/../lib/gcc/arm-none-eabi/5.4.1/../../../../arm-none-eabi/lib/armv7-m\libc.a(lib_a-callocr.o)
 .ARM.attributes
                0x00000b35       0x2d c:/program files (x86)/gnu tools arm embedded/5.4 2016q3/bin/../lib/gcc/arm-none-eabi/5.4.1/../../../../arm-none-eabi/lib/armv7-m\libc.a(lib_a-locale.o)
 .ARM.attributes
                0x00000b62       0x2d c:/program files (x86)/gnu tools arm embedded/5.4 2016q3/bin/../lib/gcc/arm-none-eabi/5.4.1/../../../../arm-none-eabi/lib/armv7-m\libc.a(lib_a-mbtowc_r.o)
 .ARM.attributes
                0x00000b8f       0x2d c:/program files (x86)/gnu tools arm embedded/5.4 2016q3/bin/../lib/gcc/arm-none-eabi/5.4.1/../../../../arm-none-eabi/lib/armv7-m\libc.a(lib_a-wctomb_r.o)
 .ARM.attributes
                0x00000bbc       0x2d c:/program files (x86)/gnu tools arm embedded/5.4 2016q3/bin/../lib/gcc/arm-none-eabi/5.4.1/../../../../arm-none-eabi/lib/armv7-m\libc.a(lib_a-ctype_.o)
 .ARM.attributes
                0x00000be9       0x1d c:/program files (x86)/gnu tools arm embedded/5.4 2016q3/bin/../lib/gcc/arm-none-eabi/5.4.1/armv7-m\libgcc.a(_arm_unorddf2.o)
 .ARM.attributes
                0x00000c06       0x1d c:/program files (x86)/gnu tools arm embedded/5.4 2016q3/bin/../lib/gcc/arm-none-eabi/5.4.1/armv7-m\libgcc.a(_aeabi_uldivmod.o)
 .ARM.attributes
                0x00000c23       0x2d c:/program files (x86)/gnu tools arm embedded/5.4 2016q3/bin/../lib/gcc/arm-none-eabi/5.4.1/armv7-m\libgcc.a(_udivmoddi4.o)
 .ARM.attributes
                0x00000c50       0x1d c:/program files (x86)/gnu tools arm embedded/5.4 2016q3/bin/../lib/gcc/arm-none-eabi/5.4.1/armv7-m\libgcc.a(_dvmd_tls.o)
 .ARM.attributes
                0x00000c6d       0x1d c:/program files (x86)/gnu tools arm embedded/5.4 2016q3/bin/../lib/gcc/arm-none-eabi/5.4.1/armv7-m/crtn.o
LOAD ..\obj\stm32l1xx_syscfg.o
LOAD ..\obj\stm32l1xx_dma.o
LOAD ..\obj\stm32l1xx_exti.o
LOAD ..\obj\stm32l1xx_flash.o
LOAD ..\obj\usbd_desc.o
LOAD ..\obj\deca_range_tables.o
LOAD ..\obj\stm32l1xx_crc.o
LOAD ..\obj\usbd_ioreq.o
LOAD ..\obj\usbd_cdc_core.o
LOAD ..\obj\deca_spi.o
LOAD ..\obj\stm32l1xx_rtc.o
LOAD ..\obj\stm32l1xx_dac.o
LOAD ..\obj\stm32l1xx_lcd.o
LOAD ..\obj\instance.o
LOAD ..\obj\stm32l1xx_rcc.o
LOAD ..\obj\deca_mutex.o
LOAD ..\obj\stm32l1xx_sdio.o
LOAD ..\obj\stm32l1xx_tim.o
LOAD ..\obj\stm32l1xx_aes.o
LOAD ..\obj\usb_hcd_int.o
LOAD ..\obj\stm32l1xx_adc.o
LOAD ..\obj\port.o
LOAD ..\obj\deca_device.o
LOAD ..\obj\stm32l1xx_it.o
LOAD ..\obj\usbd_req.o
LOAD ..\obj\stm32l1xx_flash_ramfunc.o
LOAD ..\obj\system_stm32l1xx.o
LOAD ..\obj\deca_usb.o
LOAD ..\obj\stm32l1xx_dbgmcu.o
LOAD ..\obj\instance_common.o
LOAD ..\obj\deca_params_init.o
LOAD ..\obj\instance_calib.o
LOAD ..\obj\usb_core.o
LOAD ..\obj\startup_stm32l1xx_xl.o
LOAD ..\obj\stm32l1xx_wwdg.o
LOAD ..\obj\usb_hcd.o
LOAD ..\obj\main.o
LOAD ..\obj\stm32l1xx_i2c.o
LOAD ..\obj\stm32l1xx_comp.o
LOAD ..\obj\usb_dcd_int.o
LOAD ..\obj\deca_usb_bsp_evk1000.o
LOAD ..\obj\syscalls.o
LOAD ..\obj\stm32l1xx_usart.o
LOAD ..\obj\usb_dcd.o
LOAD ..\obj\usbd_core.o
LOAD ..\obj\stm32l1xx_iwdg.o
LOAD ..\obj\unistd.o
LOAD ..\obj\core_cm3.o
LOAD ..\obj\stm32l1xx_aes_util.o
LOAD ..\obj\stm32l1xx_fsmc.o
LOAD ..\obj\dma_spi.o
LOAD ..\obj\stm32l1xx_pwr.o
LOAD ..\obj\stm32l1xx_opamp.o
LOAD ..\obj\stm32l1xx_spi.o
LOAD ..\obj\misc.o
LOAD ..\obj\usbd_usr.o
LOAD ..\obj\stm32l1xx_gpio.o
LOAD c:/program files (x86)/gnu tools arm embedded/5.4 2016q3/bin/../lib/gcc/arm-none-eabi/5.4.1/../../../../arm-none-eabi/lib/armv7-m\libm.a
LOAD c:/program files (x86)/gnu tools arm embedded/5.4 2016q3/bin/../lib/gcc/arm-none-eabi/5.4.1/armv7-m\libgcc.a
LOAD c:/program files (x86)/gnu tools arm embedded/5.4 2016q3/bin/../lib/gcc/arm-none-eabi/5.4.1/../../../../arm-none-eabi/lib/armv7-m\libc.a
START GROUP
LOAD c:/program files (x86)/gnu tools arm embedded/5.4 2016q3/bin/../lib/gcc/arm-none-eabi/5.4.1/armv7-m\libgcc.a
LOAD c:/program files (x86)/gnu tools arm embedded/5.4 2016q3/bin/../lib/gcc/arm-none-eabi/5.4.1/../../../../arm-none-eabi/lib/armv7-m\libg.a
LOAD c:/program files (x86)/gnu tools arm embedded/5.4 2016q3/bin/../lib/gcc/arm-none-eabi/5.4.1/../../../../arm-none-eabi/lib/armv7-m\libc.a
END GROUP
LOAD c:/program files (x86)/gnu tools arm embedded/5.4 2016q3/bin/../lib/gcc/arm-none-eabi/5.4.1/armv7-m/crtend.o
LOAD c:/program files (x86)/gnu tools arm embedded/5.4 2016q3/bin/../lib/gcc/arm-none-eabi/5.4.1/armv7-m/crtn.o
OUTPUT(Projet_Sur_Nucleo2.elf elf32-littlearm)

.debug_info     0x00000000    0x18ab9
 .debug_info    0x00000000      0x4f9 ..\obj\stm32l1xx_syscfg.o
 .debug_info    0x000004f9      0x348 ..\obj\stm32l1xx_exti.o
 .debug_info    0x00000841      0xdec ..\obj\stm32l1xx_flash.o
 .debug_info    0x0000162d      0x363 ..\obj\usbd_desc.o
 .debug_info    0x00001990      0x21e ..\obj\deca_range_tables.o
 .debug_info    0x00001bae      0xcec ..\obj\usbd_ioreq.o
 .debug_info    0x0000289a      0xf27 ..\obj\usbd_cdc_core.o
 .debug_info    0x000037c1      0x491 ..\obj\deca_spi.o
 .debug_info    0x00003c52     0x1355 ..\obj\instance.o
 .debug_info    0x00004fa7      0xa25 ..\obj\stm32l1xx_rcc.o
 .debug_info    0x000059cc      0x460 ..\obj\deca_mutex.o
 .debug_info    0x00005e2c      0xcb1 ..\obj\stm32l1xx_adc.o
 .debug_info    0x00006add      0xfde ..\obj\port.o
 .debug_info    0x00007abb     0x194d ..\obj\deca_device.o
 .debug_info    0x00009408      0xcc0 ..\obj\stm32l1xx_it.o
 .debug_info    0x0000a0c8      0xff0 ..\obj\usbd_req.o
 .debug_info    0x0000b0b8      0x571 ..\obj\system_stm32l1xx.o
 .debug_info    0x0000b629     0x20b9 ..\obj\deca_usb.o
 .debug_info    0x0000d6e2     0x18e2 ..\obj\instance_common.o
 .debug_info    0x0000efc4      0x282 ..\obj\deca_params_init.o
 .debug_info    0x0000f246      0xdf4 ..\obj\instance_calib.o
 .debug_info    0x0001003a     0x24a0 ..\obj\usb_core.o
 .debug_info    0x000124da       0xf9 ..\obj\startup_stm32l1xx_xl.o
 .debug_info    0x000125d3     0x1675 ..\obj\main.o
 .debug_info    0x00013c48     0x1029 ..\obj\deca_usb_bsp_evk1000.o
 .debug_info    0x00014c71      0x5e1 ..\obj\syscalls.o
 .debug_info    0x00015252     0x1054 ..\obj\usb_dcd.o
 .debug_info    0x000162a6     0x1067 ..\obj\usbd_core.o
 .debug_info    0x0001730d      0x130 ..\obj\unistd.o
 .debug_info    0x0001743d      0x8ef ..\obj\stm32l1xx_spi.o
 .debug_info    0x00017d2c      0x556 ..\obj\misc.o
 .debug_info    0x00018282      0x1cb ..\obj\usbd_usr.o
 .debug_info    0x0001844d      0x66c ..\obj\stm32l1xx_gpio.o

.debug_abbrev   0x00000000     0x3b9e
 .debug_abbrev  0x00000000      0x178 ..\obj\stm32l1xx_syscfg.o
 .debug_abbrev  0x00000178      0x1a9 ..\obj\stm32l1xx_exti.o
 .debug_abbrev  0x00000321      0x1c8 ..\obj\stm32l1xx_flash.o
 .debug_abbrev  0x000004e9      0x12c ..\obj\usbd_desc.o
 .debug_abbrev  0x00000615       0xca ..\obj\deca_range_tables.o
 .debug_abbrev  0x000006df      0x1b1 ..\obj\usbd_ioreq.o
 .debug_abbrev  0x00000890      0x217 ..\obj\usbd_cdc_core.o
 .debug_abbrev  0x00000aa7      0x16b ..\obj\deca_spi.o
 .debug_abbrev  0x00000c12      0x292 ..\obj\instance.o
 .debug_abbrev  0x00000ea4      0x1e5 ..\obj\stm32l1xx_rcc.o
 .debug_abbrev  0x00001089      0x14f ..\obj\deca_mutex.o
 .debug_abbrev  0x000011d8      0x180 ..\obj\stm32l1xx_adc.o
 .debug_abbrev  0x00001358      0x2e8 ..\obj\port.o
 .debug_abbrev  0x00001640      0x292 ..\obj\deca_device.o
 .debug_abbrev  0x000018d2      0x1d8 ..\obj\stm32l1xx_it.o
 .debug_abbrev  0x00001aaa      0x2a6 ..\obj\usbd_req.o
 .debug_abbrev  0x00001d50      0x147 ..\obj\system_stm32l1xx.o
 .debug_abbrev  0x00001e97      0x3b2 ..\obj\deca_usb.o
 .debug_abbrev  0x00002249      0x33e ..\obj\instance_common.o
 .debug_abbrev  0x00002587       0x79 ..\obj\deca_params_init.o
 .debug_abbrev  0x00002600      0x1b6 ..\obj\instance_calib.o
 .debug_abbrev  0x000027b6      0x2eb ..\obj\usb_core.o
 .debug_abbrev  0x00002aa1       0x12 ..\obj\startup_stm32l1xx_xl.o
 .debug_abbrev  0x00002ab3      0x2a6 ..\obj\main.o
 .debug_abbrev  0x00002d59      0x202 ..\obj\deca_usb_bsp_evk1000.o
 .debug_abbrev  0x00002f5b      0x19b ..\obj\syscalls.o
 .debug_abbrev  0x000030f6      0x25b ..\obj\usb_dcd.o
 .debug_abbrev  0x00003351      0x277 ..\obj\usbd_core.o
 .debug_abbrev  0x000035c8       0x8b ..\obj\unistd.o
 .debug_abbrev  0x00003653      0x180 ..\obj\stm32l1xx_spi.o
 .debug_abbrev  0x000037d3      0x147 ..\obj\misc.o
 .debug_abbrev  0x0000391a       0xdd ..\obj\usbd_usr.o
 .debug_abbrev  0x000039f7      0x1a7 ..\obj\stm32l1xx_gpio.o

.debug_aranges  0x00000000     0x1420
 .debug_aranges
                0x00000000       0x80 ..\obj\stm32l1xx_syscfg.o
 .debug_aranges
                0x00000080       0x58 ..\obj\stm32l1xx_exti.o
 .debug_aranges
                0x000000d8      0x190 ..\obj\stm32l1xx_flash.o
 .debug_aranges
                0x00000268       0x50 ..\obj\usbd_desc.o
 .debug_aranges
                0x000002b8       0x20 ..\obj\deca_range_tables.o
 .debug_aranges