Archive member included to satisfy reference by file (symbol)

c:/program files (x86)/gnu tools arm embedded/5.4 2016q3/bin/../lib/gcc/arm-none-eabi/5.4.1/../../../../arm-none-eabi/lib/armv7-m\libc.a(lib_a-exit.o)
                              c:/program files (x86)/gnu tools arm embedded/5.4 2016q3/bin/../lib/gcc/arm-none-eabi/5.4.1/../../../../arm-none-eabi/lib/armv7-m/crt0.o (exit)
c:/program files (x86)/gnu tools arm embedded/5.4 2016q3/bin/../lib/gcc/arm-none-eabi/5.4.1/../../../../arm-none-eabi/lib/armv7-m\libc.a(lib_a-impure.o)
                              c:/program files (x86)/gnu tools arm embedded/5.4 2016q3/bin/../lib/gcc/arm-none-eabi/5.4.1/../../../../arm-none-eabi/lib/armv7-m\libc.a(lib_a-exit.o) (_global_impure_ptr)
c:/program files (x86)/gnu tools arm embedded/5.4 2016q3/bin/../lib/gcc/arm-none-eabi/5.4.1/../../../../arm-none-eabi/lib/armv7-m\libc.a(lib_a-init.o)
                              c:/program files (x86)/gnu tools arm embedded/5.4 2016q3/bin/../lib/gcc/arm-none-eabi/5.4.1/../../../../arm-none-eabi/lib/armv7-m/crt0.o (__libc_init_array)
c:/program files (x86)/gnu tools arm embedded/5.4 2016q3/bin/../lib/gcc/arm-none-eabi/5.4.1/../../../../arm-none-eabi/lib/armv7-m\libc.a(lib_a-memset.o)
                              c:/program files (x86)/gnu tools arm embedded/5.4 2016q3/bin/../lib/gcc/arm-none-eabi/5.4.1/../../../../arm-none-eabi/lib/armv7-m/crt0.o (memset)
c:/program files (x86)/gnu tools arm embedded/5.4 2016q3/bin/../lib/gcc/arm-none-eabi/5.4.1/../../../../arm-none-eabi/lib/armv7-m\libc.a(lib_a-__call_atexit.o)
                              c:/program files (x86)/gnu tools arm embedded/5.4 2016q3/bin/../lib/gcc/arm-none-eabi/5.4.1/../../../../arm-none-eabi/lib/armv7-m\libc.a(lib_a-exit.o) (__call_exitprocs)
c:/program files (x86)/gnu tools arm embedded/5.4 2016q3/bin/../lib/gcc/arm-none-eabi/5.4.1/../../../../arm-none-eabi/lib/armv7-m\libc.a(lib_a-atexit.o)
                              c:/program files (x86)/gnu tools arm embedded/5.4 2016q3/bin/../lib/gcc/arm-none-eabi/5.4.1/../../../../arm-none-eabi/lib/armv7-m\libc.a(lib_a-__call_atexit.o) (atexit)
c:/program files (x86)/gnu tools arm embedded/5.4 2016q3/bin/../lib/gcc/arm-none-eabi/5.4.1/../../../../arm-none-eabi/lib/armv7-m\libc.a(lib_a-fini.o)
                              c:/program files (x86)/gnu tools arm embedded/5.4 2016q3/bin/../lib/gcc/arm-none-eabi/5.4.1/../../../../arm-none-eabi/lib/armv7-m\libc.a(lib_a-__call_atexit.o) (__libc_fini_array)
c:/program files (x86)/gnu tools arm embedded/5.4 2016q3/bin/../lib/gcc/arm-none-eabi/5.4.1/../../../../arm-none-eabi/lib/armv7-m\libc.a(lib_a-__atexit.o)
                              c:/program files (x86)/gnu tools arm embedded/5.4 2016q3/bin/../lib/gcc/arm-none-eabi/5.4.1/../../../../arm-none-eabi/lib/armv7-m\libc.a(lib_a-atexit.o) (__register_exitproc)
c:/program files (x86)/gnu tools arm embedded/5.4 2016q3/bin/../lib/gcc/arm-none-eabi/5.4.1/armv7-m\libgcc.a(_arm_addsubdf3.o)
                              ..\obj\instance.o (__aeabi_dsub)
c:/program files (x86)/gnu tools arm embedded/5.4 2016q3/bin/../lib/gcc/arm-none-eabi/5.4.1/armv7-m\libgcc.a(_arm_muldivdf3.o)
                              ..\obj\deca_range_tables.o (__aeabi_dmul)
c:/program files (x86)/gnu tools arm embedded/5.4 2016q3/bin/../lib/gcc/arm-none-eabi/5.4.1/armv7-m\libgcc.a(_arm_cmpdf2.o)
                              ..\obj\instance_common.o (__aeabi_dcmplt)
c:/program files (x86)/gnu tools arm embedded/5.4 2016q3/bin/../lib/gcc/arm-none-eabi/5.4.1/armv7-m\libgcc.a(_arm_fixdfsi.o)
                              ..\obj\deca_range_tables.o (__aeabi_d2iz)
c:/program files (x86)/gnu tools arm embedded/5.4 2016q3/bin/../lib/gcc/arm-none-eabi/5.4.1/armv7-m\libgcc.a(_arm_fixunsdfsi.o)
                              ..\obj\instance_common.o (__aeabi_d2uiz)
c:/program files (x86)/gnu tools arm embedded/5.4 2016q3/bin/../lib/gcc/arm-none-eabi/5.4.1/armv7-m\libgcc.a(_arm_truncdfsf2.o)
                              ..\obj\instance_common.o (__aeabi_d2f)
c:/program files (x86)/gnu tools arm embedded/5.4 2016q3/bin/../lib/gcc/arm-none-eabi/5.4.1/armv7-m\libgcc.a(_arm_addsubsf3.o)
                              ..\obj\deca_range_tables.o (__aeabi_i2f)
c:/program files (x86)/gnu tools arm embedded/5.4 2016q3/bin/../lib/gcc/arm-none-eabi/5.4.1/armv7-m\libgcc.a(_fixdfdi.o)
                              ..\obj\instance.o (__aeabi_d2lz)
c:/program files (x86)/gnu tools arm embedded/5.4 2016q3/bin/../lib/gcc/arm-none-eabi/5.4.1/armv7-m\libgcc.a(_fixunsdfdi.o)
                              ..\obj\instance_common.o (__aeabi_d2ulz)
c:/program files (x86)/gnu tools arm embedded/5.4 2016q3/bin/../lib/gcc/arm-none-eabi/5.4.1/../../../../arm-none-eabi/lib/armv7-m\libc.a(lib_a-clock.o)
                              ..\obj\unistd.o (clock)
c:/program files (x86)/gnu tools arm embedded/5.4 2016q3/bin/../lib/gcc/arm-none-eabi/5.4.1/../../../../arm-none-eabi/lib/armv7-m\libc.a(lib_a-memcmp.o)
[...]
Memory Configuration

Name             Origin             Length             Attributes
FLASH            0x08000000         0x00040000         xr
RAM              0x20000000         0x00008000         xrw
MEMORY_B1        0x60000000         0x00000000         xr
*default*        0x00000000         0xffffffff

Linker script and memory map

LOAD c:/program files (x86)/gnu tools arm embedded/5.4 2016q3/bin/../lib/gcc/arm-none-eabi/5.4.1/armv7-m/crti.o
LOAD c:/program files (x86)/gnu tools arm embedded/5.4 2016q3/bin/../lib/gcc/arm-none-eabi/5.4.1/armv7-m/crtbegin.o
LOAD c:/program files (x86)/gnu tools arm embedded/5.4 2016q3/bin/../lib/gcc/arm-none-eabi/5.4.1/../../../../arm-none-eabi/lib/armv7-m/crt0.o
                0x20008000                _estack = 0x20008000
                0x00000400                _Min_Heap_Size = 0x400
                0x00000400                _Min_Stack_Size = 0x400

.isr_vector     0x08000000      0x13c
                0x08000000                . = ALIGN (0x4)
 *(.isr_vector)
 .isr_vector    0x08000000      0x13c ..\obj\startup_stm32l1xx_mdp.o
                0x08000000                g_pfnVectors
                0x0800013c                . = ALIGN (0x4)

.text           0x08000140     0xcd8c
                0x08000140                . = ALIGN (0x4)
 *(.text)
 .text          0x08000140       0x5c c:/program files (x86)/gnu tools arm embedded/5.4 2016q3/bin/../lib/gcc/arm-none-eabi/5.4.1/armv7-m/crtbegin.o
 .text          0x0800019c      0x370 c:/program files (x86)/gnu tools arm embedded/5.4 2016q3/bin/../lib/gcc/arm-none-eabi/5.4.1/armv7-m\libgcc.a(_arm_addsubdf3.o)
                0x0800019c                __aeabi_drsub
                0x080001a4                __aeabi_dsub
                0x080001a4                __subdf3
                0x080001a8                __aeabi_dadd
                0x080001a8                __adddf3
                0x08000420                __floatunsidf
                0x08000420                __aeabi_ui2d
                0x08000440                __floatsidf
                0x08000440                __aeabi_i2d
                0x08000464                __aeabi_f2d
                0x08000464                __extendsfdf2
                0x080004a0                __floatundidf
                0x080004a0                __aeabi_ul2d
                0x080004b0                __floatdidf
                0x080004b0                __aeabi_l2d
 .text          0x0800050c      0x424 c:/program files (x86)/gnu tools arm embedded/5.4 2016q3/bin/../lib/gcc/arm-none-eabi/5.4.1/armv7-m\libgcc.a(_arm_muldivdf3.o)
                0x0800050c                __aeabi_dmul
                0x0800050c                __muldf3
                0x08000760                __divdf3
                0x08000760                __aeabi_ddiv
 .text          0x08000930      0x110 c:/program files (x86)/gnu tools arm embedded/5.4 2016q3/bin/../lib/gcc/arm-none-eabi/5.4.1/armv7-m\libgcc.a(_arm_cmpdf2.o)
                0x08000930                __gtdf2
                0x08000930                __gedf2
                0x08000938                __ltdf2
                0x08000938                __ledf2
                0x08000940                __nedf2
                0x08000940                __eqdf2
                0x08000940                __cmpdf2
                0x080009bc                __aeabi_cdrcmple
                0x080009cc                __aeabi_cdcmpeq
                0x080009cc                __aeabi_cdcmple
                0x080009dc                __aeabi_dcmpeq
                0x080009f0                __aeabi_dcmplt
                0x08000a04                __aeabi_dcmple
                0x08000a18                __aeabi_dcmpge
                0x08000a2c                __aeabi_dcmpgt
 .text          0x08000a40       0x50 c:/program files (x86)/gnu tools arm embedded/5.4 2016q3/bin/../lib/gcc/arm-none-eabi/5.4.1/armv7-m\libgcc.a(_arm_fixdfsi.o)
                0x08000a40                __aeabi_d2iz
                0x08000a40                __fixdfsi
 .text          0x08000a90       0x40 c:/program files (x86)/gnu tools arm embedded/5.4 2016q3/bin/../lib/gcc/arm-none-eabi/5.4.1/armv7-m\libgcc.a(_arm_fixunsdfsi.o)
                0x08000a90                __aeabi_d2uiz
                0x08000a90                __fixunsdfsi
 .text          0x08000ad0       0xa0 c:/program files (x86)/gnu tools arm embedded/5.4 2016q3/bin/../lib/gcc/arm-none-eabi/5.4.1/armv7-m\libgcc.a(_arm_truncdfsf2.o)
                0x08000ad0                __truncdfsf2
                0x08000ad0                __aeabi_d2f
 .text          0x08000b70      0x21c c:/program files (x86)/gnu tools arm embedded/5.4 2016q3/bin/../lib/gcc/arm-none-eabi/5.4.1/armv7-m\libgcc.a(_arm_addsubsf3.o)
                0x08000b70                __aeabi_frsub
                0x08000b78                __subsf3
                0x08000b78                __aeabi_fsub
                0x08000b7c                __aeabi_fadd
                0x08000b7c                __addsf3
                0x08000cdc                __aeabi_ui2f
                0x08000cdc                __floatunsisf
                0x08000ce4                __aeabi_i2f
                0x08000ce4                __floatsisf
                0x08000d00                __aeabi_ul2f
                0x08000d00                __floatundisf
                0x08000d10                __aeabi_l2f
                0x08000d10                __floatdisf
 .text          0x08000d8c       0x30 c:/program files (x86)/gnu tools arm embedded/5.4 2016q3/bin/../lib/gcc/arm-none-eabi/5.4.1/armv7-m\libgcc.a(_fixdfdi.o)
                0x08000d8c                __fixdfdi
                0x08000d8c                __aeabi_d2lz
 .text          0x08000dbc       0x48 c:/program files (x86)/gnu tools arm embedded/5.4 2016q3/bin/../lib/gcc/arm-none-eabi/5.4.1/armv7-m\libgcc.a(_fixunsdfdi.o)
                0x08000dbc                __fixunsdfdi
                0x08000dbc                __aeabi_d2ulz
 .text          0x08000e04       0xec c:/program files (x86)/gnu tools arm embedded/5.4 2016q3/bin/../lib/gcc/arm-none-eabi/5.4.1/../../../../arm-none-eabi/lib/armv7-m\libc.a(lib_a-memcpy.o)
                0x08000e04                memcpy
 .text          0x08000ef0       0x2c c:/program files (x86)/gnu tools arm embedded/5.4 2016q3/bin/../lib/gcc/arm-none-eabi/5.4.1/armv7-m\libgcc.a(_arm_unorddf2.o)
                0x08000ef0                __unorddf2
                0x08000ef0                __aeabi_dcmpun
 .text          0x08000f1c       0x30 c:/program files (x86)/gnu tools arm embedded/5.4 2016q3/bin/../lib/gcc/arm-none-eabi/5.4.1/armv7-m\libgcc.a(_aeabi_uldivmod.o)
                0x08000f1c                __aeabi_uldivmod
 .text          0x08000f4c      0x2ec c:/program files (x86)/gnu tools arm embedded/5.4 2016q3/bin/../lib/gcc/arm-none-eabi/5.4.1/armv7-m\libgcc.a(_udivmoddi4.o)
                0x08000f4c                __udivmoddi4
 .text          0x08001238        0x4 c:/program files (x86)/gnu tools arm embedded/5.4 2016q3/bin/../lib/gcc/arm-none-eabi/5.4.1/armv7-m\libgcc.a(_dvmd_tls.o)
                0x08001238                __aeabi_idiv0
                0x08001238                __aeabi_ldiv0
 *(.text*)
 .text.memset   0x0800123c       0x9c c:/program files (x86)/gnu tools arm embedded/5.4 2016q3/bin/../lib/gcc/arm-none-eabi/5.4.1/../../../../arm-none-eabi/lib/armv7-m\libc.a(lib_a-memset.o)
                0x0800123c                memset
 .text.startup.register_fini
                0x080012d8       0x14 c:/program files (x86)/gnu tools arm embedded/5.4 2016q3/bin/../lib/gcc/arm-none-eabi/5.4.1/../../../../arm-none-eabi/lib/armv7-m\libc.a(lib_a-__call_atexit.o)
 .text.atexit   0x080012ec        0xc c:/program files (x86)/gnu tools arm embedded/5.4 2016q3/bin/../lib/gcc/arm-none-eabi/5.4.1/../../../../arm-none-eabi/lib/armv7-m\libc.a(lib_a-atexit.o)
                0x080012ec                atexit
 .text.__libc_fini_array
                0x080012f8       0x28 c:/program files (x86)/gnu tools arm embedded/5.4 2016q3/bin/../lib/gcc/arm-none-eabi/5.4.1/../../../../arm-none-eabi/lib/armv7-m\libc.a(lib_a-fini.o)
                0x080012f8                __libc_fini_array
 .text.__register_exitproc
                0x08001320       0xa4 c:/program files (x86)/gnu tools arm embedded/5.4 2016q3/bin/../lib/gcc/arm-none-eabi/5.4.1/../../../../arm-none-eabi/lib/armv7-m\libc.a(lib_a-__atexit.o)
                0x08001320                __register_exitproc
 .text.SYSCFG_EXTILineConfig
                0x080013c4       0x84 ..\obj\stm32l1xx_syscfg.o
                0x080013c4                SYSCFG_EXTILineConfig
 .text.EXTI_Init
                0x08001448       0xe4 ..\obj\stm32l1xx_exti.o
                0x08001448                EXTI_Init
 .text.EXTI_ClearITPendingBit
                0x0800152c       0x1c ..\obj\stm32l1xx_exti.o
                0x0800152c                EXTI_ClearITPendingBit
 .text.FLASH_SetLatency
                0x08001548       0x38 ..\obj\stm32l1xx_flash.o
                0x08001548                FLASH_SetLatency
 .text.FLASH_PrefetchBufferCmd
                0x08001580       0x38 ..\obj\stm32l1xx_flash.o
                0x08001580                FLASH_PrefetchBufferCmd
 .text.dwt_getrangebias
                0x080015b8      0x18c ..\obj\deca_range_tables.o
                0x080015b8                dwt_getrangebias
 .text.writetospi_serial
                0x08001744       0x74 ..\obj\deca_spi.o
                0x08001744                writetospi_serial
 .text.readfromspi_serial
                0x080017b8       0x78 ..\obj\deca_spi.o
                0x080017b8                readfromspi_serial
 .text.RTC_WaitForSynchro
                0x08001830       0x74 ..\obj\stm32l1xx_rtc.o
                0x08001830                RTC_WaitForSynchro
 .text.RTC_WakeUpClockConfig
                0x080018a4       0x40 ..\obj\stm32l1xx_rtc.o
                0x080018a4                RTC_WakeUpClockConfig
 .text.RTC_SetWakeUpCounter
                0x080018e4       0x30 ..\obj\stm32l1xx_rtc.o
                0x080018e4                RTC_SetWakeUpCounter
 .text.RTC_WakeUpCmd
                0x08001914       0x90 ..\obj\stm32l1xx_rtc.o
                0x08001914                RTC_WakeUpCmd
 .text.RTC_ITConfig
                0x080019a4       0x78 ..\obj\stm32l1xx_rtc.o
                0x080019a4                RTC_ITConfig
 .text.RTC_ClearITPendingBit
                0x08001a1c       0x38 ..\obj\stm32l1xx_rtc.o
                0x08001a1c                RTC_ClearITPendingBit
 .text.LCD_Init
                0x08001a54       0x60 ..\obj\stm32l1xx_lcd.o
                0x08001a54                LCD_Init
 .text.LCD_Cmd  0x08001ab4       0x20 ..\obj\stm32l1xx_lcd.o
                0x08001ab4                LCD_Cmd
 .text.LCD_WaitForSynchro
                0x08001ad4       0x3c ..\obj\stm32l1xx_lcd.o
                0x08001ad4                LCD_WaitForSynchro
 .text.LCD_MuxSegmentCmd
                0x08001b10       0x20 ..\obj\stm32l1xx_lcd.o
                0x08001b10                LCD_MuxSegmentCmd
 .text.LCD_PulseOnDurationConfig
                0x08001b30       0x30 ..\obj\stm32l1xx_lcd.o
                0x08001b30                LCD_PulseOnDurationConfig
 .text.LCD_DeadTimeConfig
                0x08001b60       0x30 ..\obj\stm32l1xx_lcd.o
                0x08001b60                LCD_DeadTimeConfig
 .text.LCD_BlinkConfig
                0x08001b90       0x34 ..\obj\stm32l1xx_lcd.o
                0x08001b90                LCD_BlinkConfig
 .text.LCD_ContrastConfig
                0x08001bc4       0x30 ..\obj\stm32l1xx_lcd.o
                0x08001bc4                LCD_ContrastConfig
 .text.LCD_UpdateDisplayRequest
                0x08001bf4       0x18 ..\obj\stm32l1xx_lcd.o
                0x08001bf4                LCD_UpdateDisplayRequest
 .text.LCD_GetFlagStatus
                0x08001c0c       0x34 ..\obj\stm32l1xx_lcd.o
                0x08001c0c                LCD_GetFlagStatus
 .text.instanceconfigframeheader
                0x08001c40       0x44 ..\obj\instance.o
                0x08001c40                instanceconfigframeheader
 .text.setupmacframedata
                0x08001c84       0x24 ..\obj\instance.o
                0x08001c84                setupmacframedata
 .text.instancerxon
                0x08001ca8       0x48 ..\obj\instance.o
                0x08001ca8                instancerxon
 .text.instancesendpacket
                0x08001cf0       0x4c ..\obj\instance.o
                0x08001cf0                instancesendpacket
 .text.testapprun_s
                0x08001d3c     0x102c ..\obj\instance.o
                0x08001d3c                testapprun_s
 .text.instance_init_s
                0x08002d68       0x88 ..\obj\instance.o
                0x08002d68                instance_init_s
 .text.instance_init_timings
                0x08002df0      0x374 ..\obj\instance.o
                0x08002df0                instance_init_timings
 .text.instance_get_addr
                0x08003164      0x1bc ..\obj\instance.o
                0x08003164                instance_get_addr
 .text.instance_get_anchaddr
                0x08003320      0x1bc ..\obj\instance.o
                0x08003320                instance_get_anchaddr
 .text.RCC_DeInit
                0x080034dc       0x5c ..\obj\stm32l1xx_rcc.o
                0x080034dc                RCC_DeInit
 .text.RCC_HSICmd
                0x08003538       0x20 ..\obj\stm32l1xx_rcc.o
                0x08003538                RCC_HSICmd
 .text.RCC_LSICmd
                0x08003558       0x20 ..\obj\stm32l1xx_rcc.o
                0x08003558                RCC_LSICmd
 .text.RCC_PLLConfig
                0x08003578       0x34 ..\obj\stm32l1xx_rcc.o
                0x08003578                RCC_PLLConfig
 .text.RCC_PLLCmd
                0x080035ac       0x20 ..\obj\stm32l1xx_rcc.o
                0x080035ac                RCC_PLLCmd
 .text.RCC_SYSCLKConfig
                0x080035cc       0x38 ..\obj\stm32l1xx_rcc.o
                0x080035cc                RCC_SYSCLKConfig
 .text.RCC_GetSYSCLKSource
                0x08003604       0x1c ..\obj\stm32l1xx_rcc.o
                0x08003604                RCC_GetSYSCLKSource
 .text.RCC_HCLKConfig
                0x08003620       0x38 ..\obj\stm32l1xx_rcc.o
                0x08003620                RCC_HCLKConfig
 .text.RCC_PCLK1Config
                0x08003658       0x38 ..\obj\stm32l1xx_rcc.o
                0x08003658                RCC_PCLK1Config
 .text.RCC_PCLK2Config
                0x08003690       0x38 ..\obj\stm32l1xx_rcc.o
                0x08003690                RCC_PCLK2Config
 .text.RCC_GetClocksFreq
                0x080036c8      0x1b4 ..\obj\stm32l1xx_rcc.o
                0x080036c8                RCC_GetClocksFreq
 .text.RCC_RTCCLKConfig
                0x0800387c       0x64 ..\obj\stm32l1xx_rcc.o
                0x0800387c                RCC_RTCCLKConfig
 .text.RCC_RTCCLKCmd
                0x080038e0       0x20 ..\obj\stm32l1xx_rcc.o
                0x080038e0                RCC_RTCCLKCmd
 .text.RCC_AHBPeriphClockCmd
                0x08003900       0x3c ..\obj\stm32l1xx_rcc.o
                0x08003900                RCC_AHBPeriphClockCmd
 .text.RCC_APB2PeriphClockCmd
                0x0800393c       0x3c ..\obj\stm32l1xx_rcc.o
                0x0800393c                RCC_APB2PeriphClockCmd
 .text.RCC_APB1PeriphClockCmd
                0x08003978       0x3c ..\obj\stm32l1xx_rcc.o
                0x08003978                RCC_APB1PeriphClockCmd
 .text.RCC_APB2PeriphResetCmd
                0x080039b4       0x3c ..\obj\stm32l1xx_rcc.o
                0x080039b4                RCC_APB2PeriphResetCmd
 .text.RCC_APB1PeriphResetCmd
                0x080039f0       0x3c ..\obj\stm32l1xx_rcc.o
                0x080039f0                RCC_APB1PeriphResetCmd
 .text.RCC_GetFlagStatus
                0x08003a2c       0x64 ..\obj\stm32l1xx_rcc.o
                0x08003a2c                RCC_GetFlagStatus
 .text.NVIC_EnableIRQ
                0x08003a90       0x30 ..\obj\deca_mutex.o
 .text.NVIC_DisableIRQ
                0x08003ac0       0x34 ..\obj\deca_mutex.o
 .text.decamutexon
                0x08003af4       0x28 ..\obj\deca_mutex.o
                0x08003af4                decamutexon
 .text.decamutexoff
                0x08003b1c       0x1c ..\obj\deca_mutex.o
                0x08003b1c                decamutexoff
 .text.TIM_TimeBaseInit
                0x08003b38       0xa4 ..\obj\stm32l1xx_tim.o
                0x08003b38                TIM_TimeBaseInit
 .text.TIM_Cmd  0x08003bdc       0x40 ..\obj\stm32l1xx_tim.o
                0x08003bdc                TIM_Cmd
 .text.ADC_CommonInit
                0x08003c1c       0x38 ..\obj\stm32l1xx_adc.o
                0x08003c1c                ADC_CommonInit
 .text.ADC_GetITStatus
                0x08003c54       0x5c ..\obj\stm32l1xx_adc.o
                0x08003c54                ADC_GetITStatus
 .text.ADC_ClearITPendingBit
                0x08003cb0       0x2c ..\obj\stm32l1xx_adc.o
                0x08003cb0                ADC_ClearITPendingBit
 .text.NVIC_SetPriority
                0x08003cdc       0x54 ..\obj\port.o
 .text.SysTick_Config
                0x08003d30       0x44 ..\obj\port.o
 .text.portGetTickCnt
                0x08003d74       0x14 ..\obj\port.o
                0x08003d74                portGetTickCnt
 .text.SysTick_Configuration
                0x08003d88       0x38 ..\obj\port.o
                0x08003d88                SysTick_Configuration
 .text.RTC_Configuration
                0x08003dc0       0xa4 ..\obj\port.o
                0x08003dc0                RTC_Configuration
 .text.NVIC_Configuration
                0x08003e64       0x88 ..\obj\port.o
                0x08003e64                NVIC_Configuration
 .text.EXTI_GetITEnStatus
                0x08003eec       0x3c ..\obj\port.o
                0x08003eec                EXTI_GetITEnStatus
 .text.RCC_Configuration
                0x08003f28       0xcc ..\obj\port.o
                0x08003f28                RCC_Configuration
 .text.SPI_ConfigFastRate
                0x08003ff4       0x58 ..\obj\port.o
                0x08003ff4                SPI_ConfigFastRate
 .text.SPI_Configuration
                0x0800404c       0xfc ..\obj\port.o
                0x0800404c                SPI_Configuration
 .text.GPIO_Configuration
                0x08004148       0x58 ..\obj\port.o
                0x08004148                GPIO_Configuration
 .text.reset_DW1000
                0x080041a0       0x50 ..\obj\port.o
                0x080041a0                reset_DW1000
 .text.setup_DW1000RSTnIRQ
                0x080041f0       0xb0 ..\obj\port.o
                0x080041f0                setup_DW1000RSTnIRQ
 .text.led_off  0x080042a0       0x44 ..\obj\port.o
                0x080042a0                led_off
 .text.led_on   0x080042e4       0x44 ..\obj\port.o
                0x080042e4                led_on
 .text.peripherals_init
                0x08004328       0x20 ..\obj\port.o
                0x08004328                peripherals_init
 .text.spi_peripheral_init
                0x08004348        0xc ..\obj\port.o
                0x08004348                spi_peripheral_init
 .text.dwt_initialise
                0x08004354      0x20c ..\obj\deca_device.o
                0x08004354                dwt_initialise
 .text.dwt_getldotune
                0x08004560       0x14 ..\obj\deca_device.o
                0x08004560                dwt_getldotune
 .text.dwt_getpartid
                0x08004574       0x14 ..\obj\deca_device.o
                0x08004574                dwt_getpartid
 .text.dwt_readdevid
                0x08004588       0x14 ..\obj\deca_device.o
                0x08004588                dwt_readdevid
 .text.dwt_configuretxrf
                0x0800459c       0x2c ..\obj\deca_device.o
                0x0800459c                dwt_configuretxrf
 .text.dwt_getotptxpower
                0x080045c8       0x3c ..\obj\deca_device.o
                0x080045c8                dwt_getotptxpower
 .text.dwt_configure
                0x08004604      0x33c ..\obj\deca_device.o
                0x08004604                dwt_configure
 .text.dwt_setrxantennadelay
                0x08004940       0x2c ..\obj\deca_device.o
                0x08004940                dwt_setrxantennadelay
 .text.dwt_settxantennadelay
                0x0800496c       0x2c ..\obj\deca_device.o
                0x0800496c                dwt_settxantennadelay
 .text.dwt_readantennadelay
                0x08004998       0x28 ..\obj\deca_device.o
                0x08004998                dwt_readantennadelay
 .text.dwt_writetxdata
                0x080049c0       0x20 ..\obj\deca_device.o
                0x080049c0                dwt_writetxdata
 .text.dwt_writetxfctrl
                0x080049e0       0x1c ..\obj\deca_device.o
                0x080049e0                dwt_writetxfctrl
 .text.dwt_readrxdata
                0x080049fc       0x14 ..\obj\deca_device.o
                0x080049fc                dwt_readrxdata
 .text.dwt_readtxtimestamp
                0x08004a10        0xc ..\obj\deca_device.o
                0x08004a10                dwt_readtxtimestamp
 .text.dwt_readrxtimestamp
                0x08004a1c        0xc ..\obj\deca_device.o
                0x08004a1c                dwt_readrxtimestamp
 .text.dwt_writetodevice
                0x08004a28       0x58 ..\obj\deca_device.o
                0x08004a28                dwt_writetodevice
 .text.dwt_readfromdevice
                0x08004a80       0x54 ..\obj\deca_device.o
                0x08004a80                dwt_readfromdevice
 .text.dwt_read32bitoffsetreg
                0x08004ad4       0x44 ..\obj\deca_device.o
                0x08004ad4                dwt_read32bitoffsetreg
 .text.dwt_read16bitoffsetreg
                0x08004b18       0x30 ..\obj\deca_device.o
                0x08004b18                dwt_read16bitoffsetreg
 .text.dwt_write16bitoffsetreg
                0x08004b48       0x20 ..\obj\deca_device.o
                0x08004b48                dwt_write16bitoffsetreg
 .text.dwt_write32bitoffsetreg
                0x08004b68       0x30 ..\obj\deca_device.o
                0x08004b68                dwt_write32bitoffsetreg
 .text.dwt_enableframefilter
                0x08004b98       0x40 ..\obj\deca_device.o
                0x08004b98                dwt_enableframefilter
 .text.dwt_setpanid
                0x08004bd8        0xc ..\obj\deca_device.o
                0x08004bd8                dwt_setpanid
 .text.dwt_seteui
                0x08004be4        0xc ..\obj\deca_device.o
                0x08004be4                dwt_seteui
 .text.dwt_geteui
                0x08004bf0        0xc ..\obj\deca_device.o
                0x08004bf0                dwt_geteui
 .text._dwt_otpread
                0x08004bfc       0x4c ..\obj\deca_device.o
                0x08004bfc                _dwt_otpread
 .text._dwt_aonarrayupload
                0x08004c48       0x30 ..\obj\deca_device.o
                0x08004c48                _dwt_aonarrayupload
 .text.dwt_entersleep
                0x08004c78        0x4 ..\obj\deca_device.o
                0x08004c78                dwt_entersleep
 .text.dwt_configuresleep
                0x08004c7c       0x24 ..\obj\deca_device.o
                0x08004c7c                dwt_configuresleep
 .text.dwt_entersleepaftertx
                0x08004ca0       0x30 ..\obj\deca_device.o
                0x08004ca0                dwt_entersleepaftertx
 .text._dwt_configlde
                0x08004cd0       0x40 ..\obj\deca_device.o
                0x08004cd0                _dwt_configlde
 .text._dwt_loaducodefromrom
                0x08004d10       0x3c ..\obj\deca_device.o
                0x08004d10                _dwt_loaducodefromrom
 .text.dwt_loadopsettabfromotp
                0x08004d4c       0x38 ..\obj\deca_device.o
                0x08004d4c                dwt_loadopsettabfromotp
 .text.dwt_setrxaftertxdelay
                0x08004d84       0x24 ..\obj\deca_device.o
                0x08004d84                dwt_setrxaftertxdelay
 .text.dwt_setcallbacks
                0x08004da8        0xc ..\obj\deca_device.o
                0x08004da8                dwt_setcallbacks
 .text.dwt_isr  0x08004db4      0x2b0 ..\obj\deca_device.o
                0x08004db4                dwt_isr
 .text.dwt_setleds
                0x08005064       0xc4 ..\obj\deca_device.o
                0x08005064                dwt_setleds
 .text._dwt_enableclocks
                0x08005128       0xe4 ..\obj\deca_device.o
                0x08005128                _dwt_enableclocks
 .text._dwt_disablesequencing
                0x0800520c       0x18 ..\obj\deca_device.o
                0x0800520c                _dwt_disablesequencing
 .text.dwt_setdelayedtrxtime
                0x08005224        0xc ..\obj\deca_device.o
                0x08005224                dwt_setdelayedtrxtime
 .text.dwt_starttx
                0x08005230       0xa8 ..\obj\deca_device.o
                0x08005230                dwt_starttx
 .text.dwt_checkoverrun
                0x080052d8       0x10 ..\obj\deca_device.o
                0x080052d8                dwt_checkoverrun
 .text.dwt_forcetrxoff
                0x080052e8       0x64 ..\obj\deca_device.o
                0x080052e8                dwt_forcetrxoff
 .text.dwt_syncrxbufptrs
                0x0800534c       0x34 ..\obj\deca_device.o
                0x0800534c                dwt_syncrxbufptrs
 .text.dwt_rxenable
                0x08005380       0x68 ..\obj\deca_device.o
                0x08005380                dwt_rxenable
 .text.dwt_setrxtimeout
                0x080053e8       0x64 ..\obj\deca_device.o
                0x080053e8                dwt_setrxtimeout
 .text.dwt_setinterrupt
                0x0800544c       0x34 ..\obj\deca_device.o
                0x0800544c                dwt_setinterrupt
 .text.dwt_configeventcounters
                0x08005480       0x34 ..\obj\deca_device.o
                0x08005480                dwt_configeventcounters
 .text.dwt_rxreset
                0x080054b4       0x30 ..\obj\deca_device.o
                0x080054b4                dwt_rxreset
 .text.dwt_softreset
                0x080054e4       0x7c ..\obj\deca_device.o
                0x080054e4                dwt_softreset
 .text.dwt_xtaltrim
                0x08005560       0x38 ..\obj\deca_device.o
                0x08005560                dwt_xtaltrim
 .text.NMI_Handler
                0x08005598        0xc ..\obj\stm32l1xx_it.o
                0x08005598                NMI_Handler
 .text.pop_registers_from_fault_stack
                0x080055a4       0x3c ..\obj\stm32l1xx_it.o
                0x080055a4                pop_registers_from_fault_stack
 .text.HardFault_Handler
                0x080055e0       0x20 ..\obj\stm32l1xx_it.o
                0x080055e0                HardFault_Handler
 .text.MemManage_Handler
                0x08005600        0x8 ..\obj\stm32l1xx_it.o
                0x08005600                MemManage_Handler
 .text.BusFault_Handler
                0x08005608        0x8 ..\obj\stm32l1xx_it.o
                0x08005608                BusFault_Handler
 .text.UsageFault_Handler
                0x08005610        0x8 ..\obj\stm32l1xx_it.o
                0x08005610                UsageFault_Handler
 .text.SVC_Handler
                0x08005618        0xc ..\obj\stm32l1xx_it.o
                0x08005618                SVC_Handler
 .text.DebugMon_Handler
                0x08005624        0xc ..\obj\stm32l1xx_it.o
                0x08005624                DebugMon_Handler
 .text.PendSV_Handler
                0x08005630        0xc ..\obj\stm32l1xx_it.o
                0x08005630                PendSV_Handler
 .text.RTC_WKUP_IRQHandler
                0x0800563c       0x18 ..\obj\stm32l1xx_it.o
                0x0800563c                RTC_WKUP_IRQHandler
 .text.SysTick_Handler
                0x08005654       0x1c ..\obj\stm32l1xx_it.o
                0x08005654                SysTick_Handler
 .text.EXTI15_10_IRQHandler
                0x08005670       0x14 ..\obj\stm32l1xx_it.o
                0x08005670                EXTI15_10_IRQHandler
 .text.EXTI2_IRQHandler
                0x08005684       0x14 ..\obj\stm32l1xx_it.o
                0x08005684                EXTI2_IRQHandler
 .text.ADC1_IRQHandler
                0x08005698       0x28 ..\obj\stm32l1xx_it.o
                0x08005698                ADC1_IRQHandler
 .text.SystemInit
                0x080056c0       0x68 ..\obj\system_stm32l1xx.o
                0x080056c0                SystemInit
 .text.SetSysClock
                0x08005728      0x120 ..\obj\system_stm32l1xx.o
 .text.convertmicrosectodevicetimeu
                0x08005848       0x60 ..\obj\instance_common.o
                0x08005848                convertmicrosectodevicetimeu
 .text.convertdevicetimetosec
                0x080058a8       0x48 ..\obj\instance_common.o
                0x080058a8                convertdevicetimetosec
 .text.reportTOF
                0x080058f0      0x2b8 ..\obj\instance_common.o
                0x080058f0                reportTOF
 .text.instaddtagtolist
                0x08005ba8       0x9c ..\obj\instance_common.o
                0x08005ba8                instaddtagtolist
 .text.instcleartaglist
                0x08005c44       0x7c ..\obj\instance_common.o
                0x08005c44                instcleartaglist
 .text.instancesetrole
                0x08005cc0       0x20 ..\obj\instance_common.o
                0x08005cc0                instancesetrole
 .text.instancenewrange
                0x08005ce0       0x28 ..\obj\instance_common.o
                0x08005ce0                instancenewrange
 .text.instancenewrangeancadd
                0x08005d08       0x18 ..\obj\instance_common.o
                0x08005d08                instancenewrangeancadd
 .text.instancenewrangetagadd
                0x08005d20       0x18 ..\obj\instance_common.o
                0x08005d20                instancenewrangetagadd
 .text.instanceanchorwaiting
                0x08005d38       0x18 ..\obj\instance_common.o
                0x08005d38                instanceanchorwaiting
 .text.instancesleeping
                0x08005d50       0x28 ..\obj\instance_common.o
                0x08005d50                instancesleeping
 .text.instanceclearcounts
                0x08005d78      0x158 ..\obj\instance_common.o
                0x08005d78                instanceclearcounts
 .text.instance_init
                0x08005ed0      0x190 ..\obj\instance_common.o
                0x08005ed0                instance_init
 .text.instancereaddeviceid
                0x08006060       0x10 ..\obj\instance_common.o
                0x08006060                instancereaddeviceid
 .text.instance_config
                0x08006070      0x35c ..\obj\instance_common.o
                0x08006070                instance_config
 .text.instancesettagsleepdelay
                0x080063cc       0x44 ..\obj\instance_common.o
                0x080063cc                instancesettagsleepdelay
 .text.instance_get_lcount
                0x08006410       0x20 ..\obj\instance_common.o
                0x08006410                instance_get_lcount
 .text.instance_get_idist
                0x08006430       0x24 ..\obj\instance_common.o
                0x08006430                instance_get_idist
 .text.instance_get_idistraw
                0x08006454       0x24 ..\obj\instance_common.o
                0x08006454                instance_get_idistraw
 .text.instance_get_adist
                0x08006478       0x24 ..\obj\instance_common.o
                0x08006478                instance_get_adist
 .text.inst_processrxtimeout
                0x0800649c       0x78 ..\obj\instance_common.o
                0x0800649c                inst_processrxtimeout
 .text.instance_txcallback
                0x08006514      0x164 ..\obj\instance_common.o
                0x08006514                instance_txcallback
 .text.instance_rxcallback
                0x08006678      0x4f8 ..\obj\instance_common.o
                0x08006678                instance_rxcallback
 .text.instance_peekevent
                0x08006b70       0x4c ..\obj\instance_common.o
                0x08006b70                instance_peekevent
 .text.instance_putevent
                0x08006bbc       0xfc ..\obj\instance_common.o
                0x08006bbc                instance_putevent
 .text.instance_getevent
                0x08006cb8      0x228 ..\obj\instance_common.o
                0x08006cb8                instance_getevent
 .text.instance_clearevents
                0x08006ee0       0x94 ..\obj\instance_common.o
                0x08006ee0                instance_clearevents
 .text.instance_setapprun
                0x08006f74       0x24 ..\obj\instance_common.o
                0x08006f74                instance_setapprun
 .text.instance_run
                0x08006f98      0x208 ..\obj\instance_common.o
                0x08006f98                instance_run
 .text.instance_notify_DW1000_inIDLE
                0x080071a0       0x20 ..\obj\instance_common.o
                0x080071a0                instance_notify_DW1000_inIDLE
 .text.instancesetantennadelays
                0x080071c0       0x34 ..\obj\instance_common.o
                0x080071c0                instancesetantennadelays
 .text.instancetxantdly
                0x080071f4       0x14 ..\obj\instance_common.o
                0x080071f4                instancetxantdly
 .text.instancerxantdly
                0x08007208       0x14 ..\obj\instance_common.o
                0x08007208                instancerxantdly
 .text.NVIC_EnableIRQ
                0x0800721c       0x30 ..\obj\main.o
 .text.NVIC_DisableIRQ
                0x0800724c       0x34 ..\obj\main.o
 .text.decarangingmode
                0x08007280       0x48 ..\obj\main.o
                0x08007280                decarangingmode
 .text.inittestapplication
                0x080072c8      0x194 ..\obj\main.o
                0x080072c8                inittestapplication
 .text.process_dwRSTn_irq
                0x0800745c       0x10 ..\obj\main.o
                0x0800745c                process_dwRSTn_irq
 .text.InitializeTimer
                0x0800746c       0x3c ..\obj\main.o
                0x0800746c                InitializeTimer
 .text.process_deca_irq
                0x080074a8       0x20 ..\obj\main.o
                0x080074a8                process_deca_irq
 .text.initLCD  0x080074c8      0x1dc ..\obj\main.o
                0x080074c8                initLCD
 .text.enterLowPowerRunMode
                0x080076a4       0x34 ..\obj\main.o
                0x080076a4                enterLowPowerRunMode
 .text.main     0x080076d8      0x500 ..\obj\main.o
                0x080076d8                main
 .text._write   0x08007bd8       0x40 ..\obj\syscalls.o
                0x08007bd8                _write
 .text._sbrk    0x08007c18       0x70 ..\obj\syscalls.o
                0x08007c18                _sbrk
 .text._times_r
                0x08007c88       0x38 ..\obj\syscalls.o
                0x08007c88                _times_r
 .text.LCD_bar  0x08007cc0       0x4c ..\obj\stm32l_discovery_lcd.o
                0x08007cc0                LCD_bar
 .text.LCD_Conv_Char_Seg
                0x08007d0c      0x158 ..\obj\stm32l_discovery_lcd.o
 .text.LCD_GLASS_WriteChar
                0x08007e64      0x4bc ..\obj\stm32l_discovery_lcd.o
                0x08007e64                LCD_GLASS_WriteChar
 .text.LCD_GLASS_DisplayString
                0x08008320       0x50 ..\obj\stm32l_discovery_lcd.o
                0x08008320                LCD_GLASS_DisplayString
 .text.LCD_GLASS_Clear
                0x08008370       0x48 ..\obj\stm32l_discovery_lcd.o
                0x08008370                LCD_GLASS_Clear
 .text.Reset_Handler
                0x080083b8       0x44 ..\obj\startup_stm32l1xx_mdp.o
                0x080083b8                Reset_Handler
 .text.Default_Handler
                0x080083fc        0x2 ..\obj\startup_stm32l1xx_mdp.o
                0x080083fc                RTC_Alarm_IRQHandler
                0x080083fc                COMP_ACQ_IRQHandler
                0x080083fc                TIM10_IRQHandler
                0x080083fc                USB_HP_IRQHandler
                0x080083fc                TIM6_IRQHandler
                0x080083fc                PVD_IRQHandler
                0x080083fc                EXTI3_IRQHandler
                0x080083fc                EXTI0_IRQHandler
                0x080083fc                I2C2_EV_IRQHandler
                0x080083fc                SPI1_IRQHandler
                0x080083fc                USB_FS_WKUP_IRQHandler
                0x080083fc                DMA2_Channel2_IRQHandler
                0x080083fc                DMA1_Channel4_IRQHandler
                0x080083fc                USART3_IRQHandler
                0x080083fc                DMA1_Channel7_IRQHandler
                0x080083fc                LCD_IRQHandler
                0x080083fc                TIM4_IRQHandler
                0x080083fc                DMA2_Channel1_IRQHandler
                0x080083fc                I2C1_EV_IRQHandler
                0x080083fc                DMA1_Channel6_IRQHandler
                0x080083fc                DMA2_Channel4_IRQHandler
                0x080083fc                TIM3_IRQHandler
                0x080083fc                RCC_IRQHandler
                0x080083fc                DMA1_Channel1_IRQHandler
                0x080083fc                Default_Handler
                0x080083fc                TIM7_IRQHandler
                0x080083fc                TIM5_IRQHandler
                0x080083fc                EXTI9_5_IRQHandler
                0x080083fc                TIM9_IRQHandler
                0x080083fc                TAMPER_STAMP_IRQHandler
                0x080083fc                SPI2_IRQHandler
                0x080083fc                DMA2_Channel5_IRQHandler
                0x080083fc                DMA1_Channel5_IRQHandler
                0x080083fc                USB_LP_IRQHandler
                0x080083fc                EXTI4_IRQHandler
                0x080083fc                DMA1_Channel3_IRQHandler
                0x080083fc                COMP_IRQHandler
                0x080083fc                WWDG_IRQHandler
                0x080083fc                TIM2_IRQHandler
                0x080083fc                DAC_IRQHandler
                0x080083fc                EXTI1_IRQHandler
                0x080083fc                AES_IRQHandler
                0x080083fc                TIM11_IRQHandler
                0x080083fc                USART2_IRQHandler
                0x080083fc                I2C2_ER_IRQHandler
                0x080083fc                DMA1_Channel2_IRQHandler
                0x080083fc                FLASH_IRQHandler
                0x080083fc                USART1_IRQHandler
                0x080083fc                SPI3_IRQHandler
                0x080083fc                I2C1_ER_IRQHandler
                0x080083fc                DMA2_Channel3_IRQHandler
 *fill*         0x080083fe        0x2 
 .text.usleep   0x08008400       0x3c ..\obj\unistd.o
                0x08008400                usleep
 .text.__get_MSP
                0x0800843c       0x10 ..\obj\core_cm3.o
                0x0800843c                __get_MSP
 .text.__WFI    0x0800844c       0x10 ..\obj\stm32l1xx_pwr.o
 .text.PWR_RTCAccessCmd
                0x0800845c       0x20 ..\obj\stm32l1xx_pwr.o
                0x0800845c                PWR_RTCAccessCmd
 .text.PWR_VoltageScalingConfig
                0x0800847c       0x3c ..\obj\stm32l1xx_pwr.o
                0x0800847c                PWR_VoltageScalingConfig
 .text.PWR_EnterLowPowerRunMode
                0x080084b8       0x50 ..\obj\stm32l1xx_pwr.o
                0x080084b8                PWR_EnterLowPowerRunMode
 .text.PWR_EnterSTANDBYMode
                0x08008508       0x2c ..\obj\stm32l1xx_pwr.o
                0x08008508                PWR_EnterSTANDBYMode
 .text.PWR_GetFlagStatus
                0x08008534       0x34 ..\obj\stm32l1xx_pwr.o
                0x08008534                PWR_GetFlagStatus
 .text.PWR_ClearFlag
                0x08008568       0x24 ..\obj\stm32l1xx_pwr.o
                0x08008568                PWR_ClearFlag
 .text.SPI_I2S_DeInit
                0x0800858c       0x74 ..\obj\stm32l1xx_spi.o
                0x0800858c                SPI_I2S_DeInit
 .text.SPI_Init
                0x08008600       0x88 ..\obj\stm32l1xx_spi.o
                0x08008600                SPI_Init
 .text.SPI_Cmd  0x08008688       0x40 ..\obj\stm32l1xx_spi.o
                0x08008688                SPI_Cmd
 .text.SPI_SSOutputCmd
                0x080086c8       0x40 ..\obj\stm32l1xx_spi.o
                0x080086c8                SPI_SSOutputCmd
 .text.NVIC_PriorityGroupConfig
                0x08008708       0x24 ..\obj\misc.o
                0x08008708                NVIC_PriorityGroupConfig
 .text.NVIC_Init
                0x0800872c       0xc0 ..\obj\misc.o
                0x0800872c                NVIC_Init
 .text.GPIO_Init
                0x080087ec      0x138 ..\obj\stm32l1xx_gpio.o
                0x080087ec                GPIO_Init
 .text.GPIO_ReadInputDataBit
                0x08008924       0x38 ..\obj\stm32l1xx_gpio.o
                0x08008924                GPIO_ReadInputDataBit
 .text.GPIO_SetBits
                0x0800895c       0x1c ..\obj\stm32l1xx_gpio.o
                0x0800895c                GPIO_SetBits
 .text.GPIO_ResetBits
                0x08008978       0x1c ..\obj\stm32l1xx_gpio.o
                0x08008978                GPIO_ResetBits
 .text.GPIO_PinAFConfig
                0x08008994       0x90 ..\obj\stm32l1xx_gpio.o
                0x08008994                GPIO_PinAFConfig
 .text.clock    0x08008a24       0x2c c:/program files (x86)/gnu tools arm embedded/5.4 2016q3/bin/../lib/gcc/arm-none-eabi/5.4.1/../../../../arm-none-eabi/lib/armv7-m\libc.a(lib_a-clock.o)
                0x08008a24                clock
 .text.memcmp   0x08008a50       0x64 c:/program files (x86)/gnu tools arm embedded/5.4 2016q3/bin/../lib/gcc/arm-none-eabi/5.4.1/../../../../arm-none-eabi/lib/armv7-m\libc.a(lib_a-memcmp.o)
                0x08008a50                memcmp
 .text.sprintf  0x08008ab4       0x4c c:/program files (x86)/gnu tools arm embedded/5.4 2016q3/bin/../lib/gcc/arm-none-eabi/5.4.1/../../../../arm-none-eabi/lib/armv7-m\libc.a(lib_a-sprintf.o)
                0x08008ab4                sprintf
 .text.strlen   0x08008b00       0x5c c:/program files (x86)/gnu tools arm embedded/5.4 2016q3/bin/../lib/gcc/arm-none-eabi/5.4.1/../../../../arm-none-eabi/lib/armv7-m\libc.a(lib_a-strlen-stub.o)
                0x08008b00                strlen
 .text._svfprintf_r
                0x08008b5c     0x1760 c:/program files (x86)/gnu tools arm embedded/5.4 2016q3/bin/../lib/gcc/arm-none-eabi/5.4.1/../../../../arm-none-eabi/lib/armv7-m\libc.a(lib_a-svfprintf.o)
                0x08008b5c                _svfprintf_r
 .text.quorem   0x0800a2bc      0x12c c:/program files (x86)/gnu tools arm embedded/5.4 2016q3/bin/../lib/gcc/arm-none-eabi/5.4.1/../../../../arm-none-eabi/lib/armv7-m\libc.a(lib_a-dtoa.o)
 .text._dtoa_r  0x0800a3e8      0xe4c c:/program files (x86)/gnu tools arm embedded/5.4 2016q3/bin/../lib/gcc/arm-none-eabi/5.4.1/../../../../arm-none-eabi/lib/armv7-m\libc.a(lib_a-dtoa.o)
                0x0800a3e8                _dtoa_r
 .text._malloc_trim_r
                0x0800b234       0x9c c:/program files (x86)/gnu tools arm embedded/5.4 2016q3/bin/../lib/gcc/arm-none-eabi/5.4.1/../../../../arm-none-eabi/lib/armv7-m\libc.a(lib_a-freer.o)
                0x0800b234                _malloc_trim_r
 .text._free_r  0x0800b2d0      0x1d0 c:/program files (x86)/gnu tools arm embedded/5.4 2016q3/bin/../lib/gcc/arm-none-eabi/5.4.1/../../../../arm-none-eabi/lib/armv7-m\libc.a(lib_a-freer.o)
                0x0800b2d0                _free_r
 .text._localeconv_r
                0x0800b4a0       0x1c c:/program files (x86)/gnu tools arm embedded/5.4 2016q3/bin/../lib/gcc/arm-none-eabi/5.4.1/../../../../arm-none-eabi/lib/armv7-m\libc.a(lib_a-localeconv.o)
                0x0800b4a0                _localeconv_r
 .text._malloc_r
                0x0800b4bc      0x558 c:/program files (x86)/gnu tools arm embedded/5.4 2016q3/bin/../lib/gcc/arm-none-eabi/5.4.1/../../../../arm-none-eabi/lib/armv7-m\libc.a(lib_a-mallocr.o)
                0x0800b4bc                _malloc_r
 .text.memchr   0x0800ba14       0x8c c:/program files (x86)/gnu tools arm embedded/5.4 2016q3/bin/../lib/gcc/arm-none-eabi/5.4.1/../../../../arm-none-eabi/lib/armv7-m\libc.a(lib_a-memchr-stub.o)
                0x0800ba14                memchr
 .text.memmove  0x0800baa0       0xc8 c:/program files (x86)/gnu tools arm embedded/5.4 2016q3/bin/../lib/gcc/arm-none-eabi/5.4.1/../../../../arm-none-eabi/lib/armv7-m\libc.a(lib_a-memmove.o)
                0x0800baa0                memmove
 .text.__malloc_lock
                0x0800bb68        0x4 c:/program files (x86)/gnu tools arm embedded/5.4 2016q3/bin/../lib/gcc/arm-none-eabi/5.4.1/../../../../arm-none-eabi/lib/armv7-m\libc.a(lib_a-mlock.o)
                0x0800bb68                __malloc_lock
 .text.__malloc_unlock
                0x0800bb6c        0x4 c:/program files (x86)/gnu tools arm embedded/5.4 2016q3/bin/../lib/gcc/arm-none-eabi/5.4.1/../../../../arm-none-eabi/lib/armv7-m\libc.a(lib_a-mlock.o)
                0x0800bb6c                __malloc_unlock
 .text._Balloc  0x0800bb70       0x50 c:/program files (x86)/gnu tools arm embedded/5.4 2016q3/bin/../lib/gcc/arm-none-eabi/5.4.1/../../../../arm-none-eabi/lib/armv7-m\libc.a(lib_a-mprec.o)
                0x0800bb70                _Balloc
 .text._Bfree   0x0800bbc0       0x14 c:/program files (x86)/gnu tools arm embedded/5.4 2016q3/bin/../lib/gcc/arm-none-eabi/5.4.1/../../../../arm-none-eabi/lib/armv7-m\libc.a(lib_a-mprec.o)
                0x0800bbc0                _Bfree
 .text.__multadd
                0x0800bbd4       0x80 c:/program files (x86)/gnu tools arm embedded/5.4 2016q3/bin/../lib/gcc/arm-none-eabi/5.4.1/../../../../arm-none-eabi/lib/armv7-m\libc.a(lib_a-mprec.o)
                0x0800bbd4                __multadd
 .text.__hi0bits
                0x0800bc54       0x40 c:/program files (x86)/gnu tools arm embedded/5.4 2016q3/bin/../lib/gcc/arm-none-eabi/5.4.1/../../../../arm-none-eabi/lib/armv7-m\libc.a(lib_a-mprec.o)
                0x0800bc54                __hi0bits
 .text.__lo0bits
                0x0800bc94       0x5c c:/program files (x86)/gnu tools arm embedded/5.4 2016q3/bin/../lib/gcc/arm-none-eabi/5.4.1/../../../../arm-none-eabi/lib/armv7-m\libc.a(lib_a-mprec.o)
                0x0800bc94                __lo0bits
 .text.__i2b    0x0800bcf0       0x14 c:/program files (x86)/gnu tools arm embedded/5.4 2016q3/bin/../lib/gcc/arm-none-eabi/5.4.1/../../../../arm-none-eabi/lib/armv7-m\libc.a(lib_a-mprec.o)
                0x0800bcf0                __i2b
 .text.__multiply
                0x0800bd04      0x13c c:/program files (x86)/gnu tools arm embedded/5.4 2016q3/bin/../lib/gcc/arm-none-eabi/5.4.1/../../../../arm-none-eabi/lib/armv7-m\libc.a(lib_a-mprec.o)
                0x0800bd04                __multiply
 .text.__pow5mult
                0x0800be40       0xa0 c:/program files (x86)/gnu tools arm embedded/5.4 2016q3/bin/../lib/gcc/arm-none-eabi/5.4.1/../../../../arm-none-eabi/lib/armv7-m\libc.a(lib_a-mprec.o)
                0x0800be40                __pow5mult
 .text.__lshift
                0x0800bee0       0xac c:/program files (x86)/gnu tools arm embedded/5.4 2016q3/bin/../lib/gcc/arm-none-eabi/5.4.1/../../../../arm-none-eabi/lib/armv7-m\libc.a(lib_a-mprec.o)
                0x0800bee0                __lshift
 .text.__mcmp   0x0800bf8c       0x40 c:/program files (x86)/gnu tools arm embedded/5.4 2016q3/bin/../lib/gcc/arm-none-eabi/5.4.1/../../../../arm-none-eabi/lib/armv7-m\libc.a(lib_a-mprec.o)
                0x0800bf8c                __mcmp
 .text.__mdiff  0x0800bfcc      0x128 c:/program files (x86)/gnu tools arm embedded/5.4 2016q3/bin/../lib/gcc/arm-none-eabi/5.4.1/../../../../arm-none-eabi/lib/armv7-m\libc.a(lib_a-mprec.o)
                0x0800bfcc                __mdiff
 .text.__d2b    0x0800c0f4       0xa8 c:/program files (x86)/gnu tools arm embedded/5.4 2016q3/bin/../lib/gcc/arm-none-eabi/5.4.1/../../../../arm-none-eabi/lib/armv7-m\libc.a(lib_a-mprec.o)
                0x0800c0f4                __d2b
 .text._realloc_r
                0x0800c19c      0x3d4 c:/program files (x86)/gnu tools arm embedded/5.4 2016q3/bin/../lib/gcc/arm-none-eabi/5.4.1/../../../../arm-none-eabi/lib/armv7-m\libc.a(lib_a-reallocr.o)
                0x0800c19c                _realloc_r
 .text._sbrk_r  0x0800c570       0x24 c:/program files (x86)/gnu tools arm embedded/5.4 2016q3/bin/../lib/gcc/arm-none-eabi/5.4.1/../../../../arm-none-eabi/lib/armv7-m\libc.a(lib_a-sbrkr.o)
                0x0800c570                _sbrk_r
 .text.__ssprint_r
                0x0800c594      0x100 c:/program files (x86)/gnu tools arm embedded/5.4 2016q3/bin/../lib/gcc/arm-none-eabi/5.4.1/../../../../arm-none-eabi/lib/armv7-m\libc.a(lib_a-svfiprintf.o)
                0x0800c594                __ssprint_r
 .text._calloc_r
                0x0800c694       0x60 c:/program files (x86)/gnu tools arm embedded/5.4 2016q3/bin/../lib/gcc/arm-none-eabi/5.4.1/../../../../arm-none-eabi/lib/armv7-m\libc.a(lib_a-callocr.o)
                0x0800c694                _calloc_r
 .text.__ascii_mbtowc
                0x0800c6f4       0x2c c:/program files (x86)/gnu tools arm embedded/5.4 2016q3/bin/../lib/gcc/arm-none-eabi/5.4.1/../../../../arm-none-eabi/lib/armv7-m\libc.a(lib_a-mbtowc_r.o)
                0x0800c6f4                __ascii_mbtowc
 .text.__ascii_wctomb
                0x0800c720       0x1c c:/program files (x86)/gnu tools arm embedded/5.4 2016q3/bin/../lib/gcc/arm-none-eabi/5.4.1/../../../../arm-none-eabi/lib/armv7-m\libc.a(lib_a-wctomb_r.o)
                0x0800c720                __ascii_wctomb
 *(.rodata)
 .rodata        0x0800c73c      0x144 ..\obj\main.o
 .rodata        0x0800c880       0x21 ..\obj\syscalls.o
 *(.rodata*)
 *fill*         0x0800c8a1        0x3 
 .rodata._global_impure_ptr
                0x0800c8a4        0x4 c:/program files (x86)/gnu tools arm embedded/5.4 2016q3/bin/../lib/gcc/arm-none-eabi/5.4.1/../../../../arm-none-eabi/lib/armv7-m\libc.a(lib_a-impure.o)
                0x0800c8a4                _global_impure_ptr
 .rodata.chan_idxnb
                0x0800c8a8        0x8 ..\obj\deca_range_tables.o
                0x0800c8a8                chan_idxnb
 .rodata.chan_idxwb
                0x0800c8b0        0x8 ..\obj\deca_range_tables.o
                0x0800c8b0                chan_idxwb
 .rodata.range25cm16PRFnb
                0x0800c8b8       0x94 ..\obj\deca_range_tables.o
                0x0800c8b8                range25cm16PRFnb
 .rodata.range25cm16PRFwb
                0x0800c94c       0x88 ..\obj\deca_range_tables.o
                0x0800c94c                range25cm16PRFwb
 .rodata.range25cm64PRFnb
                0x0800c9d4       0x68 ..\obj\deca_range_tables.o
                0x0800c9d4                range25cm64PRFnb
 .rodata.range25cm64PRFwb
                0x0800ca3c       0x76 ..\obj\deca_range_tables.o
                0x0800ca3c                range25cm64PRFwb
 *fill*         0x0800cab2        0x2 
 .rodata.data_len_bytes.10045
                0x0800cab4       0x14 ..\obj\instance.o
 .rodata.chan_idx
                0x0800cac8        0x8 ..\obj\deca_params_init.o
                0x0800cac8                chan_idx
 .rodata.tx_config
                0x0800cad0       0x18 ..\obj\deca_params_init.o
                0x0800cad0                tx_config
 .rodata.pll2_config
                0x0800cae8       0x1e ..\obj\deca_params_init.o
                0x0800cae8                pll2_config
 .rodata.pll2calcfg
                0x0800cb06        0x1 ..\obj\deca_params_init.o
                0x0800cb06                pll2calcfg
 *fill*         0x0800cb07        0x1 
 .rodata.rx_config
                0x0800cb08        0x2 ..\obj\deca_params_init.o
                0x0800cb08                rx_config
 *fill*         0x0800cb0a        0x2 
 .rodata.agc_config
                0x0800cb0c        0x8 ..\obj\deca_params_init.o
                0x0800cb0c                agc_config
 .rodata.dwnsSFDlen
                0x0800cb14        0x3 ..\obj\deca_params_init.o
                0x0800cb14                dwnsSFDlen
 *fill*         0x0800cb17        0x1 
 .rodata.sftsh  0x0800cb18        0xc ..\obj\deca_params_init.o
                0x0800cb18                sftsh
 .rodata.dtune1
                0x0800cb24        0x4 ..\obj\deca_params_init.o
                0x0800cb24                dtune1
 .rodata.digital_bb_config
                0x0800cb28       0x20 ..\obj\deca_params_init.o
                0x0800cb28                digital_bb_config
 .rodata.lde_replicaCoeff
                0x0800cb48       0x32 ..\obj\deca_params_init.o
                0x0800cb48                lde_replicaCoeff
 *fill*         0x0800cb7a        0x2 
 .rodata.rfDelays
                0x0800cb7c        0x4 ..\obj\instance_calib.o
                0x0800cb7c                rfDelays
 .rodata.txSpectrumConfig
                0x0800cb80       0x60 ..\obj\instance_calib.o
                0x0800cb80                txSpectrumConfig
 .rodata.CapLetterMap
                0x0800cbe0       0x34 ..\obj\stm32l_discovery_lcd.o
                0x0800cbe0                CapLetterMap
 .rodata.NumberMap
                0x0800cc14       0x14 ..\obj\stm32l_discovery_lcd.o
                0x0800cc14                NumberMap
 .rodata.zeroes.7256
                0x0800cc28       0x10 c:/program files (x86)/gnu tools arm embedded/5.4 2016q3/bin/../lib/gcc/arm-none-eabi/5.4.1/../../../../arm-none-eabi/lib/armv7-m\libc.a(lib_a-svfprintf.o)
 .rodata.str1.4
                0x0800cc38       0x42 c:/program files (x86)/gnu tools arm embedded/5.4 2016q3/bin/../lib/gcc/arm-none-eabi/5.4.1/../../../../arm-none-eabi/lib/armv7-m\libc.a(lib_a-svfprintf.o)
 *fill*         0x0800cc7a        0x2 
 .rodata.blanks.7255
                0x0800cc7c       0x10 c:/program files (x86)/gnu tools arm embedded/5.4 2016q3/bin/../lib/gcc/arm-none-eabi/5.4.1/../../../../arm-none-eabi/lib/armv7-m\libc.a(lib_a-svfprintf.o)
 .rodata.str1.4
                0x0800cc8c       0x10 c:/program files (x86)/gnu tools arm embedded/5.4 2016q3/bin/../lib/gcc/arm-none-eabi/5.4.1/../../../../arm-none-eabi/lib/armv7-m\libc.a(lib_a-dtoa.o)
                                 0x12 (size before relaxing)
 *fill*         0x0800cc9c        0x4 
 .rodata.__mprec_tens
                0x0800cca0       0xc8 c:/program files (x86)/gnu tools arm embedded/5.4 2016q3/bin/../lib/gcc/arm-none-eabi/5.4.1/../../../../arm-none-eabi/lib/armv7-m\libc.a(lib_a-mprec.o)
                0x0800cca0                __mprec_tens
 .rodata.p05.6085
                0x0800cd68        0xc c:/program files (x86)/gnu tools arm embedded/5.4 2016q3/bin/../lib/gcc/arm-none-eabi/5.4.1/../../../../arm-none-eabi/lib/armv7-m\libc.a(lib_a-mprec.o)
 *fill*         0x0800cd74        0x4 
 .rodata.__mprec_bigtens
                0x0800cd78       0x28 c:/program files (x86)/gnu tools arm embedded/5.4 2016q3/bin/../lib/gcc/arm-none-eabi/5.4.1/../../../../arm-none-eabi/lib/armv7-m\libc.a(lib_a-mprec.o)
                0x0800cd78                __mprec_bigtens
 .rodata.str1.4
                0x0800cda0       0x10 c:/program files (x86)/gnu tools arm embedded/5.4 2016q3/bin/../lib/gcc/arm-none-eabi/5.4.1/../../../../arm-none-eabi/lib/armv7-m\libc.a(lib_a-locale.o)
                                 0x12 (size before relaxing)
 .rodata._ctype_
                0x0800cdb0      0x101 c:/program files (x86)/gnu tools arm embedded/5.4 2016q3/bin/../lib/gcc/arm-none-eabi/5.4.1/../../../../arm-none-eabi/lib/armv7-m\libc.a(lib_a-ctype_.o)
                0x0800cdb0                _ctype_
 *(.glue_7)
 .glue_7        0x0800ceb1        0x0 linker stubs
 *(.glue_7t)
 .glue_7t       0x0800ceb1        0x0 linker stubs
 *(.eh_frame)
 *fill*         0x0800ceb1        0x3 
 .eh_frame      0x0800ceb4        0x0 c:/program files (x86)/gnu tools arm embedded/5.4 2016q3/bin/../lib/gcc/arm-none-eabi/5.4.1/armv7-m/crtbegin.o
 *(.init)
 .init          0x0800ceb4        0x4 c:/program files (x86)/gnu tools arm embedded/5.4 2016q3/bin/../lib/gcc/arm-none-eabi/5.4.1/armv7-m/crti.o
                0x0800ceb4                _init
 .init          0x0800ceb8        0x8 c:/program files (x86)/gnu tools arm embedded/5.4 2016q3/bin/../lib/gcc/arm-none-eabi/5.4.1/armv7-m/crtn.o
 *(.fini)
 .fini          0x0800cec0        0x4 c:/program files (x86)/gnu tools arm embedded/5.4 2016q3/bin/../lib/gcc/arm-none-eabi/5.4.1/armv7-m/crti.o
                0x0800cec0                _fini
 .fini          0x0800cec4        0x8 c:/program files (x86)/gnu tools arm embedded/5.4 2016q3/bin/../lib/gcc/arm-none-eabi/5.4.1/armv7-m/crtn.o
                0x0800cecc                . = ALIGN (0x4)
                0x0800cecc                _etext = .

.vfp11_veneer   0x0800cecc        0x0
 .vfp11_veneer  0x0800cecc        0x0 linker stubs

.v4_bx          0x0800cecc        0x0
 .v4_bx         0x0800cecc        0x0 linker stubs

.iplt           0x0800cecc        0x0
 .iplt          0x0800cecc        0x0 c:/program files (x86)/gnu tools arm embedded/5.4 2016q3/bin/../lib/gcc/arm-none-eabi/5.4.1/armv7-m/crtbegin.o

.ARM.extab
 *(.ARM.extab* .gnu.linkonce.armextab.*)

.ARM            0x0800cecc        0x8
                0x0800cecc                __exidx_start = .
 *(.ARM.exidx*)
 .ARM.exidx     0x0800cecc        0x8 c:/program files (x86)/gnu tools arm embedded/5.4 2016q3/bin/../lib/gcc/arm-none-eabi/5.4.1/armv7-m\libgcc.a(_udivmoddi4.o)
                0x0800ced4                __exidx_end = .

.rel.dyn        0x0800ced4        0x0
 .rel.iplt      0x0800ced4        0x0 c:/program files (x86)/gnu tools arm embedded/5.4 2016q3/bin/../lib/gcc/arm-none-eabi/5.4.1/armv7-m/crtbegin.o

.preinit_array  0x0800ced4        0x0
                0x0800ced4                PROVIDE (__preinit_array_start, .)
 *(.preinit_array*)
                0x0800ced4                PROVIDE (__preinit_array_end, .)

.init_array     0x0800ced4        0x8
                0x0800ced4                PROVIDE (__init_array_start, .)
 *(SORT(.init_array.*))
 .init_array.00000
                0x0800ced4        0x4 c:/program files (x86)/gnu tools arm embedded/5.4 2016q3/bin/../lib/gcc/arm-none-eabi/5.4.1/../../../../arm-none-eabi/lib/armv7-m\libc.a(lib_a-__call_atexit.o)
 *(.init_array*)
 .init_array    0x0800ced8        0x4 c:/program files (x86)/gnu tools arm embedded/5.4 2016q3/bin/../lib/gcc/arm-none-eabi/5.4.1/armv7-m/crtbegin.o
                0x0800cedc                PROVIDE (__init_array_end, .)

.fini_array     0x0800cedc        0x4
                0x0800cedc                PROVIDE (__fini_array_start, .)
 *(.fini_array*)
 .fini_array    0x0800cedc        0x4 c:/program files (x86)/gnu tools arm embedded/5.4 2016q3/bin/../lib/gcc/arm-none-eabi/5.4.1/armv7-m/crtbegin.o
 *(SORT(.fini_array.*))
                0x0800cee0                PROVIDE (__fini_array_end, .)
                0x0800cee0                _sidata = .

.data           0x20000000      0xa1c load address 0x0800cee0
                0x20000000                . = ALIGN (0x4)
                0x20000000                _sdata = .
 *(.data)
 *(.data*)
 .data.impure_data
                0x20000000      0x428 c:/program files (x86)/gnu tools arm embedded/5.4 2016q3/bin/../lib/gcc/arm-none-eabi/5.4.1/../../../../arm-none-eabi/lib/armv7-m\libc.a(lib_a-impure.o)
 .data._impure_ptr
                0x20000428        0x4 c:/program files (x86)/gnu tools arm embedded/5.4 2016q3/bin/../lib/gcc/arm-none-eabi/5.4.1/../../../../arm-none-eabi/lib/armv7-m\libc.a(lib_a-impure.o)
                0x20000428                _impure_ptr
 .data.PLLMulTable
                0x2000042c        0x9 ..\obj\stm32l1xx_rcc.o
 *fill*         0x20000435        0x3 
 .data.APBAHBPrescTable
                0x20000438       0x10 ..\obj\stm32l1xx_rcc.o
 .data.SystemCoreClock
                0x20000448        0x4 ..\obj\system_stm32l1xx.o
                0x20000448                SystemCoreClock
 .data.instance_mode
                0x2000044c        0x4 ..\obj\main.o
                0x2000044c                instance_mode
 .data.chConfig
                0x20000450       0x50 ..\obj\main.o
                0x20000450                chConfig
 .data.__malloc_av_
                0x200004a0      0x408 c:/program files (x86)/gnu tools arm embedded/5.4 2016q3/bin/../lib/gcc/arm-none-eabi/5.4.1/../../../../arm-none-eabi/lib/armv7-m\libc.a(lib_a-mallocr.o)
                0x200004a0                __malloc_av_
 .data.__malloc_trim_threshold
                0x200008a8        0x4 c:/program files (x86)/gnu tools arm embedded/5.4 2016q3/bin/../lib/gcc/arm-none-eabi/5.4.1/../../../../arm-none-eabi/lib/armv7-m\libc.a(lib_a-mallocr.o)
                0x200008a8                __malloc_trim_threshold
 .data.__malloc_sbrk_base
                0x200008ac        0x4 c:/program files (x86)/gnu tools arm embedded/5.4 2016q3/bin/../lib/gcc/arm-none-eabi/5.4.1/../../../../arm-none-eabi/lib/armv7-m\libc.a(lib_a-mallocr.o)
                0x200008ac                __malloc_sbrk_base
 .data.__global_locale
                0x200008b0      0x16c c:/program files (x86)/gnu tools arm embedded/5.4 2016q3/bin/../lib/gcc/arm-none-eabi/5.4.1/../../../../arm-none-eabi/lib/armv7-m\libc.a(lib_a-locale.o)
                0x200008b0                __global_locale
                0x20000a1c                . = ALIGN (0x4)
                0x20000a1c                _edata = .

.jcr            0x20000a1c        0x0 load address 0x0800d8fc
 .jcr           0x20000a1c        0x0 c:/program files (x86)/gnu tools arm embedded/5.4 2016q3/bin/../lib/gcc/arm-none-eabi/5.4.1/armv7-m/crtbegin.o

.igot.plt       0x20000a1c        0x0 load address 0x0800d8fc
 .igot.plt      0x20000a1c        0x0 c:/program files (x86)/gnu tools arm embedded/5.4 2016q3/bin/../lib/gcc/arm-none-eabi/5.4.1/armv7-m/crtbegin.o
                0x20000a1c                . = ALIGN (0x4)

.bss            0x20000a20      0x904 load address 0x0800d900
                0x20000a20                _sbss = .
                0x20000a20                __bss_start__ = _sbss
 *(.bss)
 .bss           0x20000a20       0x1c c:/program files (x86)/gnu tools arm embedded/5.4 2016q3/bin/../lib/gcc/arm-none-eabi/5.4.1/armv7-m/crtbegin.o
 *(.bss*)
 .bss.dw1000local
                0x20000a3c       0x80 ..\obj\deca_device.o
 *fill*         0x20000abc        0x4 
 .bss.inst_idist
                0x20000ac0        0x8 ..\obj\instance_common.o
                0x20000ac0                inst_idist
 .bss.inst_idistraw
                0x20000ac8        0x8 ..\obj\instance_common.o
                0x20000ac8                inst_idistraw
 .bss.inst_adist
                0x20000ad0        0x8 ..\obj\instance_common.o
                0x20000ad0                inst_adist
 .bss.inst_ldist
                0x20000ad8        0x8 ..\obj\instance_common.o
                0x20000ad8                inst_ldist
 .bss.dr_mode   0x20000ae0        0x4 ..\obj\main.o
                0x20000ae0                dr_mode
 .bss.s1switch  0x20000ae4        0x1 ..\obj\main.o
                0x20000ae4                s1switch
 *fill*         0x20000ae5        0x3 
 .bss.ranging   0x20000ae8        0x4 ..\obj\main.o
                0x20000ae8                ranging
 .bss.heap_end.9310
                0x20000aec        0x4 ..\obj\syscalls.o
 .bss.t_bar     0x20000af0        0x2 ..\obj\stm32l_discovery_lcd.o
                0x20000af0                t_bar
 *fill*         0x20000af2        0x2 
 .bss.__malloc_max_total_mem
                0x20000af4        0x4 c:/program files (x86)/gnu tools arm embedded/5.4 2016q3/bin/../lib/gcc/arm-none-eabi/5.4.1/../../../../arm-none-eabi/lib/armv7-m\libc.a(lib_a-mallocr.o)
                0x20000af4                __malloc_max_total_mem
 .bss.__malloc_max_sbrked_mem
                0x20000af8        0x4 c:/program files (x86)/gnu tools arm embedded/5.4 2016q3/bin/../lib/gcc/arm-none-eabi/5.4.1/../../../../arm-none-eabi/lib/armv7-m\libc.a(lib_a-mallocr.o)
                0x20000af8                __malloc_max_sbrked_mem
 .bss.__malloc_top_pad
                0x20000afc        0x4 c:/program files (x86)/gnu tools arm embedded/5.4 2016q3/bin/../lib/gcc/arm-none-eabi/5.4.1/../../../../arm-none-eabi/lib/armv7-m\libc.a(lib_a-mallocr.o)
                0x20000afc                __malloc_top_pad
 .bss.__malloc_current_mallinfo
                0x20000b00       0x28 c:/program files (x86)/gnu tools arm embedded/5.4 2016q3/bin/../lib/gcc/arm-none-eabi/5.4.1/../../../../arm-none-eabi/lib/armv7-m\libc.a(lib_a-mallocr.o)
                0x20000b00                __malloc_current_mallinfo
 *(COMMON)
 COMMON         0x20000b28      0x680 ..\obj\instance.o
                0x20000b28                instance_data
 COMMON         0x200011a8        0x4 ..\obj\stm32l1xx_it.o
                0x200011a8                time32_incr
 *fill*         0x200011ac        0x4 
 COMMON         0x200011b0       0x9c ..\obj\instance_common.o
                0x200011b0                dw_event_g
                0x20001248                instance_localdata
 COMMON         0x2000124c       0xd4 ..\obj\main.o
                0x2000124c                tagaddr
                0x20001250                dataseq
                0x200012b4                dataseq1
                0x20001318                chan
                0x2000131c                ancaddr
 COMMON         0x20001320        0x4 c:/program files (x86)/gnu tools arm embedded/5.4 2016q3/bin/../lib/gcc/arm-none-eabi/5.4.1/../../../../arm-none-eabi/lib/armv7-m\libc.a(lib_a-reent.o)
                0x20001320                errno
                0x20001324                . = ALIGN (0x4)
                0x20001324                _ebss = .
                0x20001324                __bss_end__ = _ebss
                [!provide]                PROVIDE (end, _ebss)
                [!provide]                PROVIDE (_end, _ebss)

._user_heap_stack
                0x20001324      0x800 load address 0x0800e204
                0x20001324                . = ALIGN (0x4)
                0x20001324                _user_heap_start = .
                0x20001724                . = (. + _Min_Heap_Size)
 *fill*         0x20001324      0x400 
                0x20001724                _user_heap_end = .
                0x20001b24                . = (. + _Min_Stack_Size)
 *fill*         0x20001724      0x400 
                0x20001b24                . = ALIGN (0x4)
                [!provide]                PROVIDE (heap_start, _user_heap_start)
                [!provide]                PROVIDE (_heap_start, _user_heap_start)
                [!provide]                PROVIDE (heap_end, _user_heap_end)
                [!provide]                PROVIDE (_heap_end, _user_heap_end)

.memory_b1_text
 *(.mb1text)
 *(.mb1text*)
 *(.mb1rodata)
 *(.mb1rodata*)

/DISCARD/
 libc.a(*)
 libm.a(*)
 libgcc.a(*)

.ARM.attributes
                0x00000000       0x29
 *(.ARM.attributes)
 .ARM.attributes
                0x00000000       0x1d c:/program files (x86)/gnu tools arm embedded/5.4 2016q3/bin/../lib/gcc/arm-none-eabi/5.4.1/armv7-m/crti.o
 .ARM.attributes
                0x0000001d       0x2d c:/program files (x86)/gnu tools arm embedded/5.4 2016q3/bin/../lib/gcc/arm-none-eabi/5.4.1/armv7-m/crtbegin.o
 .ARM.attributes
                0x0000004a       0x33 ..\obj\stm32l1xx_syscfg.o
 .ARM.attributes
                0x0000007d       0x33 ..\obj\stm32l1xx_exti.o
 .ARM.attributes
                0x000000b0       0x33 ..\obj\stm32l1xx_flash.o
 .ARM.attributes
                0x000000e3       0x33 ..\obj\deca_range_tables.o
 .ARM.attributes
                0x00000116       0x33 ..\obj\deca_spi.o
 .ARM.attributes
                0x00000149       0x33 ..\obj\stm32l1xx_rtc.o
 .ARM.attributes
                0x0000017c       0x33 ..\obj\stm32l1xx_lcd.o
 .ARM.attributes
                0x000001af       0x33 ..\obj\instance.o
 .ARM.attributes
                0x000001e2       0x33 ..\obj\stm32l1xx_rcc.o
 .ARM.attributes
                0x00000215       0x33 ..\obj\deca_mutex.o
 .ARM.attributes
                0x00000248       0x33 ..\obj\stm32l1xx_tim.o
 .ARM.attributes
                0x0000027b       0x33 ..\obj\stm32l1xx_adc.o
 .ARM.attributes
                0x000002ae       0x33 ..\obj\port.o
 .ARM.attributes
                0x000002e1       0x33 ..\obj\deca_device.o
 .ARM.attributes
                0x00000314       0x33 ..\obj\stm32l1xx_it.o
 .ARM.attributes
                0x00000347       0x33 ..\obj\system_stm32l1xx.o
 .ARM.attributes
                0x0000037a       0x33 ..\obj\instance_common.o
 .ARM.attributes
                0x000003ad       0x33 ..\obj\deca_params_init.o
 .ARM.attributes
                0x000003e0       0x33 ..\obj\instance_calib.o
 .ARM.attributes
                0x00000413       0x33 ..\obj\main.o
 .ARM.attributes
                0x00000446       0x33 ..\obj\syscalls.o
 .ARM.attributes
                0x00000479       0x33 ..\obj\stm32l_discovery_lcd.o
 .ARM.attributes
                0x000004ac       0x21 ..\obj\startup_stm32l1xx_mdp.o
 .ARM.attributes
                0x000004cd       0x33 ..\obj\unistd.o
 .ARM.attributes
                0x00000500       0x33 ..\obj\core_cm3.o
 .ARM.attributes
                0x00000533       0x33 ..\obj\stm32l1xx_pwr.o
 .ARM.attributes
                0x00000566       0x33 ..\obj\stm32l1xx_spi.o
 .ARM.attributes
                0x00000599       0x33 ..\obj\misc.o
 .ARM.attributes
                0x000005cc       0x33 ..\obj\stm32l1xx_gpio.o
 .ARM.attributes
                0x000005ff       0x1d c:/program files (x86)/gnu tools arm embedded/5.4 2016q3/bin/../lib/gcc/arm-none-eabi/5.4.1/armv7-m\libgcc.a(_arm_addsubdf3.o)
 .ARM.attributes
                0x0000061c       0x1d c:/program files (x86)/gnu tools arm embedded/5.4 2016q3/bin/../lib/gcc/arm-none-eabi/5.4.1/armv7-m\libgcc.a(_arm_muldivdf3.o)
 .ARM.attributes
                0x00000639       0x1d c:/program files (x86)/gnu tools arm embedded/5.4 2016q3/bin/../lib/gcc/arm-none-eabi/5.4.1/armv7-m\libgcc.a(_arm_cmpdf2.o)
 .ARM.attributes
                0x00000656       0x1d c:/program files (x86)/gnu tools arm embedded/5.4 2016q3/bin/../lib/gcc/arm-none-eabi/5.4.1/armv7-m\libgcc.a(_arm_fixdfsi.o)
 .ARM.attributes
                0x00000673       0x1d c:/program files (x86)/gnu tools arm embedded/5.4 2016q3/bin/../lib/gcc/arm-none-eabi/5.4.1/armv7-m\libgcc.a(_arm_fixunsdfsi.o)
 .ARM.attributes
                0x00000690       0x1d c:/program files (x86)/gnu tools arm embedded/5.4 2016q3/bin/../lib/gcc/arm-none-eabi/5.4.1/armv7-m\libgcc.a(_arm_truncdfsf2.o)
 .ARM.attributes
                0x000006ad       0x1d c:/program files (x86)/gnu tools arm embedded/5.4 2016q3/bin/../lib/gcc/arm-none-eabi/5.4.1/armv7-m\libgcc.a(_arm_addsubsf3.o)
 .ARM.attributes
                0x000006ca       0x2d c:/program files (x86)/gnu tools arm embedded/5.4 2016q3/bin/../lib/gcc/arm-none-eabi/5.4.1/armv7-m\libgcc.a(_fixdfdi.o)
 .ARM.attributes
                0x000006f7       0x2d c:/program files (x86)/gnu tools arm embedded/5.4 2016q3/bin/../lib/gcc/arm-none-eabi/5.4.1/armv7-m\libgcc.a(_fixunsdfdi.o)
 .ARM.attributes
                0x00000724       0x2d c:/program files (x86)/gnu tools arm embedded/5.4 2016q3/bin/../lib/gcc/arm-none-eabi/5.4.1/../../../../arm-none-eabi/lib/armv7-m\libc.a(lib_a-clock.o)
 .ARM.attributes
                0x00000751       0x2d c:/program files (x86)/gnu tools arm embedded/5.4 2016q3/bin/../lib/gcc/arm-none-eabi/5.4.1/../../../../arm-none-eabi/lib/armv7-m\libc.a(lib_a-memcmp.o)
 .ARM.attributes
                0x0000077e       0x1b c:/program files (x86)/gnu tools arm embedded/5.4 2016q3/bin/../lib/gcc/arm-none-eabi/5.4.1/../../../../arm-none-eabi/lib/armv7-m\libc.a(lib_a-memcpy.o)
 .ARM.attributes
                0x00000799       0x2d c:/program files (x86)/gnu tools arm embedded/5.4 2016q3/bin/../lib/gcc/arm-none-eabi/5.4.1/../../../../arm-none-eabi/lib/armv7-m\libc.a(lib_a-reent.o)
 .ARM.attributes
                0x000007c6       0x2d c:/program files (x86)/gnu tools arm embedded/5.4 2016q3/bin/../lib/gcc/arm-none-eabi/5.4.1/../../../../arm-none-eabi/lib/armv7-m\libc.a(lib_a-sprintf.o)
 .ARM.attributes
                0x000007f3       0x2d c:/program files (x86)/gnu tools arm embedded/5.4 2016q3/bin/../lib/gcc/arm-none-eabi/5.4.1/../../../../arm-none-eabi/lib/armv7-m\libc.a(lib_a-strlen-stub.o)
 .ARM.attributes
                0x00000820       0x2d c:/program files (x86)/gnu tools arm embedded/5.4 2016q3/bin/../lib/gcc/arm-none-eabi/5.4.1/../../../../arm-none-eabi/lib/armv7-m\libc.a(lib_a-svfprintf.o)
 .ARM.attributes
                0x0000084d       0x2d c:/program files (x86)/gnu tools arm embedded/5.4 2016q3/bin/../lib/gcc/arm-none-eabi/5.4.1/../../../../arm-none-eabi/lib/armv7-m\libc.a(lib_a-dtoa.o)
 .ARM.attributes
                0x0000087a       0x2d c:/program files (x86)/gnu tools arm embedded/5.4 2016q3/bin/../lib/gcc/arm-none-eabi/5.4.1/../../../../arm-none-eabi/lib/armv7-m\libc.a(lib_a-freer.o)
 .ARM.attributes
                0x000008a7       0x2d c:/program files (x86)/gnu tools arm embedded/5.4 2016q3/bin/../lib/gcc/arm-none-eabi/5.4.1/../../../../arm-none-eabi/lib/armv7-m\libc.a(lib_a-localeconv.o)
 .ARM.attributes
                0x000008d4       0x2d c:/program files (x86)/gnu tools arm embedded/5.4 2016q3/bin/../lib/gcc/arm-none-eabi/5.4.1/../../../../arm-none-eabi/lib/armv7-m\libc.a(lib_a-mallocr.o)
 .ARM.attributes
                0x00000901       0x2d c:/program files (x86)/gnu tools arm embedded/5.4 2016q3/bin/../lib/gcc/arm-none-eabi/5.4.1/../../../../arm-none-eabi/lib/armv7-m\libc.a(lib_a-memchr-stub.o)
 .ARM.attributes
                0x0000092e       0x2d c:/program files (x86)/gnu tools arm embedded/5.4 2016q3/bin/../lib/gcc/arm-none-eabi/5.4.1/../../../../arm-none-eabi/lib/armv7-m\libc.a(lib_a-memmove.o)
 .ARM.attributes
                0x0000095b       0x2d c:/program files (x86)/gnu tools arm embedded/5.4 2016q3/bin/../lib/gcc/arm-none-eabi/5.4.1/../../../../arm-none-eabi/lib/armv7-m\libc.a(lib_a-mlock.o)
 .ARM.attributes
                0x00000988       0x2d c:/program files (x86)/gnu tools arm embedded/5.4 2016q3/bin/../lib/gcc/arm-none-eabi/5.4.1/../../../../arm-none-eabi/lib/armv7-m\libc.a(lib_a-mprec.o)
 .ARM.attributes
                0x000009b5       0x2d c:/program files (x86)/gnu tools arm embedded/5.4 2016q3/bin/../lib/gcc/arm-none-eabi/5.4.1/../../../../arm-none-eabi/lib/armv7-m\libc.a(lib_a-reallocr.o)
 .ARM.attributes
                0x000009e2       0x2d c:/program files (x86)/gnu tools arm embedded/5.4 2016q3/bin/../lib/gcc/arm-none-eabi/5.4.1/../../../../arm-none-eabi/lib/armv7-m\libc.a(lib_a-sbrkr.o)
 .ARM.attributes
                0x00000a0f       0x2d c:/program files (x86)/gnu tools arm embedded/5.4 2016q3/bin/../lib/gcc/arm-none-eabi/5.4.1/../../../../arm-none-eabi/lib/armv7-m\libc.a(lib_a-svfiprintf.o)
 .ARM.attributes
                0x00000a3c       0x2d c:/program files (x86)/gnu tools arm embedded/5.4 2016q3/bin/../lib/gcc/arm-none-eabi/5.4.1/../../../../arm-none-eabi/lib/armv7-m\libc.a(lib_a-callocr.o)
 .ARM.attributes
                0x00000a69       0x2d c:/program files (x86)/gnu tools arm embedded/5.4 2016q3/bin/../lib/gcc/arm-none-eabi/5.4.1/../../../../arm-none-eabi/lib/armv7-m\libc.a(lib_a-locale.o)
 .ARM.attributes
                0x00000a96       0x2d c:/program files (x86)/gnu tools arm embedded/5.4 2016q3/bin/../lib/gcc/arm-none-eabi/5.4.1/../../../../arm-none-eabi/lib/armv7-m\libc.a(lib_a-mbtowc_r.o)
 .ARM.attributes
                0x00000ac3       0x2d c:/program files (x86)/gnu tools arm embedded/5.4 2016q3/bin/../lib/gcc/arm-none-eabi/5.4.1/../../../../arm-none-eabi/lib/armv7-m\libc.a(lib_a-wctomb_r.o)
 .ARM.attributes
                0x00000af0       0x2d c:/program files (x86)/gnu tools arm embedded/5.4 2016q3/bin/../lib/gcc/arm-none-eabi/5.4.1/../../../../arm-none-eabi/lib/armv7-m\libc.a(lib_a-ctype_.o)
 .ARM.attributes
                0x00000b1d       0x1d c:/program files (x86)/gnu tools arm embedded/5.4 2016q3/bin/../lib/gcc/arm-none-eabi/5.4.1/armv7-m\libgcc.a(_arm_unorddf2.o)
 .ARM.attributes
                0x00000b3a       0x1d c:/program files (x86)/gnu tools arm embedded/5.4 2016q3/bin/../lib/gcc/arm-none-eabi/5.4.1/armv7-m\libgcc.a(_aeabi_uldivmod.o)
 .ARM.attributes
                0x00000b57       0x2d c:/program files (x86)/gnu tools arm embedded/5.4 2016q3/bin/../lib/gcc/arm-none-eabi/5.4.1/armv7-m\libgcc.a(_udivmoddi4.o)
 .ARM.attributes
                0x00000b84       0x1d c:/program files (x86)/gnu tools arm embedded/5.4 2016q3/bin/../lib/gcc/arm-none-eabi/5.4.1/armv7-m\libgcc.a(_dvmd_tls.o)
 .ARM.attributes
                0x00000ba1       0x1d c:/program files (x86)/gnu tools arm embedded/5.4 2016q3/bin/../lib/gcc/arm-none-eabi/5.4.1/armv7-m/crtn.o
LOAD ..\obj\stm32l1xx_syscfg.o
LOAD ..\obj\stm32l1xx_dma.o
LOAD ..\obj\stm32l1xx_exti.o
LOAD ..\obj\stm32l1xx_flash.o
LOAD ..\obj\usbd_desc.o
LOAD ..\obj\deca_range_tables.o
LOAD ..\obj\stm32l1xx_crc.o
LOAD ..\obj\usbd_ioreq.o
LOAD ..\obj\usbd_cdc_core.o
LOAD ..\obj\deca_spi.o
LOAD ..\obj\stm32l1xx_dac.o
LOAD ..\obj\stm32l1xx_rtc.o
LOAD ..\obj\stm32l1xx_lcd.o
LOAD ..\obj\instance.o
LOAD ..\obj\stm32l1xx_rcc.o
LOAD ..\obj\deca_mutex.o
LOAD ..\obj\stm32l1xx_sdio.o
LOAD ..\obj\stm32l1xx_tim.o
LOAD ..\obj\stm32l1xx_aes.o
LOAD ..\obj\stm32l1xx_adc.o
LOAD ..\obj\usb_hcd_int.o
LOAD ..\obj\port.o
LOAD ..\obj\deca_device.o
LOAD ..\obj\stm32l1xx_it.o
LOAD ..\obj\usbd_req.o
LOAD ..\obj\system_stm32l1xx.o
LOAD ..\obj\deca_usb.o
LOAD ..\obj\stm32l1xx_dbgmcu.o
LOAD ..\obj\instance_common.o
LOAD ..\obj\deca_params_init.o
LOAD ..\obj\instance_calib.o
LOAD ..\obj\usb_core.o
LOAD ..\obj\stm32l1xx_wwdg.o
LOAD ..\obj\usb_hcd.o
LOAD ..\obj\main.o
LOAD ..\obj\stm32l1xx_i2c.o
LOAD ..\obj\stm32l1xx_comp.o
LOAD ..\obj\usb_dcd_int.o
LOAD ..\obj\deca_usb_bsp_evk1000.o
LOAD ..\obj\syscalls.o
LOAD ..\obj\stm32l_discovery_lcd.o
LOAD ..\obj\stm32l1xx_usart.o
LOAD ..\obj\usb_dcd.o
LOAD ..\obj\startup_stm32l1xx_mdp.o
LOAD ..\obj\usbd_core.o
LOAD ..\obj\stm32l1xx_iwdg.o
LOAD ..\obj\unistd.o
LOAD ..\obj\core_cm3.o
LOAD ..\obj\stm32l1xx_aes_util.o
LOAD ..\obj\stm32l1xx_fsmc.o
LOAD ..\obj\dma_spi.o
LOAD ..\obj\stm32l1xx_pwr.o
LOAD ..\obj\stm32l1xx_opamp.o
LOAD ..\obj\stm32l1xx_spi.o
LOAD ..\obj\misc.o
LOAD ..\obj\usbd_usr.o
LOAD ..\obj\stm32l1xx_gpio.o
LOAD c:/program files (x86)/gnu tools arm embedded/5.4 2016q3/bin/../lib/gcc/arm-none-eabi/5.4.1/../../../../arm-none-eabi/lib/armv7-m\libm.a
LOAD c:/program files (x86)/gnu tools arm embedded/5.4 2016q3/bin/../lib/gcc/arm-none-eabi/5.4.1/armv7-m\libgcc.a
LOAD c:/program files (x86)/gnu tools arm embedded/5.4 2016q3/bin/../lib/gcc/arm-none-eabi/5.4.1/../../../../arm-none-eabi/lib/armv7-m\libc.a
START GROUP
LOAD c:/program files (x86)/gnu tools arm embedded/5.4 2016q3/bin/../lib/gcc/arm-none-eabi/5.4.1/armv7-m\libgcc.a
LOAD c:/program files (x86)/gnu tools arm embedded/5.4 2016q3/bin/../lib/gcc/arm-none-eabi/5.4.1/../../../../arm-none-eabi/lib/armv7-m\libg.a
LOAD c:/program files (x86)/gnu tools arm embedded/5.4 2016q3/bin/../lib/gcc/arm-none-eabi/5.4.1/../../../../arm-none-eabi/lib/armv7-m\libc.a
END GROUP
LOAD c:/program files (x86)/gnu tools arm embedded/5.4 2016q3/bin/../lib/gcc/arm-none-eabi/5.4.1/armv7-m/crtend.o
LOAD c:/program files (x86)/gnu tools arm embedded/5.4 2016q3/bin/../lib/gcc/arm-none-eabi/5.4.1/armv7-m/crtn.o
OUTPUT(Projet_Sur_Nucleo.elf elf32-littlearm)

.debug_info     0x00000000    0x124c0
 .debug_info    0x00000000      0x4e3 ..\obj\stm32l1xx_syscfg.o
 .debug_info    0x000004e3      0x332 ..\obj\stm32l1xx_exti.o
 .debug_info    0x00000815      0xdd6 ..\obj\stm32l1xx_flash.o
 .debug_info    0x000015eb      0x21e ..\obj\deca_range_tables.o
 .debug_info    0x00001809      0x461 ..\obj\deca_spi.o
 .debug_info    0x00001c6a     0x1125 ..\obj\stm32l1xx_rtc.o
 .debug_info    0x00002d8f      0x4b2 ..\obj\stm32l1xx_lcd.o
 .debug_info    0x00003241     0x12f4 ..\obj\instance.o
 .debug_info    0x00004535      0xa0f ..\obj\stm32l1xx_rcc.o
 .debug_info    0x00004f44      0x42f ..\obj\deca_mutex.o
 .debug_info    0x00005373     0x1955 ..\obj\stm32l1xx_tim.o
 .debug_info    0x00006cc8      0xc9b ..\obj\stm32l1xx_adc.o
 .debug_info    0x00007963      0xef9 ..\obj\port.o
 .debug_info    0x0000885c     0x1937 ..\obj\deca_device.o
 .debug_info    0x0000a193      0xe00 ..\obj\stm32l1xx_it.o
 .debug_info    0x0000af93      0x51c ..\obj\system_stm32l1xx.o
 .debug_info    0x0000b4af     0x1907 ..\obj\instance_common.o
 .debug_info    0x0000cdb6      0x282 ..\obj\deca_params_init.o
 .debug_info    0x0000d038      0xdde ..\obj\instance_calib.o
 .debug_info    0x0000de16     0x1957 ..\obj\main.o
 .debug_info    0x0000f76d      0x581 ..\obj\syscalls.o
 .debug_info    0x0000fcee      0x6f9 ..\obj\stm32l_discovery_lcd.o
 .debug_info    0x000103e7      0x133 ..\obj\startup_stm32l1xx_mdp.o
 .debug_info    0x0001051a      0x130 ..\obj\unistd.o
 .debug_info    0x0001064a      0x527 ..\obj\core_cm3.o
 .debug_info    0x00010b71      0x548 ..\obj\stm32l1xx_pwr.o
 .debug_info    0x000110b9      0x8d9 ..\obj\stm32l1xx_spi.o
 .debug_info    0x00011992      0x4f2 ..\obj\misc.o
 .debug_info    0x00011e84      0x63c ..\obj\stm32l1xx_gpio.o

.debug_abbrev   0x00000000     0x2f69
 .debug_abbrev  0x00000000      0x178 ..\obj\stm32l1xx_syscfg.o
 .debug_abbrev  0x00000178      0x1a9 ..\obj\stm32l1xx_exti.o
 .debug_abbrev  0x00000321      0x1c8 ..\obj\stm32l1xx_flash.o
 .debug_abbrev  0x000004e9       0xca ..\obj\deca_range_tables.o
 .debug_abbrev  0x000005b3      0x16b ..\obj\deca_spi.o
 .debug_abbrev  0x0000071e      0x1b0 ..\obj\stm32l1xx_rtc.o
 .debug_abbrev  0x000008ce      0x1b3 ..\obj\stm32l1xx_lcd.o
 .debug_abbrev  0x00000a81      0x292 ..\obj\instance.o
 .debug_abbrev  0x00000d13      0x1e5 ..\obj\stm32l1xx_rcc.o
 .debug_abbrev  0x00000ef8      0x14f ..\obj\deca_mutex.o
 .debug_abbrev  0x00001047      0x1b2 ..\obj\stm32l1xx_tim.o
 .debug_abbrev  0x000011f9      0x180 ..\obj\stm32l1xx_adc.o
 .debug_abbrev  0x00001379      0x2f9 ..\obj\port.o
 .debug_abbrev  0x00001672      0x292 ..\obj\deca_device.o
 .debug_abbrev  0x00001904      0x206 ..\obj\stm32l1xx_it.o
 .debug_abbrev  0x00001b0a      0x172 ..\obj\system_stm32l1xx.o
 .debug_abbrev  0x00001c7c      0x2ee ..\obj\instance_common.o
 .debug_abbrev  0x00001f6a       0x79 ..\obj\deca_params_init.o
 .debug_abbrev  0x00001fe3      0x1b6 ..\obj\instance_calib.o
 .debug_abbrev  0x00002199      0x2e3 ..\obj\main.o
 .debug_abbrev  0x0000247c      0x15a ..\obj\syscalls.o
 .debug_abbrev  0x000025d6      0x1ea ..\obj\stm32l_discovery_lcd.o
 .debug_abbrev  0x000027c0       0x12 ..\obj\startup_stm32l1xx_mdp.o
 .debug_abbrev  0x000027d2       0x8b ..\obj\unistd.o
 .debug_abbrev  0x0000285d       0xac ..\obj\core_cm3.o
 .debug_abbrev  0x00002909      0x1e3 ..\obj\stm32l1xx_pwr.o
 .debug_abbrev  0x00002aec      0x180 ..\obj\stm32l1xx_spi.o
 .debug_abbrev  0x00002c6c      0x156 ..\obj\misc.o
 .debug_abbrev  0x00002dc2      0x1a7 ..\obj\stm32l1xx_gpio.o

.debug_aranges  0x00000000     0x1628
 .debug_aranges
                0x00000000       0x80 ..\obj\stm32l1xx_syscfg.o
 .debug_aranges
                0x00000080       0x58 ..\obj\stm32l1xx_exti.o
 .debug_aranges
                0x000000d8      0x190 ..\obj\stm32l1xx_flash.o
 .debug_aranges
                0x00000268       0x20 ..\obj\deca_range_tables.o
 .debug_aranges
                0x00000288       0x40 ..\obj\deca_spi.o
 .debug_aranges
                0x000002c8      0x1d0 ..\obj\stm32l1xx_rtc.o
 .debug_aranges
                0x00000498       0xa8 ..\obj\stm32l1xx_lcd.o
 .debug_aranges
                0x00000540       0x70 ..\obj\instance.o
 .debug_aranges
                0x000005b0      0x148 ..\obj\stm32l1xx_rcc.o
 .debug_aranges
                0x000006f8       0x38 ..\obj\deca_mutex.o
 .debug_aranges
                0x00000730      0x2b8 ..\obj\stm32l1xx_tim.o
 .debug_aranges
                0x000009e8      0x148 ..\obj\stm32l1xx_adc.o
 .debug_aranges
                0x00000b30       0xe0 ..\obj\port.o
 .debug_aranges
                0x00000c10      0x2c0 ..\obj\deca_device.o
 .debug_aranges
                0x00000ed0       0x98 ..\obj\stm32l1xx_it.o
 .debug_aranges
                0x00000f68       0x30 ..\obj\system_stm32l1xx.o
 .debug_aranges
                0x00000f98      0x198 ..\obj\instance_common.o
 .debug_aranges
                0x00001130       0x18 ..\obj\deca_params_init.o
 .debug_aranges
                0x00001148       0x38 ..\obj\instance_calib.o
 .debug_aranges
                0x00001180       0x80 ..\obj\main.o
 .debug_aranges
                0x00001200       0x70 ..\obj\syscalls.o
 .debug_aranges
                0x00001270       0x68 ..\obj\stm32l_discovery_lcd.o
 .debug_aranges
                0x000012d8       0x28 ..\obj\startup_stm32l1xx_mdp.o
 .debug_aranges
                0x00001300       0x28 ..\obj\unistd.o
 .debug_aranges
                0x00001328       0xc8 ..\obj\core_cm3.o
 .debug_aranges
                0x000013f0       0xa0 ..\obj\stm32l1xx_pwr.o
 .debug_aranges
                0x00001490       0xd0 ..\obj\stm32l1xx_spi.o
 .debug_aranges
                0x00001560       0x40 ..\obj\misc.o
 .debug_aranges
                0x000015a0       0x88 ..\obj\stm32l1xx_gpio.o

.debug_ranges   0x00000000     0x14b8
 .debug_ranges  0x00000000       0x70 ..\obj\stm32l1xx_syscfg.o
 .debug_ranges  0x00000070       0x48 ..\obj\stm32l1xx_exti.o
 .debug_ranges  0x000000b8      0x180 ..\obj\stm32l1xx_flash.o
 .debug_ranges  0x00000238       0x10 ..\obj\deca_range_tables.o
 .debug_ranges  0x00000248       0x30 ..\obj\deca_spi.o
 .debug_ranges  0x00000278      0x1c0 ..\obj\stm32l1xx_rtc.o
 .debug_ranges  0x00000438       0x98 ..\obj\stm32l1xx_lcd.o
 .debug_ranges  0x000004d0       0x78 ..\obj\instance.o
 .debug_ranges  0x00000548      0x138 ..\obj\stm32l1xx_rcc.o
 .debug_ranges  0x00000680       0x28 ..\obj\deca_mutex.o
 .debug_ranges  0x000006a8      0x2a8 ..\obj\stm32l1xx_tim.o
 .debug_ranges  0x00000950      0x138 ..\obj\stm32l1xx_adc.o
 .debug_ranges  0x00000a88       0xd0 ..\obj\port.o
 .debug_ranges  0x00000b58      0x2f8 ..\obj\deca_device.o
 .debug_ranges  0x00000e50       0x88 ..\obj\stm32l1xx_it.o
 .debug_ranges  0x00000ed8       0x20 ..\obj\system_stm32l1xx.o
 .debug_ranges  0x00000ef8      0x188 ..\obj\instance_common.o
 .debug_ranges  0x00001080       0x28 ..\obj\instance_calib.o
 .debug_ranges  0x000010a8       0x70 ..\obj\main.o
 .debug_ranges  0x00001118       0x60 ..\obj\syscalls.o
 .debug_ranges  0x00001178       0x58 ..\obj\stm32l_discovery_lcd.o
 .debug_ranges  0x000011d0       0x20 ..\obj\startup_stm32l1xx_mdp.o
 .debug_ranges  0x000011f0       0x18 ..\obj\unistd.o
 .debug_ranges  0x00001208       0xb8 ..\obj\core_cm3.o
 .debug_ranges  0x000012c0       0x90 ..\obj\stm32l1xx_pwr.o
 .debug_ranges  0x00001350       0xc0 ..\obj\stm32l1xx_spi.o
 .debug_ranges  0x00001410       0x30 ..\obj\misc.o
 .debug_ranges  0x00001440       0x78 ..\obj\stm32l1xx_gpio.o

.debug_line     0x00000000     0x8430
 .debug_line    0x00000000      0x3ba ..\obj\stm32l1xx_syscfg.o
 .debug_line    0x000003ba      0x359 ..\obj\stm32l1xx_exti.o
 .debug_line    0x00000713      0x720 ..\obj\stm32l1xx_flash.o
 .debug_line    0x00000e33       0xec ..\obj\deca_range_tables.o
 .debug_line    0x00000f1f      0x39e ..\obj\deca_spi.o
 .debug_line    0x000012bd      0x8c0 ..\obj\stm32l1xx_rtc.o
 .debug_line    0x00001b7d      0x41f ..\obj\stm32l1xx_lcd.o
 .debug_line    0x00001f9c      0x5be ..\obj\instance.o
 .debug_line    0x0000255a      0x5de ..\obj\stm32l1xx_rcc.o
 .debug_line    0x00002b38      0x2b8 ..\obj\deca_mutex.o
 .debug_line    0x00002df0      0xa46 ..\obj\stm32l1xx_tim.o
 .debug_line    0x00003836      0x64f ..\obj\stm32l1xx_adc.o
 .debug_line    0x00003e85      0x60b ..\obj\port.o
 .debug_line    0x00004490      0xbc1 ..\obj\deca_device.o
 .debug_line    0x00005051      0x3c6 ..\obj\stm32l1xx_it.o
 .debug_line    0x00005417      0x26c ..\obj\system_stm32l1xx.o
 .debug_line    0x00005683      0x823 ..\obj\instance_common.o
 .debug_line    0x00005ea6       0xa2 ..\obj\deca_params_init.o
 .debug_line    0x00005f48      0x2a3 ..\obj\instance_calib.o
 .debug_line    0x000061eb      0x5a2 ..\obj\main.o
 .debug_line    0x0000678d      0x33c ..\obj\syscalls.o
 .debug_line    0x00006ac9      0x4af ..\obj\stm32l_discovery_lcd.o
 .debug_line    0x00006f78      0x106 ..\obj\startup_stm32l1xx_mdp.o
 .debug_line    0x0000707e      0x112 ..\obj\unistd.o
 .debug_line    0x00007190      0x2f5 ..\obj\core_cm3.o
 .debug_line    0x00007485      0x3a6 ..\obj\stm32l1xx_pwr.o
 .debug_line    0x0000782b      0x4e4 ..\obj\stm32l1xx_spi.o
 .debug_line    0x00007d0f      0x2ff ..\obj\misc.o
 .debug_line    0x0000800e      0x422 ..\obj\stm32l1xx_gpio.o

.debug_str      0x00000000     0x6e1e
 .debug_str     0x00000000      0x44d ..\obj\stm32l1xx_syscfg.o
                                0x4a5 (size before relaxing)
 .debug_str     0x0000044d      0x1fc ..\obj\stm32l1xx_exti.o
                                0x383 (size before relaxing)
 .debug_str     0x00000649      0x639 ..\obj\stm32l1xx_flash.o
                                0x810 (size before relaxing)
 .debug_str     0x00000c82      0x16b ..\obj\deca_range_tables.o
                                0x2aa (size before relaxing)
 .debug_str     0x00000ded      0x1c2 ..\obj\deca_spi.o
                                0x3c7 (size before relaxing)
 .debug_str     0x00000faf      0x9b4 ..\obj\stm32l1xx_rtc.o
                                0xb83 (size before relaxing)
 .debug_str     0x00001963      0x276 ..\obj\stm32l1xx_lcd.o
                                0x44a (size before relaxing)
 .debug_str     0x00001bd9      0x9c5 ..\obj\instance.o
                                0xcae (size before relaxing)
 .debug_str     0x0000259e      0x531 ..\obj\stm32l1xx_rcc.o
                                0x746 (size before relaxing)
 .debug_str     0x00002acf      0x403 ..\obj\deca_mutex.o
                                0x62c (size before relaxing)
 .debug_str     0x00002ed2      0xa1c ..\obj\stm32l1xx_tim.o
                                0xc7c (size before relaxing)
 .debug_str     0x000038ee      0x63c ..\obj\stm32l1xx_adc.o
                                0x82c (size before relaxing)
 .debug_str     0x00003f2a      0x56e ..\obj\port.o
                                0xd6e (size before relaxing)
 .debug_str     0x00004498      0xa80 ..\obj\deca_device.o
                                0xdc8 (size before relaxing)
 .debug_str     0x00004f18      0x8cd ..\obj\stm32l1xx_it.o
                                0xbd0 (size before relaxing)
 .debug_str     0x000057e5       0xb0 ..\obj\system_stm32l1xx.o
                                0x392 (size before relaxing)
 .debug_str     0x00005895      0x574 ..\obj\instance_common.o
                               0x1052 (size before relaxing)
 .debug_str     0x00005e09       0x57 ..\obj\deca_params_init.o
                                0x2af (size before relaxing)
 .debug_str     0x00005e60       0xaf ..\obj\instance_calib.o
                                0xa85 (size before relaxing)
 .debug_str     0x00005f0f      0x1c6 ..\obj\main.o
                               0x13a3 (size before relaxing)
 .debug_str     0x000060d5      0x1f0 ..\obj\syscalls.o
                                0x435 (size before relaxing)
 .debug_str     0x000062c5      0x1a2 ..\obj\stm32l_discovery_lcd.o
                                0x56a (size before relaxing)
 .debug_str     0x00006467       0x63 ..\obj\unistd.o
                                0x233 (size before relaxing)
 .debug_str     0x000064ca      0x19b ..\obj\core_cm3.o
                                0x31b (size before relaxing)
 .debug_str     0x00006665      0x1e0 ..\obj\stm32l1xx_pwr.o
                                0x3f8 (size before relaxing)
 .debug_str     0x00006845      0x2eb ..\obj\stm32l1xx_spi.o
                                0x633 (size before relaxing)
 .debug_str     0x00006b30      0x131 ..\obj\misc.o
                                0x3ff (size before relaxing)
 .debug_str     0x00006c61      0x1bd ..\obj\stm32l1xx_gpio.o
                                0x4ff (size before relaxing)

.comment        0x00000000       0x6e
 .comment       0x00000000       0x6e ..\obj\stm32l1xx_syscfg.o
                                 0x6f (size before relaxing)
 .comment       0x0000006e       0x6f ..\obj\stm32l1xx_exti.o
 .comment       0x0000006e       0x6f ..\obj\stm32l1xx_flash.o
 .comment       0x0000006e       0x6f ..\obj\deca_range_tables.o
 .comment       0x0000006e       0x6f ..\obj\deca_spi.o
 .comment       0x0000006e       0x6f ..\obj\stm32l1xx_rtc.o
 .comment       0x0000006e       0x6f ..\obj\stm32l1xx_lcd.o
 .comment       0x0000006e       0x6f ..\obj\instance.o
 .comment       0x0000006e       0x6f ..\obj\stm32l1xx_rcc.o
 .comment       0x0000006e       0x6f ..\obj\deca_mutex.o
 .comment       0x0000006e       0x6f ..\obj\stm32l1xx_tim.o
 .comment       0x0000006e       0x6f ..\obj\stm32l1xx_adc.o
 .comment       0x0000006e       0x6f ..\obj\port.o
 .comment       0x0000006e       0x6f ..\obj\deca_device.o
 .comment       0x0000006e       0x6f ..\obj\stm32l1xx_it.o
 .comment       0x0000006e       0x6f ..\obj\system_stm32l1xx.o
 .comment       0x0000006e       0x6f ..\obj\instance_common.o
 .comment       0x0000006e       0x6f ..\obj\deca_params_init.o
 .comment       0x0000006e       0x6f ..\obj\instance_calib.o
 .comment       0x0000006e       0x6f ..\obj\main.o
 .comment       0x0000006e       0x6f ..\obj\syscalls.o
 .comment       0x0000006e       0x6f ..\obj\stm32l_discovery_lcd.o
 .comment       0x0000006e       0x6f ..\obj\unistd.o
 .comment       0x0000006e       0x6f ..\obj\core_cm3.o
 .comment       0x0000006e       0x6f ..\obj\stm32l1xx_pwr.o
 .comment       0x0000006e       0x6f ..\obj\stm32l1xx_spi.o
 .comment       0x0000006e       0x6f ..\obj\misc.o
 .comment       0x0000006e       0x6f ..\obj\stm32l1xx_gpio.o

.debug_frame    0x00000000     0x641c
 .debug_frame   0x00000000      0x1fc ..\obj\stm32l1xx_syscfg.o
 .debug_frame   0x000001fc      0x148 ..\obj\stm32l1xx_exti.o
 .debug_frame   0x00000344      0x69c ..\obj\stm32l1xx_flash.o
 .debug_frame   0x000009e0       0x38 ..\obj\deca_range_tables.o