Archive member included to satisfy reference by file (symbol)

c:/program files (x86)/gnu tools arm embedded/5.4 2016q3/bin/../lib/gcc/arm-none-eabi/5.4.1/../../../../arm-none-eabi/lib/armv7-m\libc.a(lib_a-exit.o)
                              c:/program files (x86)/gnu tools arm embedded/5.4 2016q3/bin/../lib/gcc/arm-none-eabi/5.4.1/../../../../arm-none-eabi/lib/armv7-m/crt0.o (exit)
c:/program files (x86)/gnu tools arm embedded/5.4 2016q3/bin/../lib/gcc/arm-none-eabi/5.4.1/../../../../arm-none-eabi/lib/armv7-m\libc.a(lib_a-impure.o)
                              c:/program files (x86)/gnu tools arm embedded/5.4 2016q3/bin/../lib/gcc/arm-none-eabi/5.4.1/../../../../arm-none-eabi/lib/armv7-m\libc.a(lib_a-exit.o) (_global_impure_ptr)
c:/program files (x86)/gnu tools arm embedded/5.4 2016q3/bin/../lib/gcc/arm-none-eabi/5.4.1/../../../../arm-none-eabi/lib/armv7-m\libc.a(lib_a-init.o)
                              c:/program files (x86)/gnu tools arm embedded/5.4 2016q3/bin/../lib/gcc/arm-none-eabi/5.4.1/../../../../arm-none-eabi/lib/armv7-m/crt0.o (__libc_init_array)
c:/program files (x86)/gnu tools arm embedded/5.4 2016q3/bin/../lib/gcc/arm-none-eabi/5.4.1/../../../../arm-none-eabi/lib/armv7-m\libc.a(lib_a-memset.o)
                              c:/program files (x86)/gnu tools arm embedded/5.4 2016q3/bin/../lib/gcc/arm-none-eabi/5.4.1/../../../../arm-none-eabi/lib/armv7-m/crt0.o (memset)
c:/program files (x86)/gnu tools arm embedded/5.4 2016q3/bin/../lib/gcc/arm-none-eabi/5.4.1/../../../../arm-none-eabi/lib/armv7-m\libc.a(lib_a-__call_atexit.o)
                              c:/program files (x86)/gnu tools arm embedded/5.4 2016q3/bin/../lib/gcc/arm-none-eabi/5.4.1/../../../../arm-none-eabi/lib/armv7-m\libc.a(lib_a-exit.o) (__call_exitprocs)
c:/program files (x86)/gnu tools arm embedded/5.4 2016q3/bin/../lib/gcc/arm-none-eabi/5.4.1/../../../../arm-none-eabi/lib/armv7-m\libc.a(lib_a-atexit.o)
                              c:/program files (x86)/gnu tools arm embedded/5.4 2016q3/bin/../lib/gcc/arm-none-eabi/5.4.1/../../../../arm-none-eabi/lib/armv7-m\libc.a(lib_a-__call_atexit.o) (atexit)
c:/program files (x86)/gnu tools arm embedded/5.4 2016q3/bin/../lib/gcc/arm-none-eabi/5.4.1/../../../../arm-none-eabi/lib/armv7-m\libc.a(lib_a-fini.o)
                              c:/program files (x86)/gnu tools arm embedded/5.4 2016q3/bin/../lib/gcc/arm-none-eabi/5.4.1/../../../../arm-none-eabi/lib/armv7-m\libc.a(lib_a-__call_atexit.o) (__libc_fini_array)
c:/program files (x86)/gnu tools arm embedded/5.4 2016q3/bin/../lib/gcc/arm-none-eabi/5.4.1/../../../../arm-none-eabi/lib/armv7-m\libc.a(lib_a-__atexit.o)
                              c:/program files (x86)/gnu tools arm embedded/5.4 2016q3/bin/../lib/gcc/arm-none-eabi/5.4.1/../../../../arm-none-eabi/lib/armv7-m\libc.a(lib_a-atexit.o) (__register_exitproc)
c:/program files (x86)/gnu tools arm embedded/5.4 2016q3/bin/../lib/gcc/arm-none-eabi/5.4.1/armv7-m\libgcc.a(_arm_addsubdf3.o)
                              ..\obj\instance.o (__aeabi_dsub)
c:/program files (x86)/gnu tools arm embedded/5.4 2016q3/bin/../lib/gcc/arm-none-eabi/5.4.1/armv7-m\libgcc.a(_arm_muldivdf3.o)
                              ..\obj\deca_range_tables.o (__aeabi_dmul)
c:/program files (x86)/gnu tools arm embedded/5.4 2016q3/bin/../lib/gcc/arm-none-eabi/5.4.1/armv7-m\libgcc.a(_arm_cmpdf2.o)
                              ..\obj\instance_common.o (__aeabi_dcmplt)
c:/program files (x86)/gnu tools arm embedded/5.4 2016q3/bin/../lib/gcc/arm-none-eabi/5.4.1/armv7-m\libgcc.a(_arm_fixdfsi.o)
                              ..\obj\deca_range_tables.o (__aeabi_d2iz)
c:/program files (x86)/gnu tools arm embedded/5.4 2016q3/bin/../lib/gcc/arm-none-eabi/5.4.1/armv7-m\libgcc.a(_arm_fixunsdfsi.o)
                              ..\obj\instance_common.o (__aeabi_d2uiz)
c:/program files (x86)/gnu tools arm embedded/5.4 2016q3/bin/../lib/gcc/arm-none-eabi/5.4.1/armv7-m\libgcc.a(_arm_truncdfsf2.o)
                              ..\obj\instance_common.o (__aeabi_d2f)
c:/program files (x86)/gnu tools arm embedded/5.4 2016q3/bin/../lib/gcc/arm-none-eabi/5.4.1/armv7-m\libgcc.a(_arm_addsubsf3.o)
                              ..\obj\deca_range_tables.o (__aeabi_i2f)
c:/program files (x86)/gnu tools arm embedded/5.4 2016q3/bin/../lib/gcc/arm-none-eabi/5.4.1/armv7-m\libgcc.a(_fixdfdi.o)
                              ..\obj\instance.o (__aeabi_d2lz)
c:/program files (x86)/gnu tools arm embedded/5.4 2016q3/bin/../lib/gcc/arm-none-eabi/5.4.1/armv7-m\libgcc.a(_fixunsdfdi.o)
                              ..\obj\instance_common.o (__aeabi_d2ulz)
c:/program files (x86)/gnu tools arm embedded/5.4 2016q3/bin/../lib/gcc/arm-none-eabi/5.4.1/../../../../arm-none-eabi/lib/armv7-m\libc.a(lib_a-clock.o)
                              ..\obj\unistd.o (clock)
c:/program files (x86)/gnu tools arm embedded/5.4 2016q3/bin/../lib/gcc/arm-none-eabi/5.4.1/../../../../arm-none-eabi/lib/armv7-m\libc.a(lib_a-memcmp.o)
[...]
Memory Configuration

Name             Origin             Length             Attributes
FLASH            0x08000000         0x00040000         xr
RAM              0x20000000         0x00010000         xrw
MEMORY_B1        0x60000000         0x00000000         xr
*default*        0x00000000         0xffffffff

Linker script and memory map

LOAD c:/program files (x86)/gnu tools arm embedded/5.4 2016q3/bin/../lib/gcc/arm-none-eabi/5.4.1/armv7-m/crti.o
LOAD c:/program files (x86)/gnu tools arm embedded/5.4 2016q3/bin/../lib/gcc/arm-none-eabi/5.4.1/armv7-m/crtbegin.o
LOAD c:/program files (x86)/gnu tools arm embedded/5.4 2016q3/bin/../lib/gcc/arm-none-eabi/5.4.1/../../../../arm-none-eabi/lib/armv7-m/crt0.o
                0x20010000                _estack = 0x20010000
                0x00000400                _Min_Heap_Size = 0x400
                0x00000400                _Min_Stack_Size = 0x400

.isr_vector     0x08000000      0x13c
                0x08000000                . = ALIGN (0x4)
 *(.isr_vector)
 .isr_vector    0x08000000      0x13c ..\obj\startup_stm32l1xx_xl.o
                0x08000000                g_pfnVectors
                0x0800013c                . = ALIGN (0x4)

.text           0x08000140     0xea1c
                0x08000140                . = ALIGN (0x4)
 *(.text)
 .text          0x08000140       0x5c c:/program files (x86)/gnu tools arm embedded/5.4 2016q3/bin/../lib/gcc/arm-none-eabi/5.4.1/armv7-m/crtbegin.o
 .text          0x0800019c      0x370 c:/program files (x86)/gnu tools arm embedded/5.4 2016q3/bin/../lib/gcc/arm-none-eabi/5.4.1/armv7-m\libgcc.a(_arm_addsubdf3.o)
                0x0800019c                __aeabi_drsub
                0x080001a4                __aeabi_dsub
                0x080001a4                __subdf3
                0x080001a8                __aeabi_dadd
                0x080001a8                __adddf3
                0x08000420                __floatunsidf
                0x08000420                __aeabi_ui2d
                0x08000440                __floatsidf
                0x08000440                __aeabi_i2d
                0x08000464                __aeabi_f2d
                0x08000464                __extendsfdf2
                0x080004a0                __floatundidf
                0x080004a0                __aeabi_ul2d
                0x080004b0                __floatdidf
                0x080004b0                __aeabi_l2d
 .text          0x0800050c      0x424 c:/program files (x86)/gnu tools arm embedded/5.4 2016q3/bin/../lib/gcc/arm-none-eabi/5.4.1/armv7-m\libgcc.a(_arm_muldivdf3.o)
                0x0800050c                __aeabi_dmul
                0x0800050c                __muldf3
                0x08000760                __divdf3
                0x08000760                __aeabi_ddiv
 .text          0x08000930      0x110 c:/program files (x86)/gnu tools arm embedded/5.4 2016q3/bin/../lib/gcc/arm-none-eabi/5.4.1/armv7-m\libgcc.a(_arm_cmpdf2.o)
                0x08000930                __gtdf2
                0x08000930                __gedf2
                0x08000938                __ltdf2
                0x08000938                __ledf2
                0x08000940                __nedf2
                0x08000940                __eqdf2
                0x08000940                __cmpdf2
                0x080009bc                __aeabi_cdrcmple
                0x080009cc                __aeabi_cdcmpeq
                0x080009cc                __aeabi_cdcmple
                0x080009dc                __aeabi_dcmpeq
                0x080009f0                __aeabi_dcmplt
                0x08000a04                __aeabi_dcmple
                0x08000a18                __aeabi_dcmpge
                0x08000a2c                __aeabi_dcmpgt
 .text          0x08000a40       0x50 c:/program files (x86)/gnu tools arm embedded/5.4 2016q3/bin/../lib/gcc/arm-none-eabi/5.4.1/armv7-m\libgcc.a(_arm_fixdfsi.o)
                0x08000a40                __aeabi_d2iz
                0x08000a40                __fixdfsi
 .text          0x08000a90       0x40 c:/program files (x86)/gnu tools arm embedded/5.4 2016q3/bin/../lib/gcc/arm-none-eabi/5.4.1/armv7-m\libgcc.a(_arm_fixunsdfsi.o)
                0x08000a90                __aeabi_d2uiz
                0x08000a90                __fixunsdfsi
 .text          0x08000ad0       0xa0 c:/program files (x86)/gnu tools arm embedded/5.4 2016q3/bin/../lib/gcc/arm-none-eabi/5.4.1/armv7-m\libgcc.a(_arm_truncdfsf2.o)
                0x08000ad0                __truncdfsf2
                0x08000ad0                __aeabi_d2f
 .text          0x08000b70      0x21c c:/program files (x86)/gnu tools arm embedded/5.4 2016q3/bin/../lib/gcc/arm-none-eabi/5.4.1/armv7-m\libgcc.a(_arm_addsubsf3.o)
                0x08000b70                __aeabi_frsub
                0x08000b78                __subsf3
                0x08000b78                __aeabi_fsub
                0x08000b7c                __aeabi_fadd
                0x08000b7c                __addsf3
                0x08000cdc                __aeabi_ui2f
                0x08000cdc                __floatunsisf
                0x08000ce4                __aeabi_i2f
                0x08000ce4                __floatsisf
                0x08000d00                __aeabi_ul2f
                0x08000d00                __floatundisf
                0x08000d10                __aeabi_l2f
                0x08000d10                __floatdisf
 .text          0x08000d8c       0x30 c:/program files (x86)/gnu tools arm embedded/5.4 2016q3/bin/../lib/gcc/arm-none-eabi/5.4.1/armv7-m\libgcc.a(_fixdfdi.o)
                0x08000d8c                __fixdfdi
                0x08000d8c                __aeabi_d2lz
 .text          0x08000dbc       0x48 c:/program files (x86)/gnu tools arm embedded/5.4 2016q3/bin/../lib/gcc/arm-none-eabi/5.4.1/armv7-m\libgcc.a(_fixunsdfdi.o)
                0x08000dbc                __fixunsdfdi
                0x08000dbc                __aeabi_d2ulz
 .text          0x08000e04       0xec c:/program files (x86)/gnu tools arm embedded/5.4 2016q3/bin/../lib/gcc/arm-none-eabi/5.4.1/../../../../arm-none-eabi/lib/armv7-m\libc.a(lib_a-memcpy.o)
                0x08000e04                memcpy
 .text          0x08000ef0       0x2c c:/program files (x86)/gnu tools arm embedded/5.4 2016q3/bin/../lib/gcc/arm-none-eabi/5.4.1/armv7-m\libgcc.a(_arm_unorddf2.o)
                0x08000ef0                __unorddf2
                0x08000ef0                __aeabi_dcmpun
 .text          0x08000f1c       0x30 c:/program files (x86)/gnu tools arm embedded/5.4 2016q3/bin/../lib/gcc/arm-none-eabi/5.4.1/armv7-m\libgcc.a(_aeabi_uldivmod.o)
                0x08000f1c                __aeabi_uldivmod
 .text          0x08000f4c      0x2ec c:/program files (x86)/gnu tools arm embedded/5.4 2016q3/bin/../lib/gcc/arm-none-eabi/5.4.1/armv7-m\libgcc.a(_udivmoddi4.o)
                0x08000f4c                __udivmoddi4
 .text          0x08001238        0x4 c:/program files (x86)/gnu tools arm embedded/5.4 2016q3/bin/../lib/gcc/arm-none-eabi/5.4.1/armv7-m\libgcc.a(_dvmd_tls.o)
                0x08001238                __aeabi_idiv0
                0x08001238                __aeabi_ldiv0
 *(.text*)
 .text.memset   0x0800123c       0x9c c:/program files (x86)/gnu tools arm embedded/5.4 2016q3/bin/../lib/gcc/arm-none-eabi/5.4.1/../../../../arm-none-eabi/lib/armv7-m\libc.a(lib_a-memset.o)
                0x0800123c                memset
 .text.startup.register_fini
                0x080012d8       0x14 c:/program files (x86)/gnu tools arm embedded/5.4 2016q3/bin/../lib/gcc/arm-none-eabi/5.4.1/../../../../arm-none-eabi/lib/armv7-m\libc.a(lib_a-__call_atexit.o)
 .text.atexit   0x080012ec        0xc c:/program files (x86)/gnu tools arm embedded/5.4 2016q3/bin/../lib/gcc/arm-none-eabi/5.4.1/../../../../arm-none-eabi/lib/armv7-m\libc.a(lib_a-atexit.o)
                0x080012ec                atexit
 .text.__libc_fini_array
                0x080012f8       0x28 c:/program files (x86)/gnu tools arm embedded/5.4 2016q3/bin/../lib/gcc/arm-none-eabi/5.4.1/../../../../arm-none-eabi/lib/armv7-m\libc.a(lib_a-fini.o)
                0x080012f8                __libc_fini_array
 .text.__register_exitproc
                0x08001320       0xa4 c:/program files (x86)/gnu tools arm embedded/5.4 2016q3/bin/../lib/gcc/arm-none-eabi/5.4.1/../../../../arm-none-eabi/lib/armv7-m\libc.a(lib_a-__atexit.o)
                0x08001320                __register_exitproc
 .text.SYSCFG_EXTILineConfig
                0x080013c4       0x84 ..\obj\stm32l1xx_syscfg.o
                0x080013c4                SYSCFG_EXTILineConfig
 .text.EXTI_Init
                0x08001448       0xe4 ..\obj\stm32l1xx_exti.o
                0x08001448                EXTI_Init
 .text.EXTI_ClearITPendingBit
                0x0800152c       0x1c ..\obj\stm32l1xx_exti.o
                0x0800152c                EXTI_ClearITPendingBit
 .text.FLASH_SetLatency
                0x08001548       0x38 ..\obj\stm32l1xx_flash.o
                0x08001548                FLASH_SetLatency
 .text.FLASH_PrefetchBufferCmd
                0x08001580       0x38 ..\obj\stm32l1xx_flash.o
                0x08001580                FLASH_PrefetchBufferCmd
 .text.USBD_USR_DeviceDescriptor
                0x080015b8       0x24 ..\obj\usbd_desc.o
                0x080015b8                USBD_USR_DeviceDescriptor
 .text.USBD_USR_LangIDStrDescriptor
                0x080015dc       0x24 ..\obj\usbd_desc.o
                0x080015dc                USBD_USR_LangIDStrDescriptor
 .text.USBD_USR_ProductStrDescriptor
                0x08001600       0x40 ..\obj\usbd_desc.o
                0x08001600                USBD_USR_ProductStrDescriptor
 .text.USBD_USR_ManufacturerStrDescriptor
                0x08001640       0x28 ..\obj\usbd_desc.o
                0x08001640                USBD_USR_ManufacturerStrDescriptor
 .text.USBD_USR_SerialStrDescriptor
                0x08001668       0x40 ..\obj\usbd_desc.o
                0x08001668                USBD_USR_SerialStrDescriptor
 .text.USBD_USR_ConfigStrDescriptor
                0x080016a8       0x3c ..\obj\usbd_desc.o
                0x080016a8                USBD_USR_ConfigStrDescriptor
 .text.USBD_USR_InterfaceStrDescriptor
                0x080016e4       0x3c ..\obj\usbd_desc.o
                0x080016e4                USBD_USR_InterfaceStrDescriptor
 .text.dwt_getrangebias
                0x08001720      0x18c ..\obj\deca_range_tables.o
                0x08001720                dwt_getrangebias
 .text.USBD_CtlSendData
                0x080018ac       0x40 ..\obj\usbd_ioreq.o
                0x080018ac                USBD_CtlSendData
 .text.USBD_CtlPrepareRx
                0x080018ec       0x40 ..\obj\usbd_ioreq.o
                0x080018ec                USBD_CtlPrepareRx
 .text.usbd_cdc_Init
                0x0800192c       0x6c ..\obj\usbd_cdc_core.o
 .text.usbd_cdc_DeInit
                0x08001998       0x38 ..\obj\usbd_cdc_core.o
 .text.usbd_cdc_Setup
                0x080019d0      0x128 ..\obj\usbd_cdc_core.o
 .text.usbd_cdc_EP0_RxReady
                0x08001af8       0x40 ..\obj\usbd_cdc_core.o
 .text.usbd_cdc_DataIn
                0x08001b38       0xa8 ..\obj\usbd_cdc_core.o
 .text.usbd_cdc_DataOut
                0x08001be0       0x4c ..\obj\usbd_cdc_core.o
 .text.usbd_cdc_SOF
                0x08001c2c       0x30 ..\obj\usbd_cdc_core.o
 .text.Handle_USBAsynchXfer
                0x08001c5c       0xe0 ..\obj\usbd_cdc_core.o
 .text.USBD_cdc_GetCfgDesc
                0x08001d3c       0x24 ..\obj\usbd_cdc_core.o
 .text.writetospi_serial
                0x08001d60       0x74 ..\obj\deca_spi.o
                0x08001d60                writetospi_serial
 .text.readfromspi_serial
                0x08001dd4       0x78 ..\obj\deca_spi.o
                0x08001dd4                readfromspi_serial
 .text.writetoLCD
                0x08001e4c       0xdc ..\obj\deca_spi.o
                0x08001e4c                writetoLCD
 .text.instanceconfigframeheader
                0x08001f28       0x44 ..\obj\instance.o
                0x08001f28                instanceconfigframeheader
 .text.setupmacframedata
                0x08001f6c       0x24 ..\obj\instance.o
                0x08001f6c                setupmacframedata
 .text.instancerxon
                0x08001f90       0x48 ..\obj\instance.o
                0x08001f90                instancerxon
 .text.instancesendpacket
                0x08001fd8       0x4c ..\obj\instance.o
                0x08001fd8                instancesendpacket
 .text.testapprun_s
                0x08002024     0x103c ..\obj\instance.o
                0x08002024                testapprun_s
 .text.instance_init_s
                0x08003060       0x88 ..\obj\instance.o
                0x08003060                instance_init_s
 .text.instance_init_timings
                0x080030e8      0x374 ..\obj\instance.o
                0x080030e8                instance_init_timings
 .text.instance_get_addr
                0x0800345c      0x1bc ..\obj\instance.o
                0x0800345c                instance_get_addr
 .text.instance_get_tagaddr
                0x08003618      0x1bc ..\obj\instance.o
                0x08003618                instance_get_tagaddr
 .text.instance_get_anchaddr
                0x080037d4      0x1bc ..\obj\instance.o
                0x080037d4                instance_get_anchaddr
 .text.RCC_DeInit
                0x08003990       0x5c ..\obj\stm32l1xx_rcc.o
                0x08003990                RCC_DeInit
 .text.RCC_MSIRangeConfig
                0x080039ec       0x38 ..\obj\stm32l1xx_rcc.o
                0x080039ec                RCC_MSIRangeConfig
 .text.RCC_MSICmd
                0x08003a24       0x20 ..\obj\stm32l1xx_rcc.o
                0x08003a24                RCC_MSICmd
 .text.RCC_HSICmd
                0x08003a44       0x20 ..\obj\stm32l1xx_rcc.o
                0x08003a44                RCC_HSICmd
 .text.RCC_LSICmd
                0x08003a64       0x20 ..\obj\stm32l1xx_rcc.o
                0x08003a64                RCC_LSICmd
 .text.RCC_PLLConfig
                0x08003a84       0x34 ..\obj\stm32l1xx_rcc.o
                0x08003a84                RCC_PLLConfig
 .text.RCC_PLLCmd
                0x08003ab8       0x20 ..\obj\stm32l1xx_rcc.o
                0x08003ab8                RCC_PLLCmd
 .text.RCC_SYSCLKConfig
                0x08003ad8       0x38 ..\obj\stm32l1xx_rcc.o
                0x08003ad8                RCC_SYSCLKConfig
 .text.RCC_GetSYSCLKSource
                0x08003b10       0x1c ..\obj\stm32l1xx_rcc.o
                0x08003b10                RCC_GetSYSCLKSource
 .text.RCC_HCLKConfig
                0x08003b2c       0x38 ..\obj\stm32l1xx_rcc.o
                0x08003b2c                RCC_HCLKConfig
 .text.RCC_PCLK1Config
                0x08003b64       0x38 ..\obj\stm32l1xx_rcc.o
                0x08003b64                RCC_PCLK1Config
 .text.RCC_PCLK2Config
                0x08003b9c       0x38 ..\obj\stm32l1xx_rcc.o
                0x08003b9c                RCC_PCLK2Config
 .text.RCC_GetClocksFreq
                0x08003bd4      0x1b4 ..\obj\stm32l1xx_rcc.o
                0x08003bd4                RCC_GetClocksFreq
 .text.RCC_AHBPeriphClockCmd
                0x08003d88       0x3c ..\obj\stm32l1xx_rcc.o
                0x08003d88                RCC_AHBPeriphClockCmd
 .text.RCC_APB2PeriphClockCmd
                0x08003dc4       0x3c ..\obj\stm32l1xx_rcc.o
                0x08003dc4                RCC_APB2PeriphClockCmd
 .text.RCC_APB1PeriphClockCmd
                0x08003e00       0x3c ..\obj\stm32l1xx_rcc.o
                0x08003e00                RCC_APB1PeriphClockCmd
 .text.RCC_APB2PeriphResetCmd
                0x08003e3c       0x3c ..\obj\stm32l1xx_rcc.o
                0x08003e3c                RCC_APB2PeriphResetCmd
 .text.RCC_APB1PeriphResetCmd
                0x08003e78       0x3c ..\obj\stm32l1xx_rcc.o
                0x08003e78                RCC_APB1PeriphResetCmd
 .text.RCC_GetFlagStatus
                0x08003eb4       0x64 ..\obj\stm32l1xx_rcc.o
                0x08003eb4                RCC_GetFlagStatus
 .text.NVIC_EnableIRQ
                0x08003f18       0x30 ..\obj\deca_mutex.o
 .text.NVIC_DisableIRQ
                0x08003f48       0x34 ..\obj\deca_mutex.o
 .text.decamutexon
                0x08003f7c       0x28 ..\obj\deca_mutex.o
                0x08003f7c                decamutexon
 .text.decamutexoff
                0x08003fa4       0x1c ..\obj\deca_mutex.o
                0x08003fa4                decamutexoff
 .text.ADC_CommonInit
                0x08003fc0       0x38 ..\obj\stm32l1xx_adc.o
                0x08003fc0                ADC_CommonInit
 .text.NVIC_SetPriority
                0x08003ff8       0x54 ..\obj\port.o
 .text.SysTick_Config
                0x0800404c       0x44 ..\obj\port.o
 .text.No_Configuration
                0x08004090       0x10 ..\obj\port.o
                0x08004090                No_Configuration
 .text.portGetTickCnt
                0x080040a0       0x14 ..\obj\port.o
                0x080040a0                portGetTickCnt
 .text.SysTick_Configuration
                0x080040b4       0x38 ..\obj\port.o
                0x080040b4                SysTick_Configuration
 .text.NVIC_Configuration
                0x080040ec       0x6c ..\obj\port.o
                0x080040ec                NVIC_Configuration
 .text.EXTI_GetITEnStatus
                0x08004158       0x3c ..\obj\port.o
                0x08004158                EXTI_GetITEnStatus
 .text.RCC_Configuration
                0x08004194      0x154 ..\obj\port.o
                0x08004194                RCC_Configuration
 .text.USART_Configuration
                0x080042e8       0x10 ..\obj\port.o
                0x080042e8                USART_Configuration
 .text.SPI_ConfigFastRate
                0x080042f8       0x58 ..\obj\port.o
                0x080042f8                SPI_ConfigFastRate
 .text.SPI_Configuration
                0x08004350       0xac ..\obj\port.o
                0x08004350                SPI_Configuration
 .text.SPI2_Configuration
                0x080043fc       0xe4 ..\obj\port.o
                0x080043fc                SPI2_Configuration
 .text.GPIO_Configuration
                0x080044e0       0xc0 ..\obj\port.o
                0x080044e0                GPIO_Configuration
 .text.reset_DW1000
                0x080045a0       0x50 ..\obj\port.o
                0x080045a0                reset_DW1000
 .text.setup_DW1000RSTnIRQ
                0x080045f0       0xa8 ..\obj\port.o
                0x080045f0                setup_DW1000RSTnIRQ
 .text.led_off  0x08004698       0x48 ..\obj\port.o
                0x08004698                led_off
 .text.led_on   0x080046e0       0x44 ..\obj\port.o
                0x080046e0                led_on
 .text.peripherals_init
                0x08004724       0x24 ..\obj\port.o
                0x08004724                peripherals_init
 .text.spi_peripheral_init
                0x08004748       0x28 ..\obj\port.o
                0x08004748                spi_peripheral_init
 .text.dwt_initialise
                0x08004770      0x20c ..\obj\deca_device.o
                0x08004770                dwt_initialise
 .text.dwt_getldotune
                0x0800497c       0x14 ..\obj\deca_device.o
                0x0800497c                dwt_getldotune
 .text.dwt_getpartid
                0x08004990       0x14 ..\obj\deca_device.o
                0x08004990                dwt_getpartid
 .text.dwt_getlotid
                0x080049a4       0x14 ..\obj\deca_device.o
                0x080049a4                dwt_getlotid
 .text.dwt_readdevid
                0x080049b8       0x14 ..\obj\deca_device.o
                0x080049b8                dwt_readdevid
 .text.dwt_configuretxrf
                0x080049cc       0x2c ..\obj\deca_device.o
                0x080049cc                dwt_configuretxrf
 .text.dwt_getotptxpower
                0x080049f8       0x3c ..\obj\deca_device.o
                0x080049f8                dwt_getotptxpower
 .text.dwt_configure
                0x08004a34      0x33c ..\obj\deca_device.o
                0x08004a34                dwt_configure
 .text.dwt_setrxantennadelay
                0x08004d70       0x2c ..\obj\deca_device.o
                0x08004d70                dwt_setrxantennadelay
 .text.dwt_settxantennadelay
                0x08004d9c       0x2c ..\obj\deca_device.o
                0x08004d9c                dwt_settxantennadelay
 .text.dwt_readantennadelay
                0x08004dc8       0x28 ..\obj\deca_device.o
                0x08004dc8                dwt_readantennadelay
 .text.dwt_writetxdata
                0x08004df0       0x20 ..\obj\deca_device.o
                0x08004df0                dwt_writetxdata
 .text.dwt_writetxfctrl
                0x08004e10       0x1c ..\obj\deca_device.o
                0x08004e10                dwt_writetxfctrl
 .text.dwt_readrxdata
                0x08004e2c       0x14 ..\obj\deca_device.o
                0x08004e2c                dwt_readrxdata
 .text.dwt_readtxtimestamp
                0x08004e40        0xc ..\obj\deca_device.o
                0x08004e40                dwt_readtxtimestamp
 .text.dwt_readrxtimestamp
                0x08004e4c        0xc ..\obj\deca_device.o
                0x08004e4c                dwt_readrxtimestamp
 .text.dwt_writetodevice
                0x08004e58       0x58 ..\obj\deca_device.o
                0x08004e58                dwt_writetodevice
 .text.dwt_readfromdevice
                0x08004eb0       0x54 ..\obj\deca_device.o
                0x08004eb0                dwt_readfromdevice
 .text.dwt_read32bitoffsetreg
                0x08004f04       0x44 ..\obj\deca_device.o
                0x08004f04                dwt_read32bitoffsetreg
 .text.dwt_read16bitoffsetreg
                0x08004f48       0x30 ..\obj\deca_device.o
                0x08004f48                dwt_read16bitoffsetreg
 .text.dwt_write16bitoffsetreg
                0x08004f78       0x20 ..\obj\deca_device.o
                0x08004f78                dwt_write16bitoffsetreg
 .text.dwt_write32bitoffsetreg
                0x08004f98       0x30 ..\obj\deca_device.o
                0x08004f98                dwt_write32bitoffsetreg
 .text.dwt_enableframefilter
                0x08004fc8       0x40 ..\obj\deca_device.o
                0x08004fc8                dwt_enableframefilter
 .text.dwt_setpanid
                0x08005008        0xc ..\obj\deca_device.o
                0x08005008                dwt_setpanid
 .text.dwt_seteui
                0x08005014        0xc ..\obj\deca_device.o
                0x08005014                dwt_seteui
 .text.dwt_geteui
                0x08005020        0xc ..\obj\deca_device.o
                0x08005020                dwt_geteui
 .text._dwt_otpread
                0x0800502c       0x4c ..\obj\deca_device.o
                0x0800502c                _dwt_otpread
 .text._dwt_aonarrayupload
                0x08005078       0x30 ..\obj\deca_device.o
                0x08005078                _dwt_aonarrayupload
 .text.dwt_entersleep
                0x080050a8        0x4 ..\obj\deca_device.o
                0x080050a8                dwt_entersleep
 .text.dwt_configuresleep
                0x080050ac       0x24 ..\obj\deca_device.o
                0x080050ac                dwt_configuresleep
 .text.dwt_entersleepaftertx
                0x080050d0       0x30 ..\obj\deca_device.o
                0x080050d0                dwt_entersleepaftertx
 .text._dwt_configlde
                0x08005100       0x40 ..\obj\deca_device.o
                0x08005100                _dwt_configlde
 .text._dwt_loaducodefromrom
                0x08005140       0x3c ..\obj\deca_device.o
                0x08005140                _dwt_loaducodefromrom
 .text.dwt_loadopsettabfromotp
                0x0800517c       0x38 ..\obj\deca_device.o
                0x0800517c                dwt_loadopsettabfromotp
 .text.dwt_setrxaftertxdelay
                0x080051b4       0x24 ..\obj\deca_device.o
                0x080051b4                dwt_setrxaftertxdelay
 .text.dwt_setcallbacks
                0x080051d8        0xc ..\obj\deca_device.o
                0x080051d8                dwt_setcallbacks
 .text.dwt_isr  0x080051e4      0x2b0 ..\obj\deca_device.o
                0x080051e4                dwt_isr
 .text.dwt_setleds
                0x08005494       0xc4 ..\obj\deca_device.o
                0x08005494                dwt_setleds
 .text._dwt_enableclocks
                0x08005558       0xe4 ..\obj\deca_device.o
                0x08005558                _dwt_enableclocks
 .text._dwt_disablesequencing
                0x0800563c       0x18 ..\obj\deca_device.o
                0x0800563c                _dwt_disablesequencing
 .text.dwt_setdelayedtrxtime
                0x08005654        0xc ..\obj\deca_device.o
                0x08005654                dwt_setdelayedtrxtime
 .text.dwt_starttx
                0x08005660       0xa8 ..\obj\deca_device.o
                0x08005660                dwt_starttx
 .text.dwt_checkoverrun
                0x08005708       0x10 ..\obj\deca_device.o
                0x08005708                dwt_checkoverrun
 .text.dwt_forcetrxoff
                0x08005718       0x64 ..\obj\deca_device.o
                0x08005718                dwt_forcetrxoff
 .text.dwt_syncrxbufptrs
                0x0800577c       0x34 ..\obj\deca_device.o
                0x0800577c                dwt_syncrxbufptrs
 .text.dwt_rxenable
                0x080057b0       0x68 ..\obj\deca_device.o
                0x080057b0                dwt_rxenable
 .text.dwt_setrxtimeout
                0x08005818       0x64 ..\obj\deca_device.o
                0x08005818                dwt_setrxtimeout
 .text.dwt_setinterrupt
                0x0800587c       0x34 ..\obj\deca_device.o
                0x0800587c                dwt_setinterrupt
 .text.dwt_configeventcounters
                0x080058b0       0x34 ..\obj\deca_device.o
                0x080058b0                dwt_configeventcounters
 .text.dwt_rxreset
                0x080058e4       0x30 ..\obj\deca_device.o
                0x080058e4                dwt_rxreset
 .text.dwt_softreset
                0x08005914       0x7c ..\obj\deca_device.o
                0x08005914                dwt_softreset
 .text.dwt_xtaltrim
                0x08005990       0x38 ..\obj\deca_device.o
                0x08005990                dwt_xtaltrim
 .text.NMI_Handler
                0x080059c8        0xc ..\obj\stm32l1xx_it.o
                0x080059c8                NMI_Handler
 .text.pop_registers_from_fault_stack
                0x080059d4       0x3c ..\obj\stm32l1xx_it.o
                0x080059d4                pop_registers_from_fault_stack
 .text.HardFault_Handler
                0x08005a10       0x20 ..\obj\stm32l1xx_it.o
                0x08005a10                HardFault_Handler
 .text.MemManage_Handler
                0x08005a30        0x8 ..\obj\stm32l1xx_it.o
                0x08005a30                MemManage_Handler
 .text.BusFault_Handler
                0x08005a38        0x8 ..\obj\stm32l1xx_it.o
                0x08005a38                BusFault_Handler
 .text.UsageFault_Handler
                0x08005a40        0x8 ..\obj\stm32l1xx_it.o
                0x08005a40                UsageFault_Handler
 .text.SVC_Handler
                0x08005a48        0xc ..\obj\stm32l1xx_it.o
                0x08005a48                SVC_Handler
 .text.DebugMon_Handler
                0x08005a54        0xc ..\obj\stm32l1xx_it.o
                0x08005a54                DebugMon_Handler
 .text.PendSV_Handler
                0x08005a60        0xc ..\obj\stm32l1xx_it.o
                0x08005a60                PendSV_Handler
 .text.SysTick_Handler
                0x08005a6c       0x1c ..\obj\stm32l1xx_it.o
                0x08005a6c                SysTick_Handler
 .text.EXTI15_10_IRQHandler
                0x08005a88       0x10 ..\obj\stm32l1xx_it.o
                0x08005a88                EXTI15_10_IRQHandler
 .text.EXTI0_IRQHandler
                0x08005a98       0x14 ..\obj\stm32l1xx_it.o
                0x08005a98                EXTI0_IRQHandler
 .text.EXTI3_IRQHandler
                0x08005aac       0x14 ..\obj\stm32l1xx_it.o
                0x08005aac                EXTI3_IRQHandler
 .text.EXTI9_5_IRQHandler
                0x08005ac0       0x14 ..\obj\stm32l1xx_it.o
                0x08005ac0                EXTI9_5_IRQHandler
 .text.USBD_CtlError
                0x08005ad4       0x28 ..\obj\usbd_req.o
                0x08005ad4                USBD_CtlError
 .text.USBD_GetString
                0x08005afc       0x88 ..\obj\usbd_req.o
                0x08005afc                USBD_GetString
 .text.USBD_GetLen
                0x08005b84       0x30 ..\obj\usbd_req.o
 .text.SystemInit
                0x08005bb4       0x68 ..\obj\system_stm32l1xx.o
                0x08005bb4                SystemInit
 .text.SetSysClock
                0x08005c1c      0x120 ..\obj\system_stm32l1xx.o
 .text.NVIC_EnableIRQ
                0x08005d3c       0x30 ..\obj\deca_usb.o
 .text.NVIC_DisableIRQ
                0x08005d6c       0x34 ..\obj\deca_usb.o
 .text.DW_VCP_Init
                0x08005da0       0x10 ..\obj\deca_usb.o
                0x08005da0                DW_VCP_Init
 .text.DW_VCP_DeInit
                0x08005db0       0x10 ..\obj\deca_usb.o
                0x08005db0                DW_VCP_DeInit
 .text.DW_VCP_Ctrl
                0x08005dc0       0x18 ..\obj\deca_usb.o
                0x08005dc0                DW_VCP_Ctrl
 .text.DW_VCP_DataTx
                0x08005dd8       0x74 ..\obj\deca_usb.o
                0x08005dd8                DW_VCP_DataTx
 .text.DW_VCP_DataRx
                0x08005e4c      0x168 ..\obj\deca_usb.o
                0x08005e4c                DW_VCP_DataRx
 .text.configSPIspeed
                0x08005fb4       0x38 ..\obj\deca_usb.o
                0x08005fb4                configSPIspeed
 .text.process_usbmessage
                0x08005fec      0x344 ..\obj\deca_usb.o
                0x08005fec                process_usbmessage
 .text.send_usbmessage
                0x08006330       0x40 ..\obj\deca_usb.o
                0x08006330                send_usbmessage
 .text.usb_printconfig
                0x08006370       0x2c ..\obj\deca_usb.o
                0x08006370                usb_printconfig
 .text.usb_init
                0x0800639c       0x8c ..\obj\deca_usb.o
                0x0800639c                usb_init
 .text.usb_run  0x08006428       0x90 ..\obj\deca_usb.o
                0x08006428                usb_run
 .text.convertmicrosectodevicetimeu
                0x080064b8       0x60 ..\obj\instance_common.o
                0x080064b8                convertmicrosectodevicetimeu
 .text.convertdevicetimetosec
                0x08006518       0x48 ..\obj\instance_common.o
                0x08006518                convertdevicetimetosec
 .text.reportTOF
                0x08006560      0x2b8 ..\obj\instance_common.o
                0x08006560                reportTOF
 .text.instaddtagtolist
                0x08006818       0x9c ..\obj\instance_common.o
                0x08006818                instaddtagtolist
 .text.istaginlist
                0x080068b4       0x74 ..\obj\instance_common.o
                0x080068b4                istaginlist
 .text.instcleartaglist
                0x08006928       0x7c ..\obj\instance_common.o
                0x08006928                instcleartaglist
 .text.instancesetrole
                0x080069a4       0x20 ..\obj\instance_common.o
                0x080069a4                instancesetrole
 .text.instancenewrange
                0x080069c4       0x28 ..\obj\instance_common.o
                0x080069c4                instancenewrange
 .text.instancenewrangeancadd
                0x080069ec       0x18 ..\obj\instance_common.o
                0x080069ec                instancenewrangeancadd
 .text.instancenewrangetagadd
                0x08006a04       0x18 ..\obj\instance_common.o
                0x08006a04                instancenewrangetagadd
 .text.instanceanchorwaiting
                0x08006a1c       0x18 ..\obj\instance_common.o
                0x08006a1c                instanceanchorwaiting
 .text.instancesleeping
                0x08006a34       0x28 ..\obj\instance_common.o
                0x08006a34                instancesleeping
 .text.instanceclearcounts
                0x08006a5c      0x158 ..\obj\instance_common.o
                0x08006a5c                instanceclearcounts
 .text.instance_init
                0x08006bb4      0x190 ..\obj\instance_common.o
                0x08006bb4                instance_init
 .text.instancereaddeviceid
                0x08006d44       0x10 ..\obj\instance_common.o
                0x08006d44                instancereaddeviceid
 .text.instance_config
                0x08006d54      0x35c ..\obj\instance_common.o
                0x08006d54                instance_config
 .text.instancesettagsleepdelay
                0x080070b0       0x44 ..\obj\instance_common.o
                0x080070b0                instancesettagsleepdelay
 .text.instance_get_lcount
                0x080070f4       0x20 ..\obj\instance_common.o
                0x080070f4                instance_get_lcount
 .text.instance_get_idist
                0x08007114       0x24 ..\obj\instance_common.o
                0x08007114                instance_get_idist
 .text.instance_get_idistraw
                0x08007138       0x24 ..\obj\instance_common.o
                0x08007138                instance_get_idistraw
 .text.instance_get_adist
                0x0800715c       0x24 ..\obj\instance_common.o
                0x0800715c                instance_get_adist
 .text.inst_processrxtimeout
                0x08007180       0x78 ..\obj\instance_common.o
                0x08007180                inst_processrxtimeout
 .text.instance_txcallback
                0x080071f8      0x164 ..\obj\instance_common.o
                0x080071f8                instance_txcallback
 .text.instance_rxcallback
                0x0800735c      0x4f8 ..\obj\instance_common.o
                0x0800735c                instance_rxcallback
 .text.instance_peekevent
                0x08007854       0x4c ..\obj\instance_common.o
                0x08007854                instance_peekevent
 .text.instance_putevent
                0x080078a0       0xfc ..\obj\instance_common.o
                0x080078a0                instance_putevent
 .text.instance_getevent
                0x0800799c      0x228 ..\obj\instance_common.o
                0x0800799c                instance_getevent
 .text.instance_clearevents
                0x08007bc4       0x94 ..\obj\instance_common.o
                0x08007bc4                instance_clearevents
 .text.instance_setapprun
                0x08007c58       0x24 ..\obj\instance_common.o
                0x08007c58                instance_setapprun
 .text.instance_run
                0x08007c7c      0x208 ..\obj\instance_common.o
                0x08007c7c                instance_run
 .text.instance_notify_DW1000_inIDLE
                0x08007e84       0x20 ..\obj\instance_common.o
                0x08007e84                instance_notify_DW1000_inIDLE
 .text.instanceconfigantennadelays
                0x08007ea4       0x34 ..\obj\instance_common.o
                0x08007ea4                instanceconfigantennadelays
 .text.instancesetantennadelays
                0x08007ed8       0x34 ..\obj\instance_common.o
                0x08007ed8                instancesetantennadelays
 .text.instancetxantdly
                0x08007f0c       0x14 ..\obj\instance_common.o
                0x08007f0c                instancetxantdly
 .text.instancerxantdly
                0x08007f20       0x14 ..\obj\instance_common.o
                0x08007f20                instancerxantdly
 .text.USB_OTG_EnableCommonInt
                0x08007f34       0x44 ..\obj\usb_core.o
 .text.USB_OTG_CoreReset
                0x08007f78       0x90 ..\obj\usb_core.o
 .text.USB_OTG_WritePacket
                0x08008008       0x74 ..\obj\usb_core.o
                0x08008008                USB_OTG_WritePacket
 .text.USB_OTG_SelectCore
                0x0800807c      0x174 ..\obj\usb_core.o
                0x0800807c                USB_OTG_SelectCore
 .text.USB_OTG_CoreInit
                0x080081f0      0x134 ..\obj\usb_core.o
                0x080081f0                USB_OTG_CoreInit
 .text.USB_OTG_EnableGlobalInt
                0x08008324       0x34 ..\obj\usb_core.o
                0x08008324                USB_OTG_EnableGlobalInt
 .text.USB_OTG_DisableGlobalInt
                0x08008358       0x38 ..\obj\usb_core.o
                0x08008358                USB_OTG_DisableGlobalInt
 .text.USB_OTG_FlushTxFifo
                0x08008390       0x74 ..\obj\usb_core.o
                0x08008390                USB_OTG_FlushTxFifo
 .text.USB_OTG_FlushRxFifo
                0x08008404       0x60 ..\obj\usb_core.o
                0x08008404                USB_OTG_FlushRxFifo
 .text.USB_OTG_SetCurrentMode
                0x08008464       0x60 ..\obj\usb_core.o
                0x08008464                USB_OTG_SetCurrentMode
 .text.USB_OTG_InitDevSpeed
                0x080084c4       0x38 ..\obj\usb_core.o
                0x080084c4                USB_OTG_InitDevSpeed
 .text.USB_OTG_CoreInitDev
                0x080084fc      0x264 ..\obj\usb_core.o
                0x080084fc                USB_OTG_CoreInitDev
 .text.USB_OTG_EnableDevInt
                0x08008760       0xa8 ..\obj\usb_core.o
                0x08008760                USB_OTG_EnableDevInt
 .text.USB_OTG_EPActivate
                0x08008808       0xdc ..\obj\usb_core.o
                0x08008808                USB_OTG_EPActivate
 .text.USB_OTG_EPDeactivate
                0x080088e4       0x88 ..\obj\usb_core.o
                0x080088e4                USB_OTG_EPDeactivate
 .text.USB_OTG_EPStartXfer
                0x0800896c      0x280 ..\obj\usb_core.o
                0x0800896c                USB_OTG_EPStartXfer
 .text.USB_OTG_EP0StartXfer
                0x08008bec      0x1d4 ..\obj\usb_core.o
                0x08008bec                USB_OTG_EP0StartXfer
 .text.USB_OTG_EPSetStall
                0x08008dc0       0x84 ..\obj\usb_core.o
                0x08008dc0                USB_OTG_EPSetStall
 .text.USB_OTG_EP0_OutStart
                0x08008e44       0x70 ..\obj\usb_core.o
                0x08008e44                USB_OTG_EP0_OutStart
 .text.Reset_Handler
                0x08008eb4       0x44 ..\obj\startup_stm32l1xx_xl.o
                0x08008eb4                Reset_Handler
 .text.Default_Handler
                0x08008ef8        0x2 ..\obj\startup_stm32l1xx_xl.o
                0x08008ef8                RTC_Alarm_IRQHandler
                0x08008ef8                EXTI2_IRQHandler
                0x08008ef8                COMP_ACQ_IRQHandler
                0x08008ef8                TIM10_IRQHandler
                0x08008ef8                USB_HP_IRQHandler
                0x08008ef8                TIM6_IRQHandler
                0x08008ef8                PVD_IRQHandler
                0x08008ef8                I2C2_EV_IRQHandler
                0x08008ef8                SPI1_IRQHandler
                0x08008ef8                USB_FS_WKUP_IRQHandler
                0x08008ef8                DMA2_Channel2_IRQHandler
                0x08008ef8                DMA1_Channel4_IRQHandler
                0x08008ef8                ADC1_IRQHandler
                0x08008ef8                USART3_IRQHandler
                0x08008ef8                DMA1_Channel7_IRQHandler
                0x08008ef8                LCD_IRQHandler
                0x08008ef8                UART5_IRQHandler
                0x08008ef8                TIM4_IRQHandler
                0x08008ef8                DMA2_Channel1_IRQHandler
                0x08008ef8                I2C1_EV_IRQHandler
                0x08008ef8                DMA1_Channel6_IRQHandler
                0x08008ef8                UART4_IRQHandler
                0x08008ef8                DMA2_Channel4_IRQHandler
                0x08008ef8                TIM3_IRQHandler
                0x08008ef8                RCC_IRQHandler
                0x08008ef8                DMA1_Channel1_IRQHandler
                0x08008ef8                Default_Handler
                0x08008ef8                TIM7_IRQHandler
                0x08008ef8                TIM5_IRQHandler
                0x08008ef8                TIM9_IRQHandler
                0x08008ef8                TAMPER_STAMP_IRQHandler
                0x08008ef8                RTC_WKUP_IRQHandler
                0x08008ef8                SPI2_IRQHandler
                0x08008ef8                DMA2_Channel5_IRQHandler
                0x08008ef8                DMA1_Channel5_IRQHandler
                0x08008ef8                USB_LP_IRQHandler
                0x08008ef8                EXTI4_IRQHandler
                0x08008ef8                DMA1_Channel3_IRQHandler
                0x08008ef8                COMP_IRQHandler
                0x08008ef8                WWDG_IRQHandler
                0x08008ef8                TIM2_IRQHandler
                0x08008ef8                DAC_IRQHandler
                0x08008ef8                EXTI1_IRQHandler
                0x08008ef8                AES_IRQHandler
                0x08008ef8                TIM11_IRQHandler
                0x08008ef8                USART2_IRQHandler
                0x08008ef8                I2C2_ER_IRQHandler
                0x08008ef8                DMA1_Channel2_IRQHandler
                0x08008ef8                FLASH_IRQHandler
                0x08008ef8                USART1_IRQHandler
                0x08008ef8                SPI3_IRQHandler
                0x08008ef8                I2C1_ER_IRQHandler
                0x08008ef8                DMA2_Channel3_IRQHandler
 *fill*         0x08008efa        0x2 
 .text.NVIC_EnableIRQ
                0x08008efc       0x30 ..\obj\main.o
 .text.NVIC_DisableIRQ
                0x08008f2c       0x34 ..\obj\main.o
 .text.decarangingmode
                0x08008f60       0x48 ..\obj\main.o
                0x08008f60                decarangingmode
 .text.inittestapplication
                0x08008fa8      0x1a8 ..\obj\main.o
                0x08008fa8                inittestapplication
 .text.process_dwRSTn_irq
                0x08009150       0x10 ..\obj\main.o
                0x08009150                process_dwRSTn_irq
 .text.process_deca_irq
                0x08009160       0x20 ..\obj\main.o
                0x08009160                process_deca_irq
 .text.initLCD  0x08009180       0x68 ..\obj\main.o
                0x08009180                initLCD
 .text.setLCDline1
                0x080091e8       0x6c ..\obj\main.o
                0x080091e8                setLCDline1
 .text.main     0x08009254      0x7d4 ..\obj\main.o
                0x08009254                main
 .text.USB_OTG_BSP_Init
                0x08009a28       0x6c ..\obj\deca_usb_bsp_evk1000.o
                0x08009a28                USB_OTG_BSP_Init
 .text.USB_OTG_BSP_EnableInterrupt
                0x08009a94       0x34 ..\obj\deca_usb_bsp_evk1000.o
                0x08009a94                USB_OTG_BSP_EnableInterrupt
 .text.USB_OTG_BSP_uDelay
                0x08009ac8       0x48 ..\obj\deca_usb_bsp_evk1000.o
                0x08009ac8                USB_OTG_BSP_uDelay
 .text.USB_OTG_BSP_mDelay
                0x08009b10       0x20 ..\obj\deca_usb_bsp_evk1000.o
                0x08009b10                USB_OTG_BSP_mDelay
 .text._write   0x08009b30       0x40 ..\obj\syscalls.o
                0x08009b30                _write
 .text._sbrk    0x08009b70       0x70 ..\obj\syscalls.o
                0x08009b70                _sbrk
 .text._times_r
                0x08009be0       0x38 ..\obj\syscalls.o
                0x08009be0                _times_r
 .text.DCD_Init
                0x08009c18      0x108 ..\obj\usb_dcd.o
                0x08009c18                DCD_Init
 .text.DCD_EP_Open
                0x08009d20       0xb0 ..\obj\usb_dcd.o
                0x08009d20                DCD_EP_Open
 .text.DCD_EP_Close
                0x08009dd0       0x78 ..\obj\usb_dcd.o
                0x08009dd0                DCD_EP_Close
 .text.DCD_EP_PrepareRx
                0x08009e48       0x84 ..\obj\usb_dcd.o
                0x08009e48                DCD_EP_PrepareRx
 .text.DCD_EP_Tx
                0x08009ecc       0x78 ..\obj\usb_dcd.o
                0x08009ecc                DCD_EP_Tx
 .text.DCD_EP_Stall
                0x08009f44       0x7c ..\obj\usb_dcd.o
                0x08009f44                DCD_EP_Stall
 .text.DCD_EP_Flush
                0x08009fc0       0x34 ..\obj\usb_dcd.o
                0x08009fc0                DCD_EP_Flush
 .text.USBD_Init
                0x08009ff4       0x90 ..\obj\usbd_core.o
                0x08009ff4                USBD_Init
 .text.USBD_DeInit
                0x0800a084       0x14 ..\obj\usbd_core.o
                0x0800a084                USBD_DeInit
 .text.usleep   0x0800a098       0x3c ..\obj\unistd.o
                0x0800a098                usleep
 .text.SPI_I2S_DeInit
                0x0800a0d4       0x74 ..\obj\stm32l1xx_spi.o
                0x0800a0d4                SPI_I2S_DeInit
 .text.SPI_Init
                0x0800a148       0x88 ..\obj\stm32l1xx_spi.o
                0x0800a148                SPI_Init
 .text.SPI_Cmd  0x0800a1d0       0x40 ..\obj\stm32l1xx_spi.o
                0x0800a1d0                SPI_Cmd
 .text.SPI_SSOutputCmd
                0x0800a210       0x40 ..\obj\stm32l1xx_spi.o
                0x0800a210                SPI_SSOutputCmd
 .text.SPI_I2S_ReceiveData
                0x0800a250       0x18 ..\obj\stm32l1xx_spi.o
                0x0800a250                SPI_I2S_ReceiveData
 .text.SPI_I2S_SendData
                0x0800a268       0x1c ..\obj\stm32l1xx_spi.o
                0x0800a268                SPI_I2S_SendData
 .text.SPI_I2S_GetFlagStatus
                0x0800a284       0x38 ..\obj\stm32l1xx_spi.o
                0x0800a284                SPI_I2S_GetFlagStatus
 .text.NVIC_PriorityGroupConfig
                0x0800a2bc       0x24 ..\obj\misc.o
                0x0800a2bc                NVIC_PriorityGroupConfig
 .text.NVIC_Init
                0x0800a2e0       0xc0 ..\obj\misc.o
                0x0800a2e0                NVIC_Init
 .text.USBD_USR_Init
                0x0800a3a0        0xc ..\obj\usbd_usr.o
                0x0800a3a0                USBD_USR_Init
 .text.USBD_USR_DeviceReset
                0x0800a3ac       0x20 ..\obj\usbd_usr.o
                0x0800a3ac                USBD_USR_DeviceReset
 .text.USBD_USR_DeviceConfigured
                0x0800a3cc        0xc ..\obj\usbd_usr.o
                0x0800a3cc                USBD_USR_DeviceConfigured
 .text.USBD_USR_DeviceSuspended
                0x0800a3d8        0xc ..\obj\usbd_usr.o
                0x0800a3d8                USBD_USR_DeviceSuspended
 .text.USBD_USR_DeviceResumed
                0x0800a3e4        0xc ..\obj\usbd_usr.o
                0x0800a3e4                USBD_USR_DeviceResumed
 .text.USBD_USR_DeviceConnected
                0x0800a3f0        0xc ..\obj\usbd_usr.o
                0x0800a3f0                USBD_USR_DeviceConnected
 .text.USBD_USR_DeviceDisconnected
                0x0800a3fc        0xc ..\obj\usbd_usr.o
                0x0800a3fc                USBD_USR_DeviceDisconnected
 .text.GPIO_Init
                0x0800a408      0x138 ..\obj\stm32l1xx_gpio.o
                0x0800a408                GPIO_Init
 .text.GPIO_ReadInputDataBit
                0x0800a540       0x38 ..\obj\stm32l1xx_gpio.o
                0x0800a540                GPIO_ReadInputDataBit
 .text.GPIO_SetBits
                0x0800a578       0x1c ..\obj\stm32l1xx_gpio.o
                0x0800a578                GPIO_SetBits
 .text.GPIO_ResetBits
                0x0800a594       0x1c ..\obj\stm32l1xx_gpio.o
                0x0800a594                GPIO_ResetBits
 .text.GPIO_WriteBit
                0x0800a5b0       0x30 ..\obj\stm32l1xx_gpio.o
                0x0800a5b0                GPIO_WriteBit
 .text.clock    0x0800a5e0       0x2c c:/program files (x86)/gnu tools arm embedded/5.4 2016q3/bin/../lib/gcc/arm-none-eabi/5.4.1/../../../../arm-none-eabi/lib/armv7-m\libc.a(lib_a-clock.o)
                0x0800a5e0                clock
 .text.memcmp   0x0800a60c       0x64 c:/program files (x86)/gnu tools arm embedded/5.4 2016q3/bin/../lib/gcc/arm-none-eabi/5.4.1/../../../../arm-none-eabi/lib/armv7-m\libc.a(lib_a-memcmp.o)
                0x0800a60c                memcmp
 .text.sprintf  0x0800a670       0x4c c:/program files (x86)/gnu tools arm embedded/5.4 2016q3/bin/../lib/gcc/arm-none-eabi/5.4.1/../../../../arm-none-eabi/lib/armv7-m\libc.a(lib_a-sprintf.o)
                0x0800a670                sprintf
 .text.strlen   0x0800a6bc       0x5c c:/program files (x86)/gnu tools arm embedded/5.4 2016q3/bin/../lib/gcc/arm-none-eabi/5.4.1/../../../../arm-none-eabi/lib/armv7-m\libc.a(lib_a-strlen-stub.o)
                0x0800a6bc                strlen
 .text._svfprintf_r
                0x0800a718     0x1760 c:/program files (x86)/gnu tools arm embedded/5.4 2016q3/bin/../lib/gcc/arm-none-eabi/5.4.1/../../../../arm-none-eabi/lib/armv7-m\libc.a(lib_a-svfprintf.o)
                0x0800a718                _svfprintf_r
 .text.quorem   0x0800be78      0x12c c:/program files (x86)/gnu tools arm embedded/5.4 2016q3/bin/../lib/gcc/arm-none-eabi/5.4.1/../../../../arm-none-eabi/lib/armv7-m\libc.a(lib_a-dtoa.o)
 *fill*         0x0800bfa4        0x4 
 .text._dtoa_r  0x0800bfa8      0xe4c c:/program files (x86)/gnu tools arm embedded/5.4 2016q3/bin/../lib/gcc/arm-none-eabi/5.4.1/../../../../arm-none-eabi/lib/armv7-m\libc.a(lib_a-dtoa.o)
                0x0800bfa8                _dtoa_r
 .text._malloc_trim_r
                0x0800cdf4       0x9c c:/program files (x86)/gnu tools arm embedded/5.4 2016q3/bin/../lib/gcc/arm-none-eabi/5.4.1/../../../../arm-none-eabi/lib/armv7-m\libc.a(lib_a-freer.o)
                0x0800cdf4                _malloc_trim_r
 .text._free_r  0x0800ce90      0x1d0 c:/program files (x86)/gnu tools arm embedded/5.4 2016q3/bin/../lib/gcc/arm-none-eabi/5.4.1/../../../../arm-none-eabi/lib/armv7-m\libc.a(lib_a-freer.o)
                0x0800ce90                _free_r
 .text._localeconv_r
                0x0800d060       0x1c c:/program files (x86)/gnu tools arm embedded/5.4 2016q3/bin/../lib/gcc/arm-none-eabi/5.4.1/../../../../arm-none-eabi/lib/armv7-m\libc.a(lib_a-localeconv.o)
                0x0800d060                _localeconv_r
 .text._malloc_r
                0x0800d07c      0x558 c:/program files (x86)/gnu tools arm embedded/5.4 2016q3/bin/../lib/gcc/arm-none-eabi/5.4.1/../../../../arm-none-eabi/lib/armv7-m\libc.a(lib_a-mallocr.o)
                0x0800d07c                _malloc_r
 .text.memchr   0x0800d5d4       0x8c c:/program files (x86)/gnu tools arm embedded/5.4 2016q3/bin/../lib/gcc/arm-none-eabi/5.4.1/../../../../arm-none-eabi/lib/armv7-m\libc.a(lib_a-memchr-stub.o)
                0x0800d5d4                memchr
 .text.memmove  0x0800d660       0xc8 c:/program files (x86)/gnu tools arm embedded/5.4 2016q3/bin/../lib/gcc/arm-none-eabi/5.4.1/../../../../arm-none-eabi/lib/armv7-m\libc.a(lib_a-memmove.o)
                0x0800d660                memmove
 .text.__malloc_lock
                0x0800d728        0x4 c:/program files (x86)/gnu tools arm embedded/5.4 2016q3/bin/../lib/gcc/arm-none-eabi/5.4.1/../../../../arm-none-eabi/lib/armv7-m\libc.a(lib_a-mlock.o)
                0x0800d728                __malloc_lock
 .text.__malloc_unlock
                0x0800d72c        0x4 c:/program files (x86)/gnu tools arm embedded/5.4 2016q3/bin/../lib/gcc/arm-none-eabi/5.4.1/../../../../arm-none-eabi/lib/armv7-m\libc.a(lib_a-mlock.o)
                0x0800d72c                __malloc_unlock
 .text._Balloc  0x0800d730       0x50 c:/program files (x86)/gnu tools arm embedded/5.4 2016q3/bin/../lib/gcc/arm-none-eabi/5.4.1/../../../../arm-none-eabi/lib/armv7-m\libc.a(lib_a-mprec.o)
                0x0800d730                _Balloc
 .text._Bfree   0x0800d780       0x14 c:/program files (x86)/gnu tools arm embedded/5.4 2016q3/bin/../lib/gcc/arm-none-eabi/5.4.1/../../../../arm-none-eabi/lib/armv7-m\libc.a(lib_a-mprec.o)
                0x0800d780                _Bfree
 .text.__multadd
                0x0800d794       0x80 c:/program files (x86)/gnu tools arm embedded/5.4 2016q3/bin/../lib/gcc/arm-none-eabi/5.4.1/../../../../arm-none-eabi/lib/armv7-m\libc.a(lib_a-mprec.o)
                0x0800d794                __multadd
 .text.__hi0bits
                0x0800d814       0x40 c:/program files (x86)/gnu tools arm embedded/5.4 2016q3/bin/../lib/gcc/arm-none-eabi/5.4.1/../../../../arm-none-eabi/lib/armv7-m\libc.a(lib_a-mprec.o)
                0x0800d814                __hi0bits
 .text.__lo0bits
                0x0800d854       0x5c c:/program files (x86)/gnu tools arm embedded/5.4 2016q3/bin/../lib/gcc/arm-none-eabi/5.4.1/../../../../arm-none-eabi/lib/armv7-m\libc.a(lib_a-mprec.o)
                0x0800d854                __lo0bits
 .text.__i2b    0x0800d8b0       0x14 c:/program files (x86)/gnu tools arm embedded/5.4 2016q3/bin/../lib/gcc/arm-none-eabi/5.4.1/../../../../arm-none-eabi/lib/armv7-m\libc.a(lib_a-mprec.o)
                0x0800d8b0                __i2b
 .text.__multiply
                0x0800d8c4      0x13c c:/program files (x86)/gnu tools arm embedded/5.4 2016q3/bin/../lib/gcc/arm-none-eabi/5.4.1/../../../../arm-none-eabi/lib/armv7-m\libc.a(lib_a-mprec.o)
                0x0800d8c4                __multiply
 .text.__pow5mult
                0x0800da00       0xa0 c:/program files (x86)/gnu tools arm embedded/5.4 2016q3/bin/../lib/gcc/arm-none-eabi/5.4.1/../../../../arm-none-eabi/lib/armv7-m\libc.a(lib_a-mprec.o)
                0x0800da00                __pow5mult
 .text.__lshift
                0x0800daa0       0xac c:/program files (x86)/gnu tools arm embedded/5.4 2016q3/bin/../lib/gcc/arm-none-eabi/5.4.1/../../../../arm-none-eabi/lib/armv7-m\libc.a(lib_a-mprec.o)
                0x0800daa0                __lshift
 .text.__mcmp   0x0800db4c       0x40 c:/program files (x86)/gnu tools arm embedded/5.4 2016q3/bin/../lib/gcc/arm-none-eabi/5.4.1/../../../../arm-none-eabi/lib/armv7-m\libc.a(lib_a-mprec.o)
                0x0800db4c                __mcmp
 .text.__mdiff  0x0800db8c      0x128 c:/program files (x86)/gnu tools arm embedded/5.4 2016q3/bin/../lib/gcc/arm-none-eabi/5.4.1/../../../../arm-none-eabi/lib/armv7-m\libc.a(lib_a-mprec.o)
                0x0800db8c                __mdiff
 .text.__d2b    0x0800dcb4       0xa8 c:/program files (x86)/gnu tools arm embedded/5.4 2016q3/bin/../lib/gcc/arm-none-eabi/5.4.1/../../../../arm-none-eabi/lib/armv7-m\libc.a(lib_a-mprec.o)
                0x0800dcb4                __d2b
 .text._realloc_r
                0x0800dd5c      0x3d4 c:/program files (x86)/gnu tools arm embedded/5.4 2016q3/bin/../lib/gcc/arm-none-eabi/5.4.1/../../../../arm-none-eabi/lib/armv7-m\libc.a(lib_a-reallocr.o)
                0x0800dd5c                _realloc_r
 .text._sbrk_r  0x0800e130       0x24 c:/program files (x86)/gnu tools arm embedded/5.4 2016q3/bin/../lib/gcc/arm-none-eabi/5.4.1/../../../../arm-none-eabi/lib/armv7-m\libc.a(lib_a-sbrkr.o)
                0x0800e130                _sbrk_r
 .text.__ssprint_r
                0x0800e154      0x100 c:/program files (x86)/gnu tools arm embedded/5.4 2016q3/bin/../lib/gcc/arm-none-eabi/5.4.1/../../../../arm-none-eabi/lib/armv7-m\libc.a(lib_a-svfiprintf.o)
                0x0800e154                __ssprint_r
 .text._calloc_r
                0x0800e254       0x60 c:/program files (x86)/gnu tools arm embedded/5.4 2016q3/bin/../lib/gcc/arm-none-eabi/5.4.1/../../../../arm-none-eabi/lib/armv7-m\libc.a(lib_a-callocr.o)
                0x0800e254                _calloc_r
 .text.__ascii_mbtowc
                0x0800e2b4       0x2c c:/program files (x86)/gnu tools arm embedded/5.4 2016q3/bin/../lib/gcc/arm-none-eabi/5.4.1/../../../../arm-none-eabi/lib/armv7-m\libc.a(lib_a-mbtowc_r.o)
                0x0800e2b4                __ascii_mbtowc
 .text.__ascii_wctomb
                0x0800e2e0       0x1c c:/program files (x86)/gnu tools arm embedded/5.4 2016q3/bin/../lib/gcc/arm-none-eabi/5.4.1/../../../../arm-none-eabi/lib/armv7-m\libc.a(lib_a-wctomb_r.o)
                0x0800e2e0                __ascii_wctomb
 *(.rodata)
 .rodata        0x0800e2fc       0x96 ..\obj\usbd_desc.o
 *fill*         0x0800e392        0x2 
 .rodata        0x0800e394      0x1ad ..\obj\main.o
 *fill*         0x0800e541        0x3 
 .rodata        0x0800e544       0x21 ..\obj\syscalls.o
 *(.rodata*)
 *fill*         0x0800e565        0x3 
 .rodata._global_impure_ptr
                0x0800e568        0x4 c:/program files (x86)/gnu tools arm embedded/5.4 2016q3/bin/../lib/gcc/arm-none-eabi/5.4.1/../../../../arm-none-eabi/lib/armv7-m\libc.a(lib_a-impure.o)
                0x0800e568                _global_impure_ptr
 .rodata.chan_idxnb
                0x0800e56c        0x8 ..\obj\deca_range_tables.o
                0x0800e56c                chan_idxnb
 .rodata.chan_idxwb
                0x0800e574        0x8 ..\obj\deca_range_tables.o
                0x0800e574                chan_idxwb
 .rodata.range25cm16PRFnb
                0x0800e57c       0x94 ..\obj\deca_range_tables.o
                0x0800e57c                range25cm16PRFnb
 .rodata.range25cm16PRFwb
                0x0800e610       0x88 ..\obj\deca_range_tables.o
                0x0800e610                range25cm16PRFwb
 .rodata.range25cm64PRFnb
                0x0800e698       0x68 ..\obj\deca_range_tables.o
                0x0800e698                range25cm64PRFnb
 .rodata.range25cm64PRFwb
                0x0800e700       0x76 ..\obj\deca_range_tables.o
                0x0800e700                range25cm64PRFwb
 *fill*         0x0800e776        0x2 
 .rodata.data_len_bytes.10215
                0x0800e778       0x14 ..\obj\instance.o
 .rodata.str1.4
                0x0800e78c       0x14 ..\obj\deca_usb.o
 .rodata.chan_idx
                0x0800e7a0        0x8 ..\obj\deca_params_init.o
                0x0800e7a0                chan_idx
 .rodata.tx_config
                0x0800e7a8       0x18 ..\obj\deca_params_init.o
                0x0800e7a8                tx_config
 .rodata.pll2_config
                0x0800e7c0       0x1e ..\obj\deca_params_init.o
                0x0800e7c0                pll2_config
 .rodata.pll2calcfg
                0x0800e7de        0x1 ..\obj\deca_params_init.o
                0x0800e7de                pll2calcfg
 *fill*         0x0800e7df        0x1 
 .rodata.rx_config
                0x0800e7e0        0x2 ..\obj\deca_params_init.o
                0x0800e7e0                rx_config
 *fill*         0x0800e7e2        0x2 
 .rodata.agc_config
                0x0800e7e4        0x8 ..\obj\deca_params_init.o
                0x0800e7e4                agc_config
 .rodata.dwnsSFDlen
                0x0800e7ec        0x3 ..\obj\deca_params_init.o
                0x0800e7ec                dwnsSFDlen
 *fill*         0x0800e7ef        0x1 
 .rodata.sftsh  0x0800e7f0        0xc ..\obj\deca_params_init.o
                0x0800e7f0                sftsh
 .rodata.dtune1
                0x0800e7fc        0x4 ..\obj\deca_params_init.o
                0x0800e7fc                dtune1
 .rodata.digital_bb_config
                0x0800e800       0x20 ..\obj\deca_params_init.o
                0x0800e800                digital_bb_config
 .rodata.lde_replicaCoeff
                0x0800e820       0x32 ..\obj\deca_params_init.o
                0x0800e820                lde_replicaCoeff
 *fill*         0x0800e852        0x2 
 .rodata.rfDelays
                0x0800e854        0x4 ..\obj\instance_calib.o
                0x0800e854                rfDelays
 .rodata.txSpectrumConfig
                0x0800e858       0x60 ..\obj\instance_calib.o
                0x0800e858                txSpectrumConfig
 .rodata.zeroes.7256
                0x0800e8b8       0x10 c:/program files (x86)/gnu tools arm embedded/5.4 2016q3/bin/../lib/gcc/arm-none-eabi/5.4.1/../../../../arm-none-eabi/lib/armv7-m\libc.a(lib_a-svfprintf.o)
 .rodata.str1.4
                0x0800e8c8       0x42 c:/program files (x86)/gnu tools arm embedded/5.4 2016q3/bin/../lib/gcc/arm-none-eabi/5.4.1/../../../../arm-none-eabi/lib/armv7-m\libc.a(lib_a-svfprintf.o)
 *fill*         0x0800e90a        0x2 
 .rodata.blanks.7255
                0x0800e90c       0x10 c:/program files (x86)/gnu tools arm embedded/5.4 2016q3/bin/../lib/gcc/arm-none-eabi/5.4.1/../../../../arm-none-eabi/lib/armv7-m\libc.a(lib_a-svfprintf.o)
 .rodata.str1.4
                0x0800e91c       0x10 c:/program files (x86)/gnu tools arm embedded/5.4 2016q3/bin/../lib/gcc/arm-none-eabi/5.4.1/../../../../arm-none-eabi/lib/armv7-m\libc.a(lib_a-dtoa.o)
                                 0x12 (size before relaxing)
 *fill*         0x0800e92c        0x4 
 .rodata.__mprec_tens
                0x0800e930       0xc8 c:/program files (x86)/gnu tools arm embedded/5.4 2016q3/bin/../lib/gcc/arm-none-eabi/5.4.1/../../../../arm-none-eabi/lib/armv7-m\libc.a(lib_a-mprec.o)
                0x0800e930                __mprec_tens
 .rodata.p05.6085
                0x0800e9f8        0xc c:/program files (x86)/gnu tools arm embedded/5.4 2016q3/bin/../lib/gcc/arm-none-eabi/5.4.1/../../../../arm-none-eabi/lib/armv7-m\libc.a(lib_a-mprec.o)
 *fill*         0x0800ea04        0x4 
 .rodata.__mprec_bigtens
                0x0800ea08       0x28 c:/program files (x86)/gnu tools arm embedded/5.4 2016q3/bin/../lib/gcc/arm-none-eabi/5.4.1/../../../../arm-none-eabi/lib/armv7-m\libc.a(lib_a-mprec.o)
                0x0800ea08                __mprec_bigtens
 .rodata.str1.4
                0x0800ea30       0x10 c:/program files (x86)/gnu tools arm embedded/5.4 2016q3/bin/../lib/gcc/arm-none-eabi/5.4.1/../../../../arm-none-eabi/lib/armv7-m\libc.a(lib_a-locale.o)
                                 0x12 (size before relaxing)
 .rodata._ctype_
                0x0800ea40      0x101 c:/program files (x86)/gnu tools arm embedded/5.4 2016q3/bin/../lib/gcc/arm-none-eabi/5.4.1/../../../../arm-none-eabi/lib/armv7-m\libc.a(lib_a-ctype_.o)
                0x0800ea40                _ctype_
 *(.glue_7)
 .glue_7        0x0800eb41        0x0 linker stubs
 *(.glue_7t)
 .glue_7t       0x0800eb41        0x0 linker stubs
 *(.eh_frame)
 *fill*         0x0800eb41        0x3 
 .eh_frame      0x0800eb44        0x0 c:/program files (x86)/gnu tools arm embedded/5.4 2016q3/bin/../lib/gcc/arm-none-eabi/5.4.1/armv7-m/crtbegin.o
 *(.init)
 .init          0x0800eb44        0x4 c:/program files (x86)/gnu tools arm embedded/5.4 2016q3/bin/../lib/gcc/arm-none-eabi/5.4.1/armv7-m/crti.o
                0x0800eb44                _init
 .init          0x0800eb48        0x8 c:/program files (x86)/gnu tools arm embedded/5.4 2016q3/bin/../lib/gcc/arm-none-eabi/5.4.1/armv7-m/crtn.o
 *(.fini)
 .fini          0x0800eb50        0x4 c:/program files (x86)/gnu tools arm embedded/5.4 2016q3/bin/../lib/gcc/arm-none-eabi/5.4.1/armv7-m/crti.o
                0x0800eb50                _fini
 .fini          0x0800eb54        0x8 c:/program files (x86)/gnu tools arm embedded/5.4 2016q3/bin/../lib/gcc/arm-none-eabi/5.4.1/armv7-m/crtn.o
                0x0800eb5c                . = ALIGN (0x4)
                0x0800eb5c                _etext = .

.vfp11_veneer   0x0800eb5c        0x0
 .vfp11_veneer  0x0800eb5c        0x0 linker stubs

.v4_bx          0x0800eb5c        0x0
 .v4_bx         0x0800eb5c        0x0 linker stubs

.iplt           0x0800eb5c        0x0
 .iplt          0x0800eb5c        0x0 c:/program files (x86)/gnu tools arm embedded/5.4 2016q3/bin/../lib/gcc/arm-none-eabi/5.4.1/armv7-m/crtbegin.o

.ARM.extab
 *(.ARM.extab* .gnu.linkonce.armextab.*)

.ARM            0x0800eb5c        0x8
                0x0800eb5c                __exidx_start = .
 *(.ARM.exidx*)
 .ARM.exidx     0x0800eb5c        0x8 c:/program files (x86)/gnu tools arm embedded/5.4 2016q3/bin/../lib/gcc/arm-none-eabi/5.4.1/armv7-m\libgcc.a(_udivmoddi4.o)
                0x0800eb64                __exidx_end = .

.rel.dyn        0x0800eb64        0x0
 .rel.iplt      0x0800eb64        0x0 c:/program files (x86)/gnu tools arm embedded/5.4 2016q3/bin/../lib/gcc/arm-none-eabi/5.4.1/armv7-m/crtbegin.o

.preinit_array  0x0800eb64        0x0
                0x0800eb64                PROVIDE (__preinit_array_start, .)
 *(.preinit_array*)
                0x0800eb64                PROVIDE (__preinit_array_end, .)

.init_array     0x0800eb64        0x8
                0x0800eb64                PROVIDE (__init_array_start, .)
 *(SORT(.init_array.*))
 .init_array.00000
                0x0800eb64        0x4 c:/program files (x86)/gnu tools arm embedded/5.4 2016q3/bin/../lib/gcc/arm-none-eabi/5.4.1/../../../../arm-none-eabi/lib/armv7-m\libc.a(lib_a-__call_atexit.o)
 *(.init_array*)
 .init_array    0x0800eb68        0x4 c:/program files (x86)/gnu tools arm embedded/5.4 2016q3/bin/../lib/gcc/arm-none-eabi/5.4.1/armv7-m/crtbegin.o
                0x0800eb6c                PROVIDE (__init_array_end, .)

.fini_array     0x0800eb6c        0x4
                0x0800eb6c                PROVIDE (__fini_array_start, .)
 *(.fini_array*)
 .fini_array    0x0800eb6c        0x4 c:/program files (x86)/gnu tools arm embedded/5.4 2016q3/bin/../lib/gcc/arm-none-eabi/5.4.1/armv7-m/crtbegin.o
 *(SORT(.fini_array.*))
                0x0800eb70                PROVIDE (__fini_array_end, .)
                0x0800eb70                _sidata = .

.data           0x20000000      0xafc load address 0x0800eb70
                0x20000000                . = ALIGN (0x4)
                0x20000000                _sdata = .
 *(.data)
 *(.data*)
 .data.impure_data
                0x20000000      0x428 c:/program files (x86)/gnu tools arm embedded/5.4 2016q3/bin/../lib/gcc/arm-none-eabi/5.4.1/../../../../arm-none-eabi/lib/armv7-m\libc.a(lib_a-impure.o)
 .data._impure_ptr
                0x20000428        0x4 c:/program files (x86)/gnu tools arm embedded/5.4 2016q3/bin/../lib/gcc/arm-none-eabi/5.4.1/../../../../arm-none-eabi/lib/armv7-m\libc.a(lib_a-impure.o)
                0x20000428                _impure_ptr
 .data.USR_desc
                0x2000042c       0x1c ..\obj\usbd_desc.o
                0x2000042c                USR_desc
 .data.USBD_DeviceDesc
                0x20000448       0x12 ..\obj\usbd_desc.o
                0x20000448                USBD_DeviceDesc
 *fill*         0x2000045a        0x2 
 .data.USBD_LangIDDesc
                0x2000045c        0x4 ..\obj\usbd_desc.o
                0x2000045c                USBD_LangIDDesc
 .data.usbd_cdc_CfgDesc
                0x20000460       0x43 ..\obj\usbd_cdc_core.o
                0x20000460                usbd_cdc_CfgDesc
 *fill*         0x200004a3        0x1 
 .data.cdcCmd   0x200004a4        0x4 ..\obj\usbd_cdc_core.o
 .data.USBD_CDC_cb
                0x200004a8       0x2c ..\obj\usbd_cdc_core.o
                0x200004a8                USBD_CDC_cb
 .data.PLLMulTable
                0x200004d4        0x9 ..\obj\stm32l1xx_rcc.o
 *fill*         0x200004dd        0x3 
 .data.APBAHBPrescTable
                0x200004e0       0x10 ..\obj\stm32l1xx_rcc.o
 .data.instanceMode
                0x200004f0        0x4 ..\obj\port.o
                0x200004f0                instanceMode
 .data.SystemCoreClock
                0x200004f4        0x4 ..\obj\system_stm32l1xx.o
                0x200004f4                SystemCoreClock
 .data.VCP_fops
                0x200004f8       0x14 ..\obj\deca_usb.o
                0x200004f8                VCP_fops
 .data.localSPIspeed
                0x2000050c        0x4 ..\obj\deca_usb.o
                0x2000050c                localSPIspeed
 .data.instance_mode
                0x20000510        0x4 ..\obj\main.o
                0x20000510                instance_mode
 .data.chConfig
                0x20000514       0x50 ..\obj\main.o
                0x20000514                chConfig
 .data.USR_cb   0x20000564       0x1c ..\obj\usbd_usr.o
                0x20000564                USR_cb
 .data.__malloc_av_
                0x20000580      0x408 c:/program files (x86)/gnu tools arm embedded/5.4 2016q3/bin/../lib/gcc/arm-none-eabi/5.4.1/../../../../arm-none-eabi/lib/armv7-m\libc.a(lib_a-mallocr.o)
                0x20000580                __malloc_av_
 .data.__malloc_trim_threshold
                0x20000988        0x4 c:/program files (x86)/gnu tools arm embedded/5.4 2016q3/bin/../lib/gcc/arm-none-eabi/5.4.1/../../../../arm-none-eabi/lib/armv7-m\libc.a(lib_a-mallocr.o)
                0x20000988                __malloc_trim_threshold
 .data.__malloc_sbrk_base
                0x2000098c        0x4 c:/program files (x86)/gnu tools arm embedded/5.4 2016q3/bin/../lib/gcc/arm-none-eabi/5.4.1/../../../../arm-none-eabi/lib/armv7-m\libc.a(lib_a-mallocr.o)
                0x2000098c                __malloc_sbrk_base
 .data.__global_locale
                0x20000990      0x16c c:/program files (x86)/gnu tools arm embedded/5.4 2016q3/bin/../lib/gcc/arm-none-eabi/5.4.1/../../../../arm-none-eabi/lib/armv7-m\libc.a(lib_a-locale.o)
                0x20000990                __global_locale
                0x20000afc                . = ALIGN (0x4)
                0x20000afc                _edata = .

.jcr            0x20000afc        0x0 load address 0x0800f66c
 .jcr           0x20000afc        0x0 c:/program files (x86)/gnu tools arm embedded/5.4 2016q3/bin/../lib/gcc/arm-none-eabi/5.4.1/armv7-m/crtbegin.o

.igot.plt       0x20000afc        0x0 load address 0x0800f66c
 .igot.plt      0x20000afc        0x0 c:/program files (x86)/gnu tools arm embedded/5.4 2016q3/bin/../lib/gcc/arm-none-eabi/5.4.1/armv7-m/crtbegin.o
                0x20000afc                . = ALIGN (0x4)

.bss            0x20000b00     0x6ee4 load address 0x0800f670
                0x20000b00                _sbss = .
                0x20000b00                __bss_start__ = _sbss
 *(.bss)
 .bss           0x20000b00       0x1c c:/program files (x86)/gnu tools arm embedded/5.4 2016q3/bin/../lib/gcc/arm-none-eabi/5.4.1/armv7-m/crtbegin.o
 *(.bss*)
 .bss.usbd_cdc_AltSet
                0x20000b1c        0x4 ..\obj\usbd_cdc_core.o
 .bss.APP_Rx_ptr_in
                0x20000b20        0x4 ..\obj\usbd_cdc_core.o
                0x20000b20                APP_Rx_ptr_in
 .bss.APP_Rx_ptr_out
                0x20000b24        0x4 ..\obj\usbd_cdc_core.o
                0x20000b24                APP_Rx_ptr_out
 .bss.APP_Rx_length
                0x20000b28        0x4 ..\obj\usbd_cdc_core.o
                0x20000b28                APP_Rx_length
 .bss.USB_Tx_State
                0x20000b2c        0x1 ..\obj\usbd_cdc_core.o
                0x20000b2c                USB_Tx_State
 *fill*         0x20000b2d        0x3 
 .bss.cdcLen    0x20000b30        0x4 ..\obj\usbd_cdc_core.o
 .bss.FrameCount.7950
                0x20000b34        0x4 ..\obj\usbd_cdc_core.o
 .bss.dw1000local
                0x20000b38       0x80 ..\obj\deca_device.o
 .bss.application_mode
                0x20000bb8        0x4 ..\obj\deca_usb.o
                0x20000bb8                application_mode
 .bss.local_buff_length
                0x20000bbc        0x4 ..\obj\deca_usb.o
                0x20000bbc                local_buff_length
 .bss.local_buff_offset
                0x20000bc0        0x2 ..\obj\deca_usb.o
                0x20000bc0                local_buff_offset
 *fill*         0x20000bc2        0x2 
 .bss.tx_buff_length
                0x20000bc4        0x4 ..\obj\deca_usb.o
                0x20000bc4                tx_buff_length
 .bss.local_have_data
                0x20000bc8        0x4 ..\obj\deca_usb.o
                0x20000bc8                local_have_data
 .bss.i         0x20000bcc        0x4 ..\obj\deca_usb.o
 .bss.inst_idist
                0x20000bd0        0x8 ..\obj\instance_common.o
                0x20000bd0                inst_idist
 .bss.inst_idistraw
                0x20000bd8        0x8 ..\obj\instance_common.o
                0x20000bd8                inst_idistraw
 .bss.inst_adist
                0x20000be0        0x8 ..\obj\instance_common.o
                0x20000be0                inst_adist
 .bss.inst_ldist
                0x20000be8        0x8 ..\obj\instance_common.o
                0x20000be8                inst_ldist
 .bss.dr_mode   0x20000bf0        0x4 ..\obj\main.o
                0x20000bf0                dr_mode
 .bss.s1switch  0x20000bf4        0x1 ..\obj\main.o
                0x20000bf4                s1switch
 *fill*         0x20000bf5        0x3 
 .bss.ranging   0x20000bf8        0x4 ..\obj\main.o
                0x20000bf8                ranging
 .bss.range_max
                0x20000bfc        0x4 ..\obj\main.o
                0x20000bfc                range_max
 .bss.heap_end.9480
                0x20000c00        0x4 ..\obj\syscalls.o
 .bss.__malloc_max_total_mem
                0x20000c04        0x4 c:/program files (x86)/gnu tools arm embedded/5.4 2016q3/bin/../lib/gcc/arm-none-eabi/5.4.1/../../../../arm-none-eabi/lib/armv7-m\libc.a(lib_a-mallocr.o)
                0x20000c04                __malloc_max_total_mem
 .bss.__malloc_max_sbrked_mem
                0x20000c08        0x4 c:/program files (x86)/gnu tools arm embedded/5.4 2016q3/bin/../lib/gcc/arm-none-eabi/5.4.1/../../../../arm-none-eabi/lib/armv7-m\libc.a(lib_a-mallocr.o)
                0x20000c08                __malloc_max_sbrked_mem
 .bss.__malloc_top_pad
                0x20000c0c        0x4 c:/program files (x86)/gnu tools arm embedded/5.4 2016q3/bin/../lib/gcc/arm-none-eabi/5.4.1/../../../../arm-none-eabi/lib/armv7-m\libc.a(lib_a-mallocr.o)
                0x20000c0c                __malloc_top_pad
 .bss.__malloc_current_mallinfo
                0x20000c10       0x28 c:/program files (x86)/gnu tools arm embedded/5.4 2016q3/bin/../lib/gcc/arm-none-eabi/5.4.1/../../../../arm-none-eabi/lib/armv7-m\libc.a(lib_a-mallocr.o)
                0x20000c10                __malloc_current_mallinfo
 *(COMMON)
 COMMON         0x20000c38     0x108c ..\obj\usbd_cdc_core.o
                0x20000c38                usbd_cdc_OtherCfgDesc
                0x20000c7c                USB_Rx_Buffer
                0x20000cbc                CmdBuff
                0x20000cc4                APP_Rx_Buffer
 *fill*         0x20001cc4        0x4 
 COMMON         0x20001cc8      0x680 ..\obj\instance.o
                0x20001cc8                instance_data
 COMMON         0x20002348        0x4 ..\obj\stm32l1xx_it.o
                0x20002348                time32_incr
 COMMON         0x2000234c       0xff ..\obj\usbd_req.o
                0x2000234c                USBD_StrDesc
 *fill*         0x2000244b        0x1 
 COMMON         0x2000244c     0x5420 ..\obj\deca_usb.o
                0x2000244c                s1configswitch
                0x20002450                version
                0x20002454                version_size
                0x20002458                tx_buff
                0x20004b68                USB_OTG_dev
                0x2000515c                local_buff
 *fill*         0x2000786c        0x4 
 COMMON         0x20007870       0x9c ..\obj\instance_common.o
                0x20007870                dw_event_g
                0x20007908                instance_localdata
 COMMON         0x2000790c       0xd4 ..\obj\main.o
                0x2000790c                tagaddr
                0x20007910                dataseq
                0x20007974                dataseq1
                0x200079d8                chan
                0x200079dc                ancaddr
 COMMON         0x200079e0        0x4 c:/program files (x86)/gnu tools arm embedded/5.4 2016q3/bin/../lib/gcc/arm-none-eabi/5.4.1/../../../../arm-none-eabi/lib/armv7-m\libc.a(lib_a-reent.o)
                0x200079e0                errno
                0x200079e4                . = ALIGN (0x4)
                0x200079e4                _ebss = .
                0x200079e4                __bss_end__ = _ebss
                [!provide]                PROVIDE (end, _ebss)
                [!provide]                PROVIDE (_end, _ebss)

._user_heap_stack
                0x200079e4      0x800 load address 0x08016554
                0x200079e4                . = ALIGN (0x4)
                0x200079e4                _user_heap_start = .
                0x20007de4                . = (. + _Min_Heap_Size)
 *fill*         0x200079e4      0x400 
                0x20007de4                _user_heap_end = .
                0x200081e4                . = (. + _Min_Stack_Size)
 *fill*         0x20007de4      0x400 
                0x200081e4                . = ALIGN (0x4)
                [!provide]                PROVIDE (heap_start, _user_heap_start)
                [!provide]                PROVIDE (_heap_start, _user_heap_start)
                [!provide]                PROVIDE (heap_end, _user_heap_end)
                [!provide]                PROVIDE (_heap_end, _user_heap_end)

.memory_b1_text
 *(.mb1text)
 *(.mb1text*)
 *(.mb1rodata)
 *(.mb1rodata*)

/DISCARD/
 libc.a(*)
 libm.a(*)
 libgcc.a(*)

.ARM.attributes
                0x00000000       0x29
 *(.ARM.attributes)
 .ARM.attributes
                0x00000000       0x1d c:/program files (x86)/gnu tools arm embedded/5.4 2016q3/bin/../lib/gcc/arm-none-eabi/5.4.1/armv7-m/crti.o
 .ARM.attributes
                0x0000001d       0x2d c:/program files (x86)/gnu tools arm embedded/5.4 2016q3/bin/../lib/gcc/arm-none-eabi/5.4.1/armv7-m/crtbegin.o
 .ARM.attributes
                0x0000004a       0x33 ..\obj\stm32l1xx_syscfg.o
 .ARM.attributes
                0x0000007d       0x33 ..\obj\stm32l1xx_exti.o
 .ARM.attributes
                0x000000b0       0x33 ..\obj\stm32l1xx_flash.o
 .ARM.attributes
                0x000000e3       0x33 ..\obj\usbd_desc.o
 .ARM.attributes
                0x00000116       0x33 ..\obj\deca_range_tables.o
 .ARM.attributes
                0x00000149       0x33 ..\obj\usbd_ioreq.o
 .ARM.attributes
                0x0000017c       0x33 ..\obj\usbd_cdc_core.o
 .ARM.attributes
                0x000001af       0x33 ..\obj\deca_spi.o
 .ARM.attributes
                0x000001e2       0x33 ..\obj\instance.o
 .ARM.attributes
                0x00000215       0x33 ..\obj\stm32l1xx_rcc.o
 .ARM.attributes
                0x00000248       0x33 ..\obj\deca_mutex.o
 .ARM.attributes
                0x0000027b       0x33 ..\obj\stm32l1xx_adc.o
 .ARM.attributes
                0x000002ae       0x33 ..\obj\port.o
 .ARM.attributes
                0x000002e1       0x33 ..\obj\deca_device.o
 .ARM.attributes
                0x00000314       0x33 ..\obj\stm32l1xx_it.o
 .ARM.attributes
                0x00000347       0x33 ..\obj\usbd_req.o
 .ARM.attributes
                0x0000037a       0x33 ..\obj\system_stm32l1xx.o
 .ARM.attributes
                0x000003ad       0x33 ..\obj\deca_usb.o
 .ARM.attributes
                0x000003e0       0x33 ..\obj\instance_common.o
 .ARM.attributes
                0x00000413       0x33 ..\obj\deca_params_init.o
 .ARM.attributes
                0x00000446       0x33 ..\obj\instance_calib.o
 .ARM.attributes
                0x00000479       0x33 ..\obj\usb_core.o
 .ARM.attributes
                0x000004ac       0x21 ..\obj\startup_stm32l1xx_xl.o
 .ARM.attributes
                0x000004cd       0x33 ..\obj\main.o
 .ARM.attributes
                0x00000500       0x33 ..\obj\deca_usb_bsp_evk1000.o
 .ARM.attributes
                0x00000533       0x33 ..\obj\syscalls.o
 .ARM.attributes
                0x00000566       0x33 ..\obj\usb_dcd.o
 .ARM.attributes
                0x00000599       0x33 ..\obj\usbd_core.o
 .ARM.attributes
                0x000005cc       0x33 ..\obj\unistd.o
 .ARM.attributes
                0x000005ff       0x33 ..\obj\stm32l1xx_spi.o
 .ARM.attributes
                0x00000632       0x33 ..\obj\misc.o
 .ARM.attributes
                0x00000665       0x33 ..\obj\usbd_usr.o
 .ARM.attributes
                0x00000698       0x33 ..\obj\stm32l1xx_gpio.o
 .ARM.attributes
                0x000006cb       0x1d c:/program files (x86)/gnu tools arm embedded/5.4 2016q3/bin/../lib/gcc/arm-none-eabi/5.4.1/armv7-m\libgcc.a(_arm_addsubdf3.o)
 .ARM.attributes
                0x000006e8       0x1d c:/program files (x86)/gnu tools arm embedded/5.4 2016q3/bin/../lib/gcc/arm-none-eabi/5.4.1/armv7-m\libgcc.a(_arm_muldivdf3.o)
 .ARM.attributes
                0x00000705       0x1d c:/program files (x86)/gnu tools arm embedded/5.4 2016q3/bin/../lib/gcc/arm-none-eabi/5.4.1/armv7-m\libgcc.a(_arm_cmpdf2.o)
 .ARM.attributes
                0x00000722       0x1d c:/program files (x86)/gnu tools arm embedded/5.4 2016q3/bin/../lib/gcc/arm-none-eabi/5.4.1/armv7-m\libgcc.a(_arm_fixdfsi.o)
 .ARM.attributes
                0x0000073f       0x1d c:/program files (x86)/gnu tools arm embedded/5.4 2016q3/bin/../lib/gcc/arm-none-eabi/5.4.1/armv7-m\libgcc.a(_arm_fixunsdfsi.o)
 .ARM.attributes
                0x0000075c       0x1d c:/program files (x86)/gnu tools arm embedded/5.4 2016q3/bin/../lib/gcc/arm-none-eabi/5.4.1/armv7-m\libgcc.a(_arm_truncdfsf2.o)
 .ARM.attributes
                0x00000779       0x1d c:/program files (x86)/gnu tools arm embedded/5.4 2016q3/bin/../lib/gcc/arm-none-eabi/5.4.1/armv7-m\libgcc.a(_arm_addsubsf3.o)
 .ARM.attributes
                0x00000796       0x2d c:/program files (x86)/gnu tools arm embedded/5.4 2016q3/bin/../lib/gcc/arm-none-eabi/5.4.1/armv7-m\libgcc.a(_fixdfdi.o)
 .ARM.attributes
                0x000007c3       0x2d c:/program files (x86)/gnu tools arm embedded/5.4 2016q3/bin/../lib/gcc/arm-none-eabi/5.4.1/armv7-m\libgcc.a(_fixunsdfdi.o)
 .ARM.attributes
                0x000007f0       0x2d c:/program files (x86)/gnu tools arm embedded/5.4 2016q3/bin/../lib/gcc/arm-none-eabi/5.4.1/../../../../arm-none-eabi/lib/armv7-m\libc.a(lib_a-clock.o)
 .ARM.attributes
                0x0000081d       0x2d c:/program files (x86)/gnu tools arm embedded/5.4 2016q3/bin/../lib/gcc/arm-none-eabi/5.4.1/../../../../arm-none-eabi/lib/armv7-m\libc.a(lib_a-memcmp.o)
 .ARM.attributes
                0x0000084a       0x1b c:/program files (x86)/gnu tools arm embedded/5.4 2016q3/bin/../lib/gcc/arm-none-eabi/5.4.1/../../../../arm-none-eabi/lib/armv7-m\libc.a(lib_a-memcpy.o)
 .ARM.attributes
                0x00000865       0x2d c:/program files (x86)/gnu tools arm embedded/5.4 2016q3/bin/../lib/gcc/arm-none-eabi/5.4.1/../../../../arm-none-eabi/lib/armv7-m\libc.a(lib_a-reent.o)
 .ARM.attributes
                0x00000892       0x2d c:/program files (x86)/gnu tools arm embedded/5.4 2016q3/bin/../lib/gcc/arm-none-eabi/5.4.1/../../../../arm-none-eabi/lib/armv7-m\libc.a(lib_a-sprintf.o)
 .ARM.attributes
                0x000008bf       0x2d c:/program files (x86)/gnu tools arm embedded/5.4 2016q3/bin/../lib/gcc/arm-none-eabi/5.4.1/../../../../arm-none-eabi/lib/armv7-m\libc.a(lib_a-strlen-stub.o)
 .ARM.attributes
                0x000008ec       0x2d c:/program files (x86)/gnu tools arm embedded/5.4 2016q3/bin/../lib/gcc/arm-none-eabi/5.4.1/../../../../arm-none-eabi/lib/armv7-m\libc.a(lib_a-svfprintf.o)
 .ARM.attributes
                0x00000919       0x2d c:/program files (x86)/gnu tools arm embedded/5.4 2016q3/bin/../lib/gcc/arm-none-eabi/5.4.1/../../../../arm-none-eabi/lib/armv7-m\libc.a(lib_a-dtoa.o)
 .ARM.attributes
                0x00000946       0x2d c:/program files (x86)/gnu tools arm embedded/5.4 2016q3/bin/../lib/gcc/arm-none-eabi/5.4.1/../../../../arm-none-eabi/lib/armv7-m\libc.a(lib_a-freer.o)
 .ARM.attributes
                0x00000973       0x2d c:/program files (x86)/gnu tools arm embedded/5.4 2016q3/bin/../lib/gcc/arm-none-eabi/5.4.1/../../../../arm-none-eabi/lib/armv7-m\libc.a(lib_a-localeconv.o)
 .ARM.attributes
                0x000009a0       0x2d c:/program files (x86)/gnu tools arm embedded/5.4 2016q3/bin/../lib/gcc/arm-none-eabi/5.4.1/../../../../arm-none-eabi/lib/armv7-m\libc.a(lib_a-mallocr.o)
 .ARM.attributes
                0x000009cd       0x2d c:/program files (x86)/gnu tools arm embedded/5.4 2016q3/bin/../lib/gcc/arm-none-eabi/5.4.1/../../../../arm-none-eabi/lib/armv7-m\libc.a(lib_a-memchr-stub.o)
 .ARM.attributes
                0x000009fa       0x2d c:/program files (x86)/gnu tools arm embedded/5.4 2016q3/bin/../lib/gcc/arm-none-eabi/5.4.1/../../../../arm-none-eabi/lib/armv7-m\libc.a(lib_a-memmove.o)
 .ARM.attributes
                0x00000a27       0x2d c:/program files (x86)/gnu tools arm embedded/5.4 2016q3/bin/../lib/gcc/arm-none-eabi/5.4.1/../../../../arm-none-eabi/lib/armv7-m\libc.a(lib_a-mlock.o)
 .ARM.attributes
                0x00000a54       0x2d c:/program files (x86)/gnu tools arm embedded/5.4 2016q3/bin/../lib/gcc/arm-none-eabi/5.4.1/../../../../arm-none-eabi/lib/armv7-m\libc.a(lib_a-mprec.o)
 .ARM.attributes
                0x00000a81       0x2d c:/program files (x86)/gnu tools arm embedded/5.4 2016q3/bin/../lib/gcc/arm-none-eabi/5.4.1/../../../../arm-none-eabi/lib/armv7-m\libc.a(lib_a-reallocr.o)
 .ARM.attributes
                0x00000aae       0x2d c:/program files (x86)/gnu tools arm embedded/5.4 2016q3/bin/../lib/gcc/arm-none-eabi/5.4.1/../../../../arm-none-eabi/lib/armv7-m\libc.a(lib_a-sbrkr.o)
 .ARM.attributes
                0x00000adb       0x2d c:/program files (x86)/gnu tools arm embedded/5.4 2016q3/bin/../lib/gcc/arm-none-eabi/5.4.1/../../../../arm-none-eabi/lib/armv7-m\libc.a(lib_a-svfiprintf.o)
 .ARM.attributes
                0x00000b08       0x2d c:/program files (x86)/gnu tools arm embedded/5.4 2016q3/bin/../lib/gcc/arm-none-eabi/5.4.1/../../../../arm-none-eabi/lib/armv7-m\libc.a(lib_a-callocr.o)
 .ARM.attributes
                0x00000b35       0x2d c:/program files (x86)/gnu tools arm embedded/5.4 2016q3/bin/../lib/gcc/arm-none-eabi/5.4.1/../../../../arm-none-eabi/lib/armv7-m\libc.a(lib_a-locale.o)
 .ARM.attributes
                0x00000b62       0x2d c:/program files (x86)/gnu tools arm embedded/5.4 2016q3/bin/../lib/gcc/arm-none-eabi/5.4.1/../../../../arm-none-eabi/lib/armv7-m\libc.a(lib_a-mbtowc_r.o)
 .ARM.attributes
                0x00000b8f       0x2d c:/program files (x86)/gnu tools arm embedded/5.4 2016q3/bin/../lib/gcc/arm-none-eabi/5.4.1/../../../../arm-none-eabi/lib/armv7-m\libc.a(lib_a-wctomb_r.o)
 .ARM.attributes
                0x00000bbc       0x2d c:/program files (x86)/gnu tools arm embedded/5.4 2016q3/bin/../lib/gcc/arm-none-eabi/5.4.1/../../../../arm-none-eabi/lib/armv7-m\libc.a(lib_a-ctype_.o)
 .ARM.attributes
                0x00000be9       0x1d c:/program files (x86)/gnu tools arm embedded/5.4 2016q3/bin/../lib/gcc/arm-none-eabi/5.4.1/armv7-m\libgcc.a(_arm_unorddf2.o)
 .ARM.attributes
                0x00000c06       0x1d c:/program files (x86)/gnu tools arm embedded/5.4 2016q3/bin/../lib/gcc/arm-none-eabi/5.4.1/armv7-m\libgcc.a(_aeabi_uldivmod.o)
 .ARM.attributes
                0x00000c23       0x2d c:/program files (x86)/gnu tools arm embedded/5.4 2016q3/bin/../lib/gcc/arm-none-eabi/5.4.1/armv7-m\libgcc.a(_udivmoddi4.o)
 .ARM.attributes
                0x00000c50       0x1d c:/program files (x86)/gnu tools arm embedded/5.4 2016q3/bin/../lib/gcc/arm-none-eabi/5.4.1/armv7-m\libgcc.a(_dvmd_tls.o)
 .ARM.attributes
                0x00000c6d       0x1d c:/program files (x86)/gnu tools arm embedded/5.4 2016q3/bin/../lib/gcc/arm-none-eabi/5.4.1/armv7-m/crtn.o
LOAD ..\obj\stm32l1xx_syscfg.o
LOAD ..\obj\stm32l1xx_dma.o
LOAD ..\obj\stm32l1xx_exti.o
LOAD ..\obj\stm32l1xx_flash.o
LOAD ..\obj\usbd_desc.o
LOAD ..\obj\deca_range_tables.o
LOAD ..\obj\stm32l1xx_crc.o
LOAD ..\obj\usbd_ioreq.o
LOAD ..\obj\usbd_cdc_core.o
LOAD ..\obj\deca_spi.o
LOAD ..\obj\stm32l1xx_rtc.o
LOAD ..\obj\stm32l1xx_dac.o
LOAD ..\obj\stm32l1xx_lcd.o
LOAD ..\obj\instance.o
LOAD ..\obj\stm32l1xx_rcc.o
LOAD ..\obj\deca_mutex.o
LOAD ..\obj\stm32l1xx_sdio.o
LOAD ..\obj\stm32l1xx_tim.o
LOAD ..\obj\stm32l1xx_aes.o
LOAD ..\obj\usb_hcd_int.o
LOAD ..\obj\stm32l1xx_adc.o
LOAD ..\obj\port.o
LOAD ..\obj\deca_device.o
LOAD ..\obj\stm32l1xx_it.o
LOAD ..\obj\usbd_req.o
LOAD ..\obj\stm32l1xx_flash_ramfunc.o
LOAD ..\obj\system_stm32l1xx.o
LOAD ..\obj\deca_usb.o
LOAD ..\obj\stm32l1xx_dbgmcu.o
LOAD ..\obj\instance_common.o
LOAD ..\obj\deca_params_init.o
LOAD ..\obj\instance_calib.o
LOAD ..\obj\usb_core.o
LOAD ..\obj\startup_stm32l1xx_xl.o
LOAD ..\obj\stm32l1xx_wwdg.o
LOAD ..\obj\usb_hcd.o
LOAD ..\obj\main.o
LOAD ..\obj\stm32l1xx_i2c.o
LOAD ..\obj\stm32l1xx_comp.o
LOAD ..\obj\usb_dcd_int.o
LOAD ..\obj\deca_usb_bsp_evk1000.o
LOAD ..\obj\syscalls.o
LOAD ..\obj\stm32l1xx_usart.o
LOAD ..\obj\usb_dcd.o
LOAD ..\obj\usbd_core.o
LOAD ..\obj\stm32l1xx_iwdg.o
LOAD ..\obj\unistd.o
LOAD ..\obj\core_cm3.o
LOAD ..\obj\stm32l1xx_aes_util.o
LOAD ..\obj\stm32l1xx_fsmc.o
LOAD ..\obj\dma_spi.o
LOAD ..\obj\stm32l1xx_pwr.o
LOAD ..\obj\stm32l1xx_opamp.o
LOAD ..\obj\stm32l1xx_spi.o
LOAD ..\obj\misc.o
LOAD ..\obj\usbd_usr.o
LOAD ..\obj\stm32l1xx_gpio.o
LOAD c:/program files (x86)/gnu tools arm embedded/5.4 2016q3/bin/../lib/gcc/arm-none-eabi/5.4.1/../../../../arm-none-eabi/lib/armv7-m\libm.a
LOAD c:/program files (x86)/gnu tools arm embedded/5.4 2016q3/bin/../lib/gcc/arm-none-eabi/5.4.1/armv7-m\libgcc.a
LOAD c:/program files (x86)/gnu tools arm embedded/5.4 2016q3/bin/../lib/gcc/arm-none-eabi/5.4.1/../../../../arm-none-eabi/lib/armv7-m\libc.a
START GROUP
LOAD c:/program files (x86)/gnu tools arm embedded/5.4 2016q3/bin/../lib/gcc/arm-none-eabi/5.4.1/armv7-m\libgcc.a
LOAD c:/program files (x86)/gnu tools arm embedded/5.4 2016q3/bin/../lib/gcc/arm-none-eabi/5.4.1/../../../../arm-none-eabi/lib/armv7-m\libg.a
LOAD c:/program files (x86)/gnu tools arm embedded/5.4 2016q3/bin/../lib/gcc/arm-none-eabi/5.4.1/../../../../arm-none-eabi/lib/armv7-m\libc.a
END GROUP
LOAD c:/program files (x86)/gnu tools arm embedded/5.4 2016q3/bin/../lib/gcc/arm-none-eabi/5.4.1/armv7-m/crtend.o
LOAD c:/program files (x86)/gnu tools arm embedded/5.4 2016q3/bin/../lib/gcc/arm-none-eabi/5.4.1/armv7-m/crtn.o
OUTPUT(Projet_Sur_Nucleo.elf elf32-littlearm)

.debug_info     0x00000000    0x18ac0
 .debug_info    0x00000000      0x4f9 ..\obj\stm32l1xx_syscfg.o
 .debug_info    0x000004f9      0x348 ..\obj\stm32l1xx_exti.o
 .debug_info    0x00000841      0xdec ..\obj\stm32l1xx_flash.o
 .debug_info    0x0000162d      0x363 ..\obj\usbd_desc.o
 .debug_info    0x00001990      0x21e ..\obj\deca_range_tables.o
 .debug_info    0x00001bae      0xcec ..\obj\usbd_ioreq.o
 .debug_info    0x0000289a      0xf27 ..\obj\usbd_cdc_core.o
 .debug_info    0x000037c1      0x491 ..\obj\deca_spi.o
 .debug_info    0x00003c52     0x1355 ..\obj\instance.o
 .debug_info    0x00004fa7      0xa25 ..\obj\stm32l1xx_rcc.o
 .debug_info    0x000059cc      0x460 ..\obj\deca_mutex.o
 .debug_info    0x00005e2c      0xcb1 ..\obj\stm32l1xx_adc.o
 .debug_info    0x00006add      0xfe5 ..\obj\port.o
 .debug_info    0x00007ac2     0x194d ..\obj\deca_device.o
 .debug_info    0x0000940f      0xcc0 ..\obj\stm32l1xx_it.o
 .debug_info    0x0000a0cf      0xff0 ..\obj\usbd_req.o
 .debug_info    0x0000b0bf      0x571 ..\obj\system_stm32l1xx.o
 .debug_info    0x0000b630     0x20b9 ..\obj\deca_usb.o
 .debug_info    0x0000d6e9     0x1937 ..\obj\instance_common.o
 .debug_info    0x0000f020      0x282 ..\obj\deca_params_init.o
 .debug_info    0x0000f2a2      0xdf4 ..\obj\instance_calib.o
 .debug_info    0x00010096     0x24a0 ..\obj\usb_core.o
 .debug_info    0x00012536      0x111 ..\obj\startup_stm32l1xx_xl.o
 .debug_info    0x00012647     0x1608 ..\obj\main.o
 .debug_info    0x00013c4f     0x1029 ..\obj\deca_usb_bsp_evk1000.o
 .debug_info    0x00014c78      0x5e1 ..\obj\syscalls.o
 .debug_info    0x00015259     0x1054 ..\obj\usb_dcd.o
 .debug_info    0x000162ad     0x1067 ..\obj\usbd_core.o
 .debug_info    0x00017314      0x130 ..\obj\unistd.o
 .debug_info    0x00017444      0x8ef ..\obj\stm32l1xx_spi.o
 .debug_info    0x00017d33      0x556 ..\obj\misc.o
 .debug_info    0x00018289      0x1cb ..\obj\usbd_usr.o
 .debug_info    0x00018454      0x66c ..\obj\stm32l1xx_gpio.o

.debug_abbrev   0x00000000     0x3b61
 .debug_abbrev  0x00000000      0x178 ..\obj\stm32l1xx_syscfg.o
 .debug_abbrev  0x00000178      0x1a9 ..\obj\stm32l1xx_exti.o
 .debug_abbrev  0x00000321      0x1c8 ..\obj\stm32l1xx_flash.o
 .debug_abbrev  0x000004e9      0x12c ..\obj\usbd_desc.o
 .debug_abbrev  0x00000615       0xca ..\obj\deca_range_tables.o
 .debug_abbrev  0x000006df      0x1b1 ..\obj\usbd_ioreq.o
 .debug_abbrev  0x00000890      0x217 ..\obj\usbd_cdc_core.o
 .debug_abbrev  0x00000aa7      0x16b ..\obj\deca_spi.o
 .debug_abbrev  0x00000c12      0x292 ..\obj\instance.o
 .debug_abbrev  0x00000ea4      0x1e5 ..\obj\stm32l1xx_rcc.o
 .debug_abbrev  0x00001089      0x14f ..\obj\deca_mutex.o
 .debug_abbrev  0x000011d8      0x180 ..\obj\stm32l1xx_adc.o
 .debug_abbrev  0x00001358      0x2f9 ..\obj\port.o
 .debug_abbrev  0x00001651      0x292 ..\obj\deca_device.o
 .debug_abbrev  0x000018e3      0x1d8 ..\obj\stm32l1xx_it.o
 .debug_abbrev  0x00001abb      0x2a6 ..\obj\usbd_req.o
 .debug_abbrev  0x00001d61      0x147 ..\obj\system_stm32l1xx.o
 .debug_abbrev  0x00001ea8      0x3b2 ..\obj\deca_usb.o
 .debug_abbrev  0x0000225a      0x2ee ..\obj\instance_common.o
 .debug_abbrev  0x00002548       0x79 ..\obj\deca_params_init.o
 .debug_abbrev  0x000025c1      0x1b6 ..\obj\instance_calib.o
 .debug_abbrev  0x00002777      0x2eb ..\obj\usb_core.o
 .debug_abbrev  0x00002a62       0x12 ..\obj\startup_stm32l1xx_xl.o
 .debug_abbrev  0x00002a74      0x2a8 ..\obj\main.o
 .debug_abbrev  0x00002d1c      0x202 ..\obj\deca_usb_bsp_evk1000.o
 .debug_abbrev  0x00002f1e      0x19b ..\obj\syscalls.o
 .debug_abbrev  0x000030b9      0x25b ..\obj\usb_dcd.o
 .debug_abbrev  0x00003314      0x277 ..\obj\usbd_core.o
 .debug_abbrev  0x0000358b       0x8b ..\obj\unistd.o
 .debug_abbrev  0x00003616      0x180 ..\obj\stm32l1xx_spi.o
 .debug_abbrev  0x00003796      0x147 ..\obj\misc.o
 .debug_abbrev  0x000038dd       0xdd ..\obj\usbd_usr.o
 .debug_abbrev  0x000039ba      0x1a7 ..\obj\stm32l1xx_gpio.o

.debug_aranges  0x00000000     0x1428
 .debug_aranges
                0x00000000       0x80 ..\obj\stm32l1xx_syscfg.o
 .debug_aranges
                0x00000080       0x58 ..\obj\stm32l1xx_exti.o
 .debug_aranges
                0x000000d8      0x190 ..\obj\stm32l1xx_flash.o
 .debug_aranges
                0x00000268       0x50 ..\obj\usbd_desc.o
 .debug_aranges
                0x000002b8       0x20 ..\obj\deca_range_tables.o
 .debug_aranges